[2025-02-11T06:08:25.688+0000][gc,init] CardTable entry size: 512
[2025-02-11T06:08:25.688+0000][gc     ] Using G1
[2025-02-11T06:08:25.705+0000][gc,init] Version: 21.0.5+11-Ubuntu-1ubuntu124.04 (release)
[2025-02-11T06:08:25.705+0000][gc,init] CPUs: 4 total, 4 available
[2025-02-11T06:08:25.705+0000][gc,init] Memory: 16002M
[2025-02-11T06:08:25.705+0000][gc,init] Large Page Support: Disabled
[2025-02-11T06:08:25.705+0000][gc,init] NUMA Support: Disabled
[2025-02-11T06:08:25.705+0000][gc,init] Compressed Oops: Enabled (32-bit)
[2025-02-11T06:08:25.705+0000][gc,init] Heap Region Size: 1M
[2025-02-11T06:08:25.705+0000][gc,init] Heap Min Capacity: 1G
[2025-02-11T06:08:25.705+0000][gc,init] Heap Initial Capacity: 1G
[2025-02-11T06:08:25.705+0000][gc,init] Heap Max Capacity: 1G
[2025-02-11T06:08:25.705+0000][gc,init] Pre-touch: Disabled
[2025-02-11T06:08:25.705+0000][gc,init] Parallel Workers: 4
[2025-02-11T06:08:25.705+0000][gc,init] Concurrent Workers: 1
[2025-02-11T06:08:25.705+0000][gc,init] Concurrent Refinement Workers: 4
[2025-02-11T06:08:25.705+0000][gc,init] Periodic GC: Disabled
[2025-02-11T06:08:25.717+0000][gc,metaspace] CDS archive(s) mapped at: [0x00007dcff7000000-0x00007dcff7c97000-0x00007dcff7c97000), size 13201408, SharedBaseAddress: 0x00007dcff7000000, ArchiveRelocationMode: 1.
[2025-02-11T06:08:25.717+0000][gc,metaspace] Compressed class space mapped at: 0x00007dcff8000000-0x00007dd038000000, reserved size: 1073741824
[2025-02-11T06:08:25.717+0000][gc,metaspace] Narrow klass base: 0x00007dcff7000000, Narrow klass shift: 0, Narrow klass range: 0x100000000
[2025-02-11T06:08:27.238+0000][gc,start    ] GC(0) Pause Young (Normal) (G1 Evacuation Pause)
[2025-02-11T06:08:27.239+0000][gc,task     ] GC(0) Using 4 workers of 4 for evacuation
[2025-02-11T06:08:27.249+0000][gc,phases   ] GC(0)   Pre Evacuate Collection Set: 0.4ms
[2025-02-11T06:08:27.249+0000][gc,phases   ] GC(0)   Merge Heap Roots: 0.1ms
[2025-02-11T06:08:27.249+0000][gc,phases   ] GC(0)   Evacuate Collection Set: 8.1ms
[2025-02-11T06:08:27.249+0000][gc,phases   ] GC(0)   Post Evacuate Collection Set: 1.4ms
[2025-02-11T06:08:27.249+0000][gc,phases   ] GC(0)   Other: 0.8ms
[2025-02-11T06:08:27.249+0000][gc,heap     ] GC(0) Eden regions: 51->0(44)
[2025-02-11T06:08:27.249+0000][gc,heap     ] GC(0) Survivor regions: 0->7(7)
[2025-02-11T06:08:27.249+0000][gc,heap     ] GC(0) Old regions: 2->3
[2025-02-11T06:08:27.249+0000][gc,heap     ] GC(0) Humongous regions: 0->0
[2025-02-11T06:08:27.249+0000][gc,metaspace] GC(0) Metaspace: 19171K(19392K)->19171K(19392K) NonClass: 16974K(17088K)->16974K(17088K) Class: 2196K(2304K)->2196K(2304K)
[2025-02-11T06:08:27.249+0000][gc          ] GC(0) Pause Young (Normal) (G1 Evacuation Pause) 52M->8M(1024M) 11.474ms
[2025-02-11T06:08:27.249+0000][gc,cpu      ] GC(0) User=0.02s Sys=0.01s Real=0.01s
[2025-02-11T06:08:27.461+0000][gc,start    ] GC(1) Pause Young (Concurrent Start) (Metadata GC Threshold)
[2025-02-11T06:08:27.461+0000][gc,task     ] GC(1) Using 4 workers of 4 for evacuation
[2025-02-11T06:08:27.473+0000][gc,phases   ] GC(1)   Pre Evacuate Collection Set: 0.5ms
[2025-02-11T06:08:27.473+0000][gc,phases   ] GC(1)   Merge Heap Roots: 0.1ms
[2025-02-11T06:08:27.473+0000][gc,phases   ] GC(1)   Evacuate Collection Set: 10.3ms
[2025-02-11T06:08:27.473+0000][gc,phases   ] GC(1)   Post Evacuate Collection Set: 1.0ms
[2025-02-11T06:08:27.473+0000][gc,phases   ] GC(1)   Other: 0.2ms
[2025-02-11T06:08:27.473+0000][gc,heap     ] GC(1) Eden regions: 9->0(50)
[2025-02-11T06:08:27.473+0000][gc,heap     ] GC(1) Survivor regions: 7->1(7)
[2025-02-11T06:08:27.473+0000][gc,heap     ] GC(1) Old regions: 3->10
[2025-02-11T06:08:27.473+0000][gc,heap     ] GC(1) Humongous regions: 0->0
[2025-02-11T06:08:27.473+0000][gc,metaspace] GC(1) Metaspace: 21298K(21504K)->21298K(21504K) NonClass: 18826K(18944K)->18826K(18944K) Class: 2471K(2560K)->2471K(2560K)
[2025-02-11T06:08:27.474+0000][gc          ] GC(1) Pause Young (Concurrent Start) (Metadata GC Threshold) 16M->9M(1024M) 12.313ms
[2025-02-11T06:08:27.474+0000][gc,cpu      ] GC(1) User=0.04s Sys=0.01s Real=0.02s
[2025-02-11T06:08:27.474+0000][gc          ] GC(2) Concurrent Mark Cycle
[2025-02-11T06:08:27.474+0000][gc,marking  ] GC(2) Concurrent Scan Root Regions
[2025-02-11T06:08:27.481+0000][gc,marking  ] GC(2) Concurrent Scan Root Regions 6.810ms
[2025-02-11T06:08:27.481+0000][gc,marking  ] GC(2) Concurrent Mark
[2025-02-11T06:08:27.481+0000][gc,marking  ] GC(2) Concurrent Mark From Roots
[2025-02-11T06:08:27.481+0000][gc,task     ] GC(2) Using 1 workers of 1 for marking
[2025-02-11T06:08:27.484+0000][gc,marking  ] GC(2) Concurrent Mark From Roots 3.698ms
[2025-02-11T06:08:27.484+0000][gc,marking  ] GC(2) Concurrent Preclean
[2025-02-11T06:08:27.484+0000][gc,marking  ] GC(2) Concurrent Preclean 0.016ms
[2025-02-11T06:08:27.485+0000][gc,start    ] GC(2) Pause Remark
[2025-02-11T06:08:27.488+0000][gc          ] GC(2) Pause Remark 9M->9M(1024M) 3.750ms
[2025-02-11T06:08:27.488+0000][gc,cpu      ] GC(2) User=0.00s Sys=0.00s Real=0.00s
[2025-02-11T06:08:27.489+0000][gc,marking  ] GC(2) Concurrent Mark 7.927ms
[2025-02-11T06:08:27.489+0000][gc,marking  ] GC(2) Concurrent Rebuild Remembered Sets and Scrub Regions
[2025-02-11T06:08:27.495+0000][gc,marking  ] GC(2) Concurrent Rebuild Remembered Sets and Scrub Regions 6.525ms
[2025-02-11T06:08:27.496+0000][gc,start    ] GC(2) Pause Cleanup
[2025-02-11T06:08:27.496+0000][gc          ] GC(2) Pause Cleanup 9M->9M(1024M) 0.407ms
[2025-02-11T06:08:27.496+0000][gc,cpu      ] GC(2) User=0.01s Sys=0.00s Real=0.00s
[2025-02-11T06:08:27.496+0000][gc,marking  ] GC(2) Concurrent Clear Claimed Marks
[2025-02-11T06:08:27.496+0000][gc,marking  ] GC(2) Concurrent Clear Claimed Marks 0.033ms
[2025-02-11T06:08:27.496+0000][gc,marking  ] GC(2) Concurrent Cleanup for Next Mark
[2025-02-11T06:08:27.511+0000][gc,marking  ] GC(2) Concurrent Cleanup for Next Mark 15.199ms
[2025-02-11T06:08:27.511+0000][gc          ] GC(2) Concurrent Mark Cycle 37.577ms
[2025-02-11T06:08:28.861+0000][gc,start    ] GC(3) Pause Young (Prepare Mixed) (G1 Evacuation Pause)
[2025-02-11T06:08:28.861+0000][gc,task     ] GC(3) Using 4 workers of 4 for evacuation
[2025-02-11T06:08:28.871+0000][gc,phases   ] GC(3)   Pre Evacuate Collection Set: 0.4ms
[2025-02-11T06:08:28.871+0000][gc,phases   ] GC(3)   Merge Heap Roots: 0.2ms
[2025-02-11T06:08:28.871+0000][gc,phases   ] GC(3)   Evacuate Collection Set: 7.5ms
[2025-02-11T06:08:28.871+0000][gc,phases   ] GC(3)   Post Evacuate Collection Set: 0.9ms
[2025-02-11T06:08:28.871+0000][gc,phases   ] GC(3)   Other: 0.1ms
[2025-02-11T06:08:28.871+0000][gc,heap     ] GC(3) Eden regions: 50->0(45)
[2025-02-11T06:08:28.871+0000][gc,heap     ] GC(3) Survivor regions: 1->6(7)
[2025-02-11T06:08:28.871+0000][gc,heap     ] GC(3) Old regions: 10->10
[2025-02-11T06:08:28.871+0000][gc,heap     ] GC(3) Humongous regions: 129->129
[2025-02-11T06:08:28.871+0000][gc,metaspace] GC(3) Metaspace: 32372K(32704K)->32372K(32704K) NonClass: 28805K(28992K)->28805K(28992K) Class: 3566K(3712K)->3566K(3712K)
[2025-02-11T06:08:28.871+0000][gc          ] GC(3) Pause Young (Prepare Mixed) (G1 Evacuation Pause) 188M->142M(1024M) 9.351ms
[2025-02-11T06:08:28.871+0000][gc,cpu      ] GC(3) User=0.04s Sys=0.00s Real=0.01s
[2025-02-11T06:08:29.202+0000][gc,start    ] GC(4) Pause Young (Mixed) (Metadata GC Threshold)
[2025-02-11T06:08:29.202+0000][gc,task     ] GC(4) Using 4 workers of 4 for evacuation
[2025-02-11T06:08:29.214+0000][gc,phases   ] GC(4)   Pre Evacuate Collection Set: 0.4ms
[2025-02-11T06:08:29.214+0000][gc,phases   ] GC(4)   Merge Heap Roots: 0.1ms
[2025-02-11T06:08:29.214+0000][gc,phases   ] GC(4)   Evacuate Collection Set: 10.5ms
[2025-02-11T06:08:29.214+0000][gc,phases   ] GC(4)   Post Evacuate Collection Set: 0.7ms
[2025-02-11T06:08:29.214+0000][gc,phases   ] GC(4)   Other: 0.1ms
[2025-02-11T06:08:29.214+0000][gc,heap     ] GC(4) Eden regions: 14->0(49)
[2025-02-11T06:08:29.214+0000][gc,heap     ] GC(4) Survivor regions: 6->2(7)
[2025-02-11T06:08:29.214+0000][gc,heap     ] GC(4) Old regions: 10->14
[2025-02-11T06:08:29.214+0000][gc,heap     ] GC(4) Humongous regions: 129->129
[2025-02-11T06:08:29.214+0000][gc,metaspace] GC(4) Metaspace: 35618K(35968K)->35618K(35968K) NonClass: 31703K(31872K)->31703K(31872K) Class: 3914K(4096K)->3914K(4096K)
[2025-02-11T06:08:29.214+0000][gc          ] GC(4) Pause Young (Mixed) (Metadata GC Threshold) 156M->144M(1024M) 12.039ms
[2025-02-11T06:08:29.214+0000][gc,cpu      ] GC(4) User=0.04s Sys=0.00s Real=0.02s
[2025-02-11T06:08:29.241+0000][gc,start    ] GC(5) Pause Young (Concurrent Start) (Metadata GC Threshold)
[2025-02-11T06:08:29.241+0000][gc,task     ] GC(5) Using 4 workers of 4 for evacuation
[2025-02-11T06:08:29.245+0000][gc,phases   ] GC(5)   Pre Evacuate Collection Set: 0.4ms
[2025-02-11T06:08:29.245+0000][gc,phases   ] GC(5)   Merge Heap Roots: 0.2ms
[2025-02-11T06:08:29.245+0000][gc,phases   ] GC(5)   Evacuate Collection Set: 2.1ms
[2025-02-11T06:08:29.245+0000][gc,phases   ] GC(5)   Post Evacuate Collection Set: 0.5ms
[2025-02-11T06:08:29.245+0000][gc,phases   ] GC(5)   Other: 0.2ms
[2025-02-11T06:08:29.245+0000][gc,heap     ] GC(5) Eden regions: 2->0(49)
[2025-02-11T06:08:29.245+0000][gc,heap     ] GC(5) Survivor regions: 2->2(7)
[2025-02-11T06:08:29.245+0000][gc,heap     ] GC(5) Old regions: 14->14
[2025-02-11T06:08:29.245+0000][gc,heap     ] GC(5) Humongous regions: 129->129
[2025-02-11T06:08:29.245+0000][gc,metaspace] GC(5) Metaspace: 35940K(36288K)->35940K(36288K) NonClass: 31966K(32192K)->31966K(32192K) Class: 3974K(4096K)->3974K(4096K)
[2025-02-11T06:08:29.245+0000][gc          ] GC(5) Pause Young (Concurrent Start) (Metadata GC Threshold) 145M->143M(1024M) 3.714ms
[2025-02-11T06:08:29.245+0000][gc,cpu      ] GC(5) User=0.01s Sys=0.00s Real=0.01s
[2025-02-11T06:08:29.245+0000][gc          ] GC(6) Concurrent Mark Cycle
[2025-02-11T06:08:29.245+0000][gc,marking  ] GC(6) Concurrent Scan Root Regions
[2025-02-11T06:08:29.248+0000][gc,marking  ] GC(6) Concurrent Scan Root Regions 2.735ms
[2025-02-11T06:08:29.248+0000][gc,marking  ] GC(6) Concurrent Mark
[2025-02-11T06:08:29.248+0000][gc,marking  ] GC(6) Concurrent Mark From Roots
[2025-02-11T06:08:29.248+0000][gc,task     ] GC(6) Using 1 workers of 1 for marking
[2025-02-11T06:08:29.286+0000][gc,marking  ] GC(6) Concurrent Mark From Roots 37.870ms
[2025-02-11T06:08:29.286+0000][gc,marking  ] GC(6) Concurrent Preclean
[2025-02-11T06:08:29.286+0000][gc,marking  ] GC(6) Concurrent Preclean 0.107ms
[2025-02-11T06:08:29.286+0000][gc,start    ] GC(6) Pause Remark
[2025-02-11T06:08:29.291+0000][gc          ] GC(6) Pause Remark 145M->145M(1024M) 4.539ms
[2025-02-11T06:08:29.291+0000][gc,cpu      ] GC(6) User=0.02s Sys=0.00s Real=0.00s
[2025-02-11T06:08:29.291+0000][gc,marking  ] GC(6) Concurrent Mark 42.881ms
[2025-02-11T06:08:29.291+0000][gc,marking  ] GC(6) Concurrent Rebuild Remembered Sets and Scrub Regions
[2025-02-11T06:08:29.308+0000][gc,marking  ] GC(6) Concurrent Rebuild Remembered Sets and Scrub Regions 16.666ms
[2025-02-11T06:08:29.308+0000][gc,start    ] GC(6) Pause Cleanup
[2025-02-11T06:08:29.308+0000][gc          ] GC(6) Pause Cleanup 146M->146M(1024M) 0.414ms
[2025-02-11T06:08:29.308+0000][gc,cpu      ] GC(6) User=0.01s Sys=0.00s Real=0.00s
[2025-02-11T06:08:29.309+0000][gc,marking  ] GC(6) Concurrent Clear Claimed Marks
[2025-02-11T06:08:29.309+0000][gc,marking  ] GC(6) Concurrent Clear Claimed Marks 0.052ms
[2025-02-11T06:08:29.309+0000][gc,marking  ] GC(6) Concurrent Cleanup for Next Mark
[2025-02-11T06:08:29.312+0000][gc,marking  ] GC(6) Concurrent Cleanup for Next Mark 3.183ms
[2025-02-11T06:08:29.312+0000][gc          ] GC(6) Concurrent Mark Cycle 66.651ms
[2025-02-11T06:09:19.202+0000][gc,start    ] GC(7) Pause Young (Prepare Mixed) (G1 Evacuation Pause)
[2025-02-11T06:09:19.202+0000][gc,task     ] GC(7) Using 4 workers of 4 for evacuation
[2025-02-11T06:09:19.212+0000][gc,phases   ] GC(7)   Pre Evacuate Collection Set: 0.5ms
[2025-02-11T06:09:19.212+0000][gc,phases   ] GC(7)   Merge Heap Roots: 0.1ms
[2025-02-11T06:09:19.212+0000][gc,phases   ] GC(7)   Evacuate Collection Set: 8.8ms
[2025-02-11T06:09:19.212+0000][gc,phases   ] GC(7)   Post Evacuate Collection Set: 1.2ms
[2025-02-11T06:09:19.212+0000][gc,phases   ] GC(7)   Other: 0.1ms
[2025-02-11T06:09:19.213+0000][gc,heap     ] GC(7) Eden regions: 49->0(47)
[2025-02-11T06:09:19.213+0000][gc,heap     ] GC(7) Survivor regions: 2->4(7)
[2025-02-11T06:09:19.213+0000][gc,heap     ] GC(7) Old regions: 14->14
[2025-02-11T06:09:19.213+0000][gc,heap     ] GC(7) Humongous regions: 159->129
[2025-02-11T06:09:19.213+0000][gc,metaspace] GC(7) Metaspace: 41129K(41664K)->41129K(41664K) NonClass: 36415K(36736K)->36415K(36736K) Class: 4714K(4928K)->4714K(4928K)
[2025-02-11T06:09:19.213+0000][gc          ] GC(7) Pause Young (Prepare Mixed) (G1 Evacuation Pause) 222M->146M(1024M) 11.076ms
[2025-02-11T06:09:19.213+0000][gc,cpu      ] GC(7) User=0.04s Sys=0.00s Real=0.01s
[2025-02-11T06:11:24.838+0000][gc,start    ] GC(8) Pause Young (Mixed) (G1 Evacuation Pause)
[2025-02-11T06:11:24.839+0000][gc,task     ] GC(8) Using 4 workers of 4 for evacuation
[2025-02-11T06:11:24.849+0000][gc,phases   ] GC(8)   Pre Evacuate Collection Set: 0.6ms
[2025-02-11T06:11:24.849+0000][gc,phases   ] GC(8)   Merge Heap Roots: 0.1ms
[2025-02-11T06:11:24.849+0000][gc,phases   ] GC(8)   Evacuate Collection Set: 8.9ms
[2025-02-11T06:11:24.849+0000][gc,phases   ] GC(8)   Post Evacuate Collection Set: 1.1ms
[2025-02-11T06:11:24.849+0000][gc,phases   ] GC(8)   Other: 0.1ms
[2025-02-11T06:11:24.849+0000][gc,heap     ] GC(8) Eden regions: 47->0(46)
[2025-02-11T06:11:24.849+0000][gc,heap     ] GC(8) Survivor regions: 4->5(7)
[2025-02-11T06:11:24.849+0000][gc,heap     ] GC(8) Old regions: 14->15
[2025-02-11T06:11:24.849+0000][gc,heap     ] GC(8) Humongous regions: 129->129
[2025-02-11T06:11:24.849+0000][gc,metaspace] GC(8) Metaspace: 41767K(42368K)->41767K(42368K) NonClass: 36996K(37376K)->36996K(37376K) Class: 4770K(4992K)->4770K(4992K)
[2025-02-11T06:11:24.850+0000][gc          ] GC(8) Pause Young (Mixed) (G1 Evacuation Pause) 193M->147M(1024M) 11.102ms
[2025-02-11T06:11:24.850+0000][gc,cpu      ] GC(8) User=0.04s Sys=0.00s Real=0.01s
[2025-02-11T06:18:28.953+0000][gc,start    ] GC(9) Pause Young (Normal) (G1 Evacuation Pause)
[2025-02-11T06:18:28.953+0000][gc,task     ] GC(9) Using 4 workers of 4 for evacuation
[2025-02-11T06:18:28.964+0000][gc,phases   ] GC(9)   Pre Evacuate Collection Set: 0.7ms
[2025-02-11T06:18:28.964+0000][gc,phases   ] GC(9)   Merge Heap Roots: 0.1ms
[2025-02-11T06:18:28.964+0000][gc,phases   ] GC(9)   Evacuate Collection Set: 9.1ms
[2025-02-11T06:18:28.964+0000][gc,phases   ] GC(9)   Post Evacuate Collection Set: 1.1ms
[2025-02-11T06:18:28.964+0000][gc,phases   ] GC(9)   Other: 0.2ms
[2025-02-11T06:18:28.964+0000][gc,heap     ] GC(9) Eden regions: 46->0(46)
[2025-02-11T06:18:28.964+0000][gc,heap     ] GC(9) Survivor regions: 5->5(7)
[2025-02-11T06:18:28.964+0000][gc,heap     ] GC(9) Old regions: 15->17
[2025-02-11T06:18:28.964+0000][gc,heap     ] GC(9) Humongous regions: 129->129
[2025-02-11T06:18:28.964+0000][gc,metaspace] GC(9) Metaspace: 41909K(42560K)->41909K(42560K) NonClass: 37124K(37504K)->37124K(37504K) Class: 4785K(5056K)->4785K(5056K)
[2025-02-11T06:18:28.964+0000][gc          ] GC(9) Pause Young (Normal) (G1 Evacuation Pause) 193M->150M(1024M) 11.533ms
[2025-02-11T06:18:28.964+0000][gc,cpu      ] GC(9) User=0.04s Sys=0.00s Real=0.01s
[2025-02-11T06:26:19.235+0000][gc,start    ] GC(10) Pause Young (Normal) (G1 Evacuation Pause)
[2025-02-11T06:26:19.235+0000][gc,task     ] GC(10) Using 4 workers of 4 for evacuation
[2025-02-11T06:26:19.244+0000][gc,phases   ] GC(10)   Pre Evacuate Collection Set: 0.6ms
[2025-02-11T06:26:19.244+0000][gc,phases   ] GC(10)   Merge Heap Roots: 0.2ms
[2025-02-11T06:26:19.244+0000][gc,phases   ] GC(10)   Evacuate Collection Set: 6.8ms
[2025-02-11T06:26:19.244+0000][gc,phases   ] GC(10)   Post Evacuate Collection Set: 1.4ms
[2025-02-11T06:26:19.244+0000][gc,phases   ] GC(10)   Other: 0.1ms
[2025-02-11T06:26:19.244+0000][gc,heap     ] GC(10) Eden regions: 46->0(47)
[2025-02-11T06:26:19.244+0000][gc,heap     ] GC(10) Survivor regions: 5->4(7)
[2025-02-11T06:26:19.244+0000][gc,heap     ] GC(10) Old regions: 17->19
[2025-02-11T06:26:19.244+0000][gc,heap     ] GC(10) Humongous regions: 129->129
[2025-02-11T06:26:19.244+0000][gc,metaspace] GC(10) Metaspace: 42016K(42624K)->42016K(42624K) NonClass: 37226K(37568K)->37226K(37568K) Class: 4790K(5056K)->4790K(5056K)
[2025-02-11T06:26:19.244+0000][gc          ] GC(10) Pause Young (Normal) (G1 Evacuation Pause) 196M->151M(1024M) 9.555ms
[2025-02-11T06:26:19.244+0000][gc,cpu      ] GC(10) User=0.03s Sys=0.00s Real=0.01s
[2025-02-11T06:31:09.651+0000][gc,heap,exit] Heap
[2025-02-11T06:31:09.651+0000][gc,heap,exit]  garbage-first heap   total 1048576K, used 191586K [0x00000000c0000000, 0x0000000100000000)
[2025-02-11T06:31:09.651+0000][gc,heap,exit]   region size 1024K, 41 young (41984K), 4 survivors (4096K)
[2025-02-11T06:31:09.651+0000][gc,heap,exit]  Metaspace       used 42638K, committed 43264K, reserved 1114112K
[2025-02-11T06:31:09.651+0000][gc,heap,exit]   class space    used 4939K, committed 5184K, reserved 1048576K
