[2025-02-11T08:03:35.551+0000][gc,init] CardTable entry size: 512
[2025-02-11T08:03:35.552+0000][gc     ] Using G1
[2025-02-11T08:03:35.567+0000][gc,init] Version: 21.0.5+11-Ubuntu-1ubuntu124.04 (release)
[2025-02-11T08:03:35.567+0000][gc,init] CPUs: 4 total, 4 available
[2025-02-11T08:03:35.567+0000][gc,init] Memory: 16002M
[2025-02-11T08:03:35.567+0000][gc,init] Large Page Support: Disabled
[2025-02-11T08:03:35.567+0000][gc,init] NUMA Support: Disabled
[2025-02-11T08:03:35.567+0000][gc,init] Compressed Oops: Enabled (32-bit)
[2025-02-11T08:03:35.567+0000][gc,init] Heap Region Size: 1M
[2025-02-11T08:03:35.567+0000][gc,init] Heap Min Capacity: 1G
[2025-02-11T08:03:35.567+0000][gc,init] Heap Initial Capacity: 1G
[2025-02-11T08:03:35.567+0000][gc,init] Heap Max Capacity: 1G
[2025-02-11T08:03:35.567+0000][gc,init] Pre-touch: Disabled
[2025-02-11T08:03:35.567+0000][gc,init] Parallel Workers: 4
[2025-02-11T08:03:35.567+0000][gc,init] Concurrent Workers: 1
[2025-02-11T08:03:35.567+0000][gc,init] Concurrent Refinement Workers: 4
[2025-02-11T08:03:35.567+0000][gc,init] Periodic GC: Disabled
[2025-02-11T08:03:35.579+0000][gc,metaspace] CDS archive(s) mapped at: [0x000078b5ff000000-0x000078b5ffc97000-0x000078b5ffc97000), size 13201408, SharedBaseAddress: 0x000078b5ff000000, ArchiveRelocationMode: 1.
[2025-02-11T08:03:35.579+0000][gc,metaspace] Compressed class space mapped at: 0x000078b600000000-0x000078b640000000, reserved size: 1073741824
[2025-02-11T08:03:35.579+0000][gc,metaspace] Narrow klass base: 0x000078b5ff000000, Narrow klass shift: 0, Narrow klass range: 0x100000000
[2025-02-11T08:03:37.116+0000][gc,start    ] GC(0) Pause Young (Normal) (G1 Evacuation Pause)
[2025-02-11T08:03:37.116+0000][gc,task     ] GC(0) Using 4 workers of 4 for evacuation
[2025-02-11T08:03:37.134+0000][gc,phases   ] GC(0)   Pre Evacuate Collection Set: 0.5ms
[2025-02-11T08:03:37.134+0000][gc,phases   ] GC(0)   Merge Heap Roots: 0.1ms
[2025-02-11T08:03:37.134+0000][gc,phases   ] GC(0)   Evacuate Collection Set: 15.2ms
[2025-02-11T08:03:37.134+0000][gc,phases   ] GC(0)   Post Evacuate Collection Set: 1.4ms
[2025-02-11T08:03:37.134+0000][gc,phases   ] GC(0)   Other: 0.7ms
[2025-02-11T08:03:37.134+0000][gc,heap     ] GC(0) Eden regions: 51->0(44)
[2025-02-11T08:03:37.134+0000][gc,heap     ] GC(0) Survivor regions: 0->7(7)
[2025-02-11T08:03:37.134+0000][gc,heap     ] GC(0) Old regions: 2->3
[2025-02-11T08:03:37.134+0000][gc,heap     ] GC(0) Humongous regions: 0->0
[2025-02-11T08:03:37.134+0000][gc,metaspace] GC(0) Metaspace: 19192K(19456K)->19192K(19456K) NonClass: 16993K(17152K)->16993K(17152K) Class: 2198K(2304K)->2198K(2304K)
[2025-02-11T08:03:37.134+0000][gc          ] GC(0) Pause Young (Normal) (G1 Evacuation Pause) 52M->8M(1024M) 18.152ms
[2025-02-11T08:03:37.134+0000][gc,cpu      ] GC(0) User=0.04s Sys=0.01s Real=0.02s
[2025-02-11T08:03:37.390+0000][gc,start    ] GC(1) Pause Young (Concurrent Start) (Metadata GC Threshold)
[2025-02-11T08:03:37.390+0000][gc,task     ] GC(1) Using 4 workers of 4 for evacuation
[2025-02-11T08:03:37.403+0000][gc,phases   ] GC(1)   Pre Evacuate Collection Set: 0.5ms
[2025-02-11T08:03:37.403+0000][gc,phases   ] GC(1)   Merge Heap Roots: 0.1ms
[2025-02-11T08:03:37.403+0000][gc,phases   ] GC(1)   Evacuate Collection Set: 10.1ms
[2025-02-11T08:03:37.403+0000][gc,phases   ] GC(1)   Post Evacuate Collection Set: 1.2ms
[2025-02-11T08:03:37.403+0000][gc,phases   ] GC(1)   Other: 0.2ms
[2025-02-11T08:03:37.403+0000][gc,heap     ] GC(1) Eden regions: 8->0(50)
[2025-02-11T08:03:37.403+0000][gc,heap     ] GC(1) Survivor regions: 7->1(7)
[2025-02-11T08:03:37.403+0000][gc,heap     ] GC(1) Old regions: 3->10
[2025-02-11T08:03:37.403+0000][gc,heap     ] GC(1) Humongous regions: 0->0
[2025-02-11T08:03:37.403+0000][gc,metaspace] GC(1) Metaspace: 21279K(21504K)->21279K(21504K) NonClass: 18805K(18944K)->18805K(18944K) Class: 2473K(2560K)->2473K(2560K)
[2025-02-11T08:03:37.403+0000][gc          ] GC(1) Pause Young (Concurrent Start) (Metadata GC Threshold) 16M->9M(1024M) 12.369ms
[2025-02-11T08:03:37.403+0000][gc,cpu      ] GC(1) User=0.03s Sys=0.01s Real=0.01s
[2025-02-11T08:03:37.403+0000][gc          ] GC(2) Concurrent Mark Cycle
[2025-02-11T08:03:37.403+0000][gc,marking  ] GC(2) Concurrent Scan Root Regions
[2025-02-11T08:03:37.408+0000][gc,marking  ] GC(2) Concurrent Scan Root Regions 5.194ms
[2025-02-11T08:03:37.408+0000][gc,marking  ] GC(2) Concurrent Mark
[2025-02-11T08:03:37.408+0000][gc,marking  ] GC(2) Concurrent Mark From Roots
[2025-02-11T08:03:37.408+0000][gc,task     ] GC(2) Using 1 workers of 1 for marking
[2025-02-11T08:03:37.413+0000][gc,marking  ] GC(2) Concurrent Mark From Roots 4.735ms
[2025-02-11T08:03:37.413+0000][gc,marking  ] GC(2) Concurrent Preclean
[2025-02-11T08:03:37.413+0000][gc,marking  ] GC(2) Concurrent Preclean 0.019ms
[2025-02-11T08:03:37.413+0000][gc,start    ] GC(2) Pause Remark
[2025-02-11T08:03:37.416+0000][gc          ] GC(2) Pause Remark 9M->9M(1024M) 3.341ms
[2025-02-11T08:03:37.417+0000][gc,cpu      ] GC(2) User=0.01s Sys=0.00s Real=0.00s
[2025-02-11T08:03:37.417+0000][gc,marking  ] GC(2) Concurrent Mark 8.595ms
[2025-02-11T08:03:37.417+0000][gc,marking  ] GC(2) Concurrent Rebuild Remembered Sets and Scrub Regions
[2025-02-11T08:03:37.422+0000][gc,marking  ] GC(2) Concurrent Rebuild Remembered Sets and Scrub Regions 5.679ms
[2025-02-11T08:03:37.423+0000][gc,start    ] GC(2) Pause Cleanup
[2025-02-11T08:03:37.423+0000][gc          ] GC(2) Pause Cleanup 9M->9M(1024M) 0.455ms
[2025-02-11T08:03:37.423+0000][gc,cpu      ] GC(2) User=0.00s Sys=0.00s Real=0.01s
[2025-02-11T08:03:37.423+0000][gc,marking  ] GC(2) Concurrent Clear Claimed Marks
[2025-02-11T08:03:37.423+0000][gc,marking  ] GC(2) Concurrent Clear Claimed Marks 0.053ms
[2025-02-11T08:03:37.423+0000][gc,marking  ] GC(2) Concurrent Cleanup for Next Mark
[2025-02-11T08:03:37.439+0000][gc,marking  ] GC(2) Concurrent Cleanup for Next Mark 15.370ms
[2025-02-11T08:03:37.439+0000][gc          ] GC(2) Concurrent Mark Cycle 36.009ms
[2025-02-11T08:03:38.829+0000][gc,start    ] GC(3) Pause Young (Prepare Mixed) (G1 Evacuation Pause)
[2025-02-11T08:03:38.829+0000][gc,task     ] GC(3) Using 4 workers of 4 for evacuation
[2025-02-11T08:03:38.839+0000][gc,phases   ] GC(3)   Pre Evacuate Collection Set: 0.3ms
[2025-02-11T08:03:38.839+0000][gc,phases   ] GC(3)   Merge Heap Roots: 0.1ms
[2025-02-11T08:03:38.839+0000][gc,phases   ] GC(3)   Evacuate Collection Set: 8.6ms
[2025-02-11T08:03:38.839+0000][gc,phases   ] GC(3)   Post Evacuate Collection Set: 0.9ms
[2025-02-11T08:03:38.839+0000][gc,phases   ] GC(3)   Other: 0.1ms
[2025-02-11T08:03:38.839+0000][gc,heap     ] GC(3) Eden regions: 50->0(45)
[2025-02-11T08:03:38.839+0000][gc,heap     ] GC(3) Survivor regions: 1->6(7)
[2025-02-11T08:03:38.839+0000][gc,heap     ] GC(3) Old regions: 10->10
[2025-02-11T08:03:38.839+0000][gc,heap     ] GC(3) Humongous regions: 129->129
[2025-02-11T08:03:38.839+0000][gc,metaspace] GC(3) Metaspace: 32359K(32704K)->32359K(32704K) NonClass: 28794K(28992K)->28794K(28992K) Class: 3565K(3712K)->3565K(3712K)
[2025-02-11T08:03:38.839+0000][gc          ] GC(3) Pause Young (Prepare Mixed) (G1 Evacuation Pause) 188M->142M(1024M) 10.155ms
[2025-02-11T08:03:38.839+0000][gc,cpu      ] GC(3) User=0.04s Sys=0.00s Real=0.01s
[2025-02-11T08:03:39.105+0000][gc,start    ] GC(4) Pause Young (Mixed) (Metadata GC Threshold)
[2025-02-11T08:03:39.105+0000][gc,task     ] GC(4) Using 4 workers of 4 for evacuation
[2025-02-11T08:03:39.120+0000][gc,phases   ] GC(4)   Pre Evacuate Collection Set: 0.4ms
[2025-02-11T08:03:39.120+0000][gc,phases   ] GC(4)   Merge Heap Roots: 0.1ms
[2025-02-11T08:03:39.120+0000][gc,phases   ] GC(4)   Evacuate Collection Set: 13.0ms
[2025-02-11T08:03:39.120+0000][gc,phases   ] GC(4)   Post Evacuate Collection Set: 0.9ms
[2025-02-11T08:03:39.120+0000][gc,phases   ] GC(4)   Other: 0.1ms
[2025-02-11T08:03:39.120+0000][gc,heap     ] GC(4) Eden regions: 14->0(49)
[2025-02-11T08:03:39.120+0000][gc,heap     ] GC(4) Survivor regions: 6->2(7)
[2025-02-11T08:03:39.120+0000][gc,heap     ] GC(4) Old regions: 10->14
[2025-02-11T08:03:39.120+0000][gc,heap     ] GC(4) Humongous regions: 129->129
[2025-02-11T08:03:39.120+0000][gc,metaspace] GC(4) Metaspace: 35608K(35968K)->35608K(35968K) NonClass: 31697K(31872K)->31697K(31872K) Class: 3911K(4096K)->3911K(4096K)
[2025-02-11T08:03:39.120+0000][gc          ] GC(4) Pause Young (Mixed) (Metadata GC Threshold) 156M->143M(1024M) 14.875ms
[2025-02-11T08:03:39.120+0000][gc,cpu      ] GC(4) User=0.04s Sys=0.00s Real=0.01s
[2025-02-11T08:03:39.146+0000][gc,start    ] GC(5) Pause Young (Concurrent Start) (Metadata GC Threshold)
[2025-02-11T08:03:39.146+0000][gc,task     ] GC(5) Using 4 workers of 4 for evacuation
[2025-02-11T08:03:39.150+0000][gc,phases   ] GC(5)   Pre Evacuate Collection Set: 0.5ms
[2025-02-11T08:03:39.150+0000][gc,phases   ] GC(5)   Merge Heap Roots: 0.1ms
[2025-02-11T08:03:39.150+0000][gc,phases   ] GC(5)   Evacuate Collection Set: 2.3ms
[2025-02-11T08:03:39.150+0000][gc,phases   ] GC(5)   Post Evacuate Collection Set: 0.5ms
[2025-02-11T08:03:39.150+0000][gc,phases   ] GC(5)   Other: 0.1ms
[2025-02-11T08:03:39.150+0000][gc,heap     ] GC(5) Eden regions: 3->0(49)
[2025-02-11T08:03:39.150+0000][gc,heap     ] GC(5) Survivor regions: 2->2(7)
[2025-02-11T08:03:39.150+0000][gc,heap     ] GC(5) Old regions: 14->14
[2025-02-11T08:03:39.150+0000][gc,heap     ] GC(5) Humongous regions: 129->129
[2025-02-11T08:03:39.150+0000][gc,metaspace] GC(5) Metaspace: 35932K(36288K)->35932K(36288K) NonClass: 31954K(32128K)->31954K(32128K) Class: 3977K(4160K)->3977K(4160K)
[2025-02-11T08:03:39.150+0000][gc          ] GC(5) Pause Young (Concurrent Start) (Metadata GC Threshold) 146M->143M(1024M) 3.718ms
[2025-02-11T08:03:39.150+0000][gc          ] GC(6) Concurrent Mark Cycle
[2025-02-11T08:03:39.150+0000][gc,marking  ] GC(6) Concurrent Scan Root Regions
[2025-02-11T08:03:39.150+0000][gc,cpu      ] GC(5) User=0.02s Sys=0.00s Real=0.00s
[2025-02-11T08:03:39.153+0000][gc,marking  ] GC(6) Concurrent Scan Root Regions 2.933ms
[2025-02-11T08:03:39.153+0000][gc,marking  ] GC(6) Concurrent Mark
[2025-02-11T08:03:39.153+0000][gc,marking  ] GC(6) Concurrent Mark From Roots
[2025-02-11T08:03:39.153+0000][gc,task     ] GC(6) Using 1 workers of 1 for marking
[2025-02-11T08:03:39.219+0000][gc,marking  ] GC(6) Concurrent Mark From Roots 65.960ms
[2025-02-11T08:03:39.219+0000][gc,marking  ] GC(6) Concurrent Preclean
[2025-02-11T08:03:39.219+0000][gc,marking  ] GC(6) Concurrent Preclean 0.220ms
[2025-02-11T08:03:39.222+0000][gc,start    ] GC(6) Pause Remark
[2025-02-11T08:03:39.226+0000][gc          ] GC(6) Pause Remark 147M->147M(1024M) 4.296ms
[2025-02-11T08:03:39.226+0000][gc,cpu      ] GC(6) User=0.02s Sys=0.00s Real=0.01s
[2025-02-11T08:03:39.226+0000][gc,marking  ] GC(6) Concurrent Mark 73.135ms
[2025-02-11T08:03:39.226+0000][gc,marking  ] GC(6) Concurrent Rebuild Remembered Sets and Scrub Regions
[2025-02-11T08:03:39.247+0000][gc,marking  ] GC(6) Concurrent Rebuild Remembered Sets and Scrub Regions 20.977ms
[2025-02-11T08:03:39.247+0000][gc,start    ] GC(6) Pause Cleanup
[2025-02-11T08:03:39.248+0000][gc          ] GC(6) Pause Cleanup 148M->148M(1024M) 0.331ms
[2025-02-11T08:03:39.248+0000][gc,cpu      ] GC(6) User=0.00s Sys=0.00s Real=0.00s
[2025-02-11T08:03:39.248+0000][gc,marking  ] GC(6) Concurrent Clear Claimed Marks
[2025-02-11T08:03:39.248+0000][gc,marking  ] GC(6) Concurrent Clear Claimed Marks 0.081ms
[2025-02-11T08:03:39.248+0000][gc,marking  ] GC(6) Concurrent Cleanup for Next Mark
[2025-02-11T08:03:39.251+0000][gc,marking  ] GC(6) Concurrent Cleanup for Next Mark 3.201ms
[2025-02-11T08:03:39.251+0000][gc          ] GC(6) Concurrent Mark Cycle 101.198ms
[2025-02-11T08:05:17.181+0000][gc,start    ] GC(7) Pause Young (Prepare Mixed) (G1 Evacuation Pause)
[2025-02-11T08:05:17.181+0000][gc,task     ] GC(7) Using 4 workers of 4 for evacuation
[2025-02-11T08:05:17.198+0000][gc,phases   ] GC(7)   Pre Evacuate Collection Set: 0.8ms
[2025-02-11T08:05:17.198+0000][gc,phases   ] GC(7)   Merge Heap Roots: 0.1ms
[2025-02-11T08:05:17.198+0000][gc,phases   ] GC(7)   Evacuate Collection Set: 13.3ms
[2025-02-11T08:05:17.198+0000][gc,phases   ] GC(7)   Post Evacuate Collection Set: 1.9ms
[2025-02-11T08:05:17.198+0000][gc,phases   ] GC(7)   Other: 0.1ms
[2025-02-11T08:05:17.198+0000][gc,heap     ] GC(7) Eden regions: 49->0(46)
[2025-02-11T08:05:17.198+0000][gc,heap     ] GC(7) Survivor regions: 2->5(7)
[2025-02-11T08:05:17.198+0000][gc,heap     ] GC(7) Old regions: 14->14
[2025-02-11T08:05:17.198+0000][gc,heap     ] GC(7) Humongous regions: 165->129
[2025-02-11T08:05:17.198+0000][gc,metaspace] GC(7) Metaspace: 41588K(42240K)->41588K(42240K) NonClass: 36799K(37184K)->36799K(37184K) Class: 4789K(5056K)->4789K(5056K)
[2025-02-11T08:05:17.198+0000][gc          ] GC(7) Pause Young (Prepare Mixed) (G1 Evacuation Pause) 228M->146M(1024M) 16.605ms
[2025-02-11T08:05:17.198+0000][gc,cpu      ] GC(7) User=0.03s Sys=0.00s Real=0.02s
[2025-02-11T08:05:54.526+0000][gc,start    ] GC(8) Pause Young (Mixed) (G1 Evacuation Pause)
[2025-02-11T08:05:54.526+0000][gc,task     ] GC(8) Using 4 workers of 4 for evacuation
[2025-02-11T08:05:54.536+0000][gc,phases   ] GC(8)   Pre Evacuate Collection Set: 0.6ms
[2025-02-11T08:05:54.536+0000][gc,phases   ] GC(8)   Merge Heap Roots: 0.1ms
[2025-02-11T08:05:54.536+0000][gc,phases   ] GC(8)   Evacuate Collection Set: 8.1ms
[2025-02-11T08:05:54.536+0000][gc,phases   ] GC(8)   Post Evacuate Collection Set: 1.1ms
[2025-02-11T08:05:54.536+0000][gc,phases   ] GC(8)   Other: 0.1ms
[2025-02-11T08:05:54.536+0000][gc,heap     ] GC(8) Eden regions: 46->0(46)
[2025-02-11T08:05:54.536+0000][gc,heap     ] GC(8) Survivor regions: 5->5(7)
[2025-02-11T08:05:54.536+0000][gc,heap     ] GC(8) Old regions: 14->15
[2025-02-11T08:05:54.536+0000][gc,heap     ] GC(8) Humongous regions: 129->129
[2025-02-11T08:05:54.536+0000][gc,metaspace] GC(8) Metaspace: 41934K(42560K)->41934K(42560K) NonClass: 37143K(37504K)->37143K(37504K) Class: 4791K(5056K)->4791K(5056K)
[2025-02-11T08:05:54.536+0000][gc          ] GC(8) Pause Young (Mixed) (G1 Evacuation Pause) 192M->147M(1024M) 10.232ms
[2025-02-11T08:05:54.536+0000][gc,cpu      ] GC(8) User=0.04s Sys=0.00s Real=0.01s
[2025-02-11T08:06:50.806+0000][gc,start    ] GC(9) Pause Young (Normal) (G1 Evacuation Pause)
[2025-02-11T08:06:50.806+0000][gc,task     ] GC(9) Using 4 workers of 4 for evacuation
[2025-02-11T08:06:50.814+0000][gc,phases   ] GC(9)   Pre Evacuate Collection Set: 0.5ms
[2025-02-11T08:06:50.814+0000][gc,phases   ] GC(9)   Merge Heap Roots: 0.1ms
[2025-02-11T08:06:50.814+0000][gc,phases   ] GC(9)   Evacuate Collection Set: 6.1ms
[2025-02-11T08:06:50.814+0000][gc,phases   ] GC(9)   Post Evacuate Collection Set: 1.0ms
[2025-02-11T08:06:50.814+0000][gc,phases   ] GC(9)   Other: 0.1ms
[2025-02-11T08:06:50.814+0000][gc,heap     ] GC(9) Eden regions: 46->0(49)
[2025-02-11T08:06:50.814+0000][gc,heap     ] GC(9) Survivor regions: 5->2(7)
[2025-02-11T08:06:50.814+0000][gc,heap     ] GC(9) Old regions: 15->17
[2025-02-11T08:06:50.814+0000][gc,heap     ] GC(9) Humongous regions: 129->129
[2025-02-11T08:06:50.814+0000][gc,metaspace] GC(9) Metaspace: 41985K(42560K)->41985K(42560K) NonClass: 37193K(37504K)->37193K(37504K) Class: 4792K(5056K)->4792K(5056K)
[2025-02-11T08:06:50.814+0000][gc          ] GC(9) Pause Young (Normal) (G1 Evacuation Pause) 193M->147M(1024M) 8.064ms
[2025-02-11T08:06:50.814+0000][gc,cpu      ] GC(9) User=0.03s Sys=0.00s Real=0.01s
[2025-02-11T08:07:32.982+0000][gc,start    ] GC(10) Pause Young (Normal) (G1 Evacuation Pause)
[2025-02-11T08:07:32.982+0000][gc,task     ] GC(10) Using 4 workers of 4 for evacuation
[2025-02-11T08:07:32.989+0000][gc,phases   ] GC(10)   Pre Evacuate Collection Set: 0.6ms
[2025-02-11T08:07:32.989+0000][gc,phases   ] GC(10)   Merge Heap Roots: 0.1ms
[2025-02-11T08:07:32.989+0000][gc,phases   ] GC(10)   Evacuate Collection Set: 5.8ms
[2025-02-11T08:07:32.989+0000][gc,phases   ] GC(10)   Post Evacuate Collection Set: 0.7ms
[2025-02-11T08:07:32.989+0000][gc,phases   ] GC(10)   Other: 0.2ms
[2025-02-11T08:07:32.989+0000][gc,heap     ] GC(10) Eden regions: 49->0(47)
[2025-02-11T08:07:32.989+0000][gc,heap     ] GC(10) Survivor regions: 2->4(7)
[2025-02-11T08:07:32.989+0000][gc,heap     ] GC(10) Old regions: 17->17
[2025-02-11T08:07:32.989+0000][gc,heap     ] GC(10) Humongous regions: 129->129
[2025-02-11T08:07:32.989+0000][gc,metaspace] GC(10) Metaspace: 41995K(42624K)->41995K(42624K) NonClass: 37203K(37568K)->37203K(37568K) Class: 4792K(5056K)->4792K(5056K)
[2025-02-11T08:07:32.989+0000][gc          ] GC(10) Pause Young (Normal) (G1 Evacuation Pause) 196M->149M(1024M) 7.674ms
[2025-02-11T08:07:32.989+0000][gc,cpu      ] GC(10) User=0.02s Sys=0.00s Real=0.01s
[2025-02-11T08:08:16.684+0000][gc,start    ] GC(11) Pause Young (Normal) (G1 Evacuation Pause)
[2025-02-11T08:08:16.684+0000][gc,task     ] GC(11) Using 4 workers of 4 for evacuation
[2025-02-11T08:08:16.692+0000][gc,phases   ] GC(11)   Pre Evacuate Collection Set: 0.4ms
[2025-02-11T08:08:16.692+0000][gc,phases   ] GC(11)   Merge Heap Roots: 0.1ms
[2025-02-11T08:08:16.692+0000][gc,phases   ] GC(11)   Evacuate Collection Set: 7.1ms
[2025-02-11T08:08:16.692+0000][gc,phases   ] GC(11)   Post Evacuate Collection Set: 0.7ms
[2025-02-11T08:08:16.692+0000][gc,phases   ] GC(11)   Other: 0.1ms
[2025-02-11T08:08:16.693+0000][gc,heap     ] GC(11) Eden regions: 47->0(45)
[2025-02-11T08:08:16.693+0000][gc,heap     ] GC(11) Survivor regions: 4->6(7)
[2025-02-11T08:08:16.693+0000][gc,heap     ] GC(11) Old regions: 17->18
[2025-02-11T08:08:16.693+0000][gc,heap     ] GC(11) Humongous regions: 129->129
[2025-02-11T08:08:16.693+0000][gc,metaspace] GC(11) Metaspace: 42003K(42624K)->42003K(42624K) NonClass: 37211K(37568K)->37211K(37568K) Class: 4792K(5056K)->4792K(5056K)
[2025-02-11T08:08:16.693+0000][gc          ] GC(11) Pause Young (Normal) (G1 Evacuation Pause) 196M->151M(1024M) 8.665ms
[2025-02-11T08:08:16.693+0000][gc,cpu      ] GC(11) User=0.03s Sys=0.00s Real=0.00s
[2025-02-11T08:16:04.525+0000][gc,start    ] GC(12) Pause Young (Normal) (G1 Evacuation Pause)
[2025-02-11T08:16:04.525+0000][gc,task     ] GC(12) Using 4 workers of 4 for evacuation
[2025-02-11T08:16:04.539+0000][gc,phases   ] GC(12)   Pre Evacuate Collection Set: 0.8ms
[2025-02-11T08:16:04.539+0000][gc,phases   ] GC(12)   Merge Heap Roots: 0.1ms
[2025-02-11T08:16:04.539+0000][gc,phases   ] GC(12)   Evacuate Collection Set: 11.6ms
[2025-02-11T08:16:04.539+0000][gc,phases   ] GC(12)   Post Evacuate Collection Set: 0.8ms
[2025-02-11T08:16:04.539+0000][gc,phases   ] GC(12)   Other: 0.2ms
[2025-02-11T08:16:04.539+0000][gc,heap     ] GC(12) Eden regions: 45->0(46)
[2025-02-11T08:16:04.539+0000][gc,heap     ] GC(12) Survivor regions: 6->5(7)
[2025-02-11T08:16:04.539+0000][gc,heap     ] GC(12) Old regions: 18->21
[2025-02-11T08:16:04.539+0000][gc,heap     ] GC(12) Humongous regions: 129->129
[2025-02-11T08:16:04.539+0000][gc,metaspace] GC(12) Metaspace: 42134K(42752K)->42134K(42752K) NonClass: 37321K(37696K)->37321K(37696K) Class: 4812K(5056K)->4812K(5056K)
[2025-02-11T08:16:04.539+0000][gc          ] GC(12) Pause Young (Normal) (G1 Evacuation Pause) 196M->154M(1024M) 13.714ms
[2025-02-11T08:16:04.539+0000][gc,cpu      ] GC(12) User=0.05s Sys=0.00s Real=0.01s
[2025-02-11T08:27:45.896+0000][gc,start    ] GC(13) Pause Young (Normal) (G1 Evacuation Pause)
[2025-02-11T08:27:45.896+0000][gc,task     ] GC(13) Using 4 workers of 4 for evacuation
[2025-02-11T08:27:45.916+0000][gc,phases   ] GC(13)   Pre Evacuate Collection Set: 0.7ms
[2025-02-11T08:27:45.916+0000][gc,phases   ] GC(13)   Merge Heap Roots: 0.2ms
[2025-02-11T08:27:45.916+0000][gc,phases   ] GC(13)   Evacuate Collection Set: 18.2ms
[2025-02-11T08:27:45.916+0000][gc,phases   ] GC(13)   Post Evacuate Collection Set: 0.8ms
[2025-02-11T08:27:45.916+0000][gc,phases   ] GC(13)   Other: 0.1ms
[2025-02-11T08:27:45.917+0000][gc,heap     ] GC(13) Eden regions: 46->0(44)
[2025-02-11T08:27:45.917+0000][gc,heap     ] GC(13) Survivor regions: 5->7(7)
[2025-02-11T08:27:45.917+0000][gc,heap     ] GC(13) Old regions: 21->23
[2025-02-11T08:27:45.917+0000][gc,heap     ] GC(13) Humongous regions: 129->129
[2025-02-11T08:27:45.917+0000][gc,metaspace] GC(13) Metaspace: 42459K(43136K)->42459K(43136K) NonClass: 37607K(38016K)->37607K(38016K) Class: 4851K(5120K)->4851K(5120K)
[2025-02-11T08:27:45.917+0000][gc          ] GC(13) Pause Young (Normal) (G1 Evacuation Pause) 200M->157M(1024M) 20.301ms
[2025-02-11T08:27:45.917+0000][gc,cpu      ] GC(13) User=0.05s Sys=0.00s Real=0.02s
[2025-02-11T08:28:05.068+0000][gc,start    ] GC(14) Pause Young (Normal) (G1 Evacuation Pause)
[2025-02-11T08:28:05.068+0000][gc,task     ] GC(14) Using 4 workers of 4 for evacuation
[2025-02-11T08:28:05.086+0000][gc,phases   ] GC(14)   Pre Evacuate Collection Set: 0.4ms
[2025-02-11T08:28:05.086+0000][gc,phases   ] GC(14)   Merge Heap Roots: 0.3ms
[2025-02-11T08:28:05.086+0000][gc,phases   ] GC(14)   Evacuate Collection Set: 15.9ms
[2025-02-11T08:28:05.086+0000][gc,phases   ] GC(14)   Post Evacuate Collection Set: 0.8ms
[2025-02-11T08:28:05.086+0000][gc,phases   ] GC(14)   Other: 0.1ms
[2025-02-11T08:28:05.086+0000][gc,heap     ] GC(14) Eden regions: 44->0(44)
[2025-02-11T08:28:05.086+0000][gc,heap     ] GC(14) Survivor regions: 7->7(7)
[2025-02-11T08:28:05.086+0000][gc,heap     ] GC(14) Old regions: 23->26
[2025-02-11T08:28:05.086+0000][gc,heap     ] GC(14) Humongous regions: 129->129
[2025-02-11T08:28:05.086+0000][gc,metaspace] GC(14) Metaspace: 42623K(43264K)->42623K(43264K) NonClass: 37772K(38144K)->37772K(38144K) Class: 4851K(5120K)->4851K(5120K)
[2025-02-11T08:28:05.086+0000][gc          ] GC(14) Pause Young (Normal) (G1 Evacuation Pause) 201M->160M(1024M) 17.798ms
[2025-02-11T08:28:05.086+0000][gc,cpu      ] GC(14) User=0.05s Sys=0.00s Real=0.02s
[2025-02-11T08:28:29.345+0000][gc,start    ] GC(15) Pause Young (Normal) (G1 Evacuation Pause)
[2025-02-11T08:28:29.345+0000][gc,task     ] GC(15) Using 4 workers of 4 for evacuation
[2025-02-11T08:28:29.360+0000][gc,phases   ] GC(15)   Pre Evacuate Collection Set: 0.6ms
[2025-02-11T08:28:29.360+0000][gc,phases   ] GC(15)   Merge Heap Roots: 0.2ms
[2025-02-11T08:28:29.360+0000][gc,phases   ] GC(15)   Evacuate Collection Set: 13.7ms
[2025-02-11T08:28:29.360+0000][gc,phases   ] GC(15)   Post Evacuate Collection Set: 0.7ms
[2025-02-11T08:28:29.360+0000][gc,phases   ] GC(15)   Other: 0.1ms
[2025-02-11T08:28:29.360+0000][gc,heap     ] GC(15) Eden regions: 44->0(46)
[2025-02-11T08:28:29.360+0000][gc,heap     ] GC(15) Survivor regions: 7->5(7)
[2025-02-11T08:28:29.360+0000][gc,heap     ] GC(15) Old regions: 26->29
[2025-02-11T08:28:29.360+0000][gc,heap     ] GC(15) Humongous regions: 129->129
[2025-02-11T08:28:29.360+0000][gc,metaspace] GC(15) Metaspace: 42636K(43264K)->42636K(43264K) NonClass: 37784K(38144K)->37784K(38144K) Class: 4851K(5120K)->4851K(5120K)
[2025-02-11T08:28:29.360+0000][gc          ] GC(15) Pause Young (Normal) (G1 Evacuation Pause) 204M->162M(1024M) 15.554ms
[2025-02-11T08:28:29.360+0000][gc,cpu      ] GC(15) User=0.04s Sys=0.01s Real=0.01s
[2025-02-11T08:28:51.601+0000][gc,start    ] GC(16) Pause Young (Normal) (G1 Evacuation Pause)
[2025-02-11T08:28:51.601+0000][gc,task     ] GC(16) Using 4 workers of 4 for evacuation
[2025-02-11T08:28:51.614+0000][gc,phases   ] GC(16)   Pre Evacuate Collection Set: 1.4ms
[2025-02-11T08:28:51.614+0000][gc,phases   ] GC(16)   Merge Heap Roots: 0.2ms
[2025-02-11T08:28:51.614+0000][gc,phases   ] GC(16)   Evacuate Collection Set: 10.6ms
[2025-02-11T08:28:51.614+0000][gc,phases   ] GC(16)   Post Evacuate Collection Set: 1.0ms
[2025-02-11T08:28:51.614+0000][gc,phases   ] GC(16)   Other: 0.1ms
[2025-02-11T08:28:51.614+0000][gc,heap     ] GC(16) Eden regions: 46->0(46)
[2025-02-11T08:28:51.614+0000][gc,heap     ] GC(16) Survivor regions: 5->5(7)
[2025-02-11T08:28:51.614+0000][gc,heap     ] GC(16) Old regions: 29->32
[2025-02-11T08:28:51.614+0000][gc,heap     ] GC(16) Humongous regions: 129->129
[2025-02-11T08:28:51.614+0000][gc,metaspace] GC(16) Metaspace: 42647K(43264K)->42647K(43264K) NonClass: 37795K(38144K)->37795K(38144K) Class: 4851K(5120K)->4851K(5120K)
[2025-02-11T08:28:51.615+0000][gc          ] GC(16) Pause Young (Normal) (G1 Evacuation Pause) 208M->165M(1024M) 13.579ms
[2025-02-11T08:28:51.615+0000][gc,cpu      ] GC(16) User=0.04s Sys=0.00s Real=0.02s
[2025-02-11T08:29:14.858+0000][gc,start    ] GC(17) Pause Young (Normal) (G1 Evacuation Pause)
[2025-02-11T08:29:14.858+0000][gc,task     ] GC(17) Using 4 workers of 4 for evacuation
[2025-02-11T08:29:14.869+0000][gc,phases   ] GC(17)   Pre Evacuate Collection Set: 0.4ms
[2025-02-11T08:29:14.869+0000][gc,phases   ] GC(17)   Merge Heap Roots: 0.2ms
[2025-02-11T08:29:14.869+0000][gc,phases   ] GC(17)   Evacuate Collection Set: 9.0ms
[2025-02-11T08:29:14.869+0000][gc,phases   ] GC(17)   Post Evacuate Collection Set: 0.8ms
[2025-02-11T08:29:14.869+0000][gc,phases   ] GC(17)   Other: 0.1ms
[2025-02-11T08:29:14.869+0000][gc,heap     ] GC(17) Eden regions: 46->0(47)
[2025-02-11T08:29:14.869+0000][gc,heap     ] GC(17) Survivor regions: 5->4(7)
[2025-02-11T08:29:14.869+0000][gc,heap     ] GC(17) Old regions: 32->34
[2025-02-11T08:29:14.869+0000][gc,heap     ] GC(17) Humongous regions: 129->129
[2025-02-11T08:29:14.869+0000][gc,metaspace] GC(17) Metaspace: 42652K(43264K)->42652K(43264K) NonClass: 37801K(38144K)->37801K(38144K) Class: 4851K(5120K)->4851K(5120K)
[2025-02-11T08:29:14.869+0000][gc          ] GC(17) Pause Young (Normal) (G1 Evacuation Pause) 211M->166M(1024M) 10.814ms
[2025-02-11T08:29:14.869+0000][gc,cpu      ] GC(17) User=0.04s Sys=0.00s Real=0.01s
[2025-02-11T08:35:51.759+0000][gc,start    ] GC(18) Pause Young (Normal) (G1 Evacuation Pause)
[2025-02-11T08:35:51.759+0000][gc,task     ] GC(18) Using 4 workers of 4 for evacuation
[2025-02-11T08:35:51.773+0000][gc,phases   ] GC(18)   Pre Evacuate Collection Set: 1.2ms
[2025-02-11T08:35:51.773+0000][gc,phases   ] GC(18)   Merge Heap Roots: 0.4ms
[2025-02-11T08:35:51.773+0000][gc,phases   ] GC(18)   Evacuate Collection Set: 10.8ms
[2025-02-11T08:35:51.773+0000][gc,phases   ] GC(18)   Post Evacuate Collection Set: 0.9ms
[2025-02-11T08:35:51.773+0000][gc,phases   ] GC(18)   Other: 0.2ms
[2025-02-11T08:35:51.773+0000][gc,heap     ] GC(18) Eden regions: 47->0(45)
[2025-02-11T08:35:51.773+0000][gc,heap     ] GC(18) Survivor regions: 4->6(7)
[2025-02-11T08:35:51.773+0000][gc,heap     ] GC(18) Old regions: 34->34
[2025-02-11T08:35:51.773+0000][gc,heap     ] GC(18) Humongous regions: 129->129
[2025-02-11T08:35:51.773+0000][gc,metaspace] GC(18) Metaspace: 42681K(43264K)->42681K(43264K) NonClass: 37829K(38144K)->37829K(38144K) Class: 4851K(5120K)->4851K(5120K)
[2025-02-11T08:35:51.773+0000][gc          ] GC(18) Pause Young (Normal) (G1 Evacuation Pause) 213M->168M(1024M) 13.971ms
[2025-02-11T08:35:51.773+0000][gc,cpu      ] GC(18) User=0.05s Sys=0.00s Real=0.02s
[2025-02-11T08:45:20.351+0000][gc,start    ] GC(19) Pause Young (Normal) (G1 Evacuation Pause)
[2025-02-11T08:45:20.352+0000][gc,task     ] GC(19) Using 4 workers of 4 for evacuation
[2025-02-11T08:45:20.374+0000][gc,mmu      ] GC(19) MMU target violated: 21.0ms (20.0ms/21.0ms)
[2025-02-11T08:45:20.374+0000][gc,phases   ] GC(19)   Pre Evacuate Collection Set: 1.0ms
[2025-02-11T08:45:20.374+0000][gc,phases   ] GC(19)   Merge Heap Roots: 0.2ms
[2025-02-11T08:45:20.374+0000][gc,phases   ] GC(19)   Evacuate Collection Set: 20.3ms
[2025-02-11T08:45:20.374+0000][gc,phases   ] GC(19)   Post Evacuate Collection Set: 0.7ms
[2025-02-11T08:45:20.374+0000][gc,phases   ] GC(19)   Other: 0.2ms
[2025-02-11T08:45:20.374+0000][gc,heap     ] GC(19) Eden regions: 45->0(45)
[2025-02-11T08:45:20.374+0000][gc,heap     ] GC(19) Survivor regions: 6->6(7)
[2025-02-11T08:45:20.374+0000][gc,heap     ] GC(19) Old regions: 34->38
[2025-02-11T08:45:20.374+0000][gc,heap     ] GC(19) Humongous regions: 129->129
[2025-02-11T08:45:20.374+0000][gc,metaspace] GC(19) Metaspace: 42703K(43328K)->42703K(43328K) NonClass: 37852K(38208K)->37852K(38208K) Class: 4851K(5120K)->4851K(5120K)
[2025-02-11T08:45:20.374+0000][gc          ] GC(19) Pause Young (Normal) (G1 Evacuation Pause) 213M->172M(1024M) 22.691ms
[2025-02-11T08:45:20.374+0000][gc,cpu      ] GC(19) User=0.06s Sys=0.00s Real=0.03s
[2025-02-11T08:45:36.905+0000][gc,start    ] GC(20) Pause Young (Normal) (G1 Evacuation Pause)
[2025-02-11T08:45:36.905+0000][gc,task     ] GC(20) Using 4 workers of 4 for evacuation
[2025-02-11T08:45:36.922+0000][gc,phases   ] GC(20)   Pre Evacuate Collection Set: 0.5ms
[2025-02-11T08:45:36.922+0000][gc,phases   ] GC(20)   Merge Heap Roots: 0.2ms
[2025-02-11T08:45:36.922+0000][gc,phases   ] GC(20)   Evacuate Collection Set: 15.4ms
[2025-02-11T08:45:36.922+0000][gc,phases   ] GC(20)   Post Evacuate Collection Set: 0.7ms
[2025-02-11T08:45:36.922+0000][gc,phases   ] GC(20)   Other: 0.1ms
[2025-02-11T08:45:36.922+0000][gc,heap     ] GC(20) Eden regions: 45->0(45)
[2025-02-11T08:45:36.922+0000][gc,heap     ] GC(20) Survivor regions: 6->6(7)
[2025-02-11T08:45:36.922+0000][gc,heap     ] GC(20) Old regions: 38->40
[2025-02-11T08:45:36.922+0000][gc,heap     ] GC(20) Humongous regions: 129->129
[2025-02-11T08:45:36.922+0000][gc,metaspace] GC(20) Metaspace: 42704K(43328K)->42704K(43328K) NonClass: 37853K(38208K)->37853K(38208K) Class: 4851K(5120K)->4851K(5120K)
[2025-02-11T08:45:36.923+0000][gc          ] GC(20) Pause Young (Normal) (G1 Evacuation Pause) 217M->174M(1024M) 17.228ms
[2025-02-11T08:45:36.923+0000][gc,cpu      ] GC(20) User=0.04s Sys=0.00s Real=0.01s
[2025-02-11T08:45:56.867+0000][gc,start    ] GC(21) Pause Young (Normal) (G1 Evacuation Pause)
[2025-02-11T08:45:56.867+0000][gc,task     ] GC(21) Using 4 workers of 4 for evacuation
[2025-02-11T08:45:56.883+0000][gc,phases   ] GC(21)   Pre Evacuate Collection Set: 0.5ms
[2025-02-11T08:45:56.883+0000][gc,phases   ] GC(21)   Merge Heap Roots: 0.2ms
[2025-02-11T08:45:56.883+0000][gc,phases   ] GC(21)   Evacuate Collection Set: 14.2ms
[2025-02-11T08:45:56.883+0000][gc,phases   ] GC(21)   Post Evacuate Collection Set: 1.1ms
[2025-02-11T08:45:56.883+0000][gc,phases   ] GC(21)   Other: 0.1ms
[2025-02-11T08:45:56.883+0000][gc,heap     ] GC(21) Eden regions: 45->0(46)
[2025-02-11T08:45:56.883+0000][gc,heap     ] GC(21) Survivor regions: 6->5(7)
[2025-02-11T08:45:56.883+0000][gc,heap     ] GC(21) Old regions: 40->43
[2025-02-11T08:45:56.883+0000][gc,heap     ] GC(21) Humongous regions: 129->129
[2025-02-11T08:45:56.883+0000][gc,metaspace] GC(21) Metaspace: 42709K(43392K)->42709K(43392K) NonClass: 37857K(38272K)->37857K(38272K) Class: 4851K(5120K)->4851K(5120K)
[2025-02-11T08:45:56.883+0000][gc          ] GC(21) Pause Young (Normal) (G1 Evacuation Pause) 219M->176M(1024M) 16.485ms
[2025-02-11T08:45:56.883+0000][gc,cpu      ] GC(21) User=0.04s Sys=0.00s Real=0.02s
[2025-02-11T09:00:11.893+0000][gc,start    ] GC(22) Pause Young (Normal) (G1 Evacuation Pause)
[2025-02-11T09:00:11.893+0000][gc,task     ] GC(22) Using 4 workers of 4 for evacuation
[2025-02-11T09:00:11.913+0000][gc,mmu      ] GC(22) MMU target violated: 20.4ms (20.0ms/21.0ms)
[2025-02-11T09:00:11.913+0000][gc,phases   ] GC(22)   Pre Evacuate Collection Set: 0.7ms
[2025-02-11T09:00:11.913+0000][gc,phases   ] GC(22)   Merge Heap Roots: 0.2ms
[2025-02-11T09:00:11.913+0000][gc,phases   ] GC(22)   Evacuate Collection Set: 18.7ms
[2025-02-11T09:00:11.913+0000][gc,phases   ] GC(22)   Post Evacuate Collection Set: 0.8ms
[2025-02-11T09:00:11.913+0000][gc,phases   ] GC(22)   Other: 0.3ms
[2025-02-11T09:00:11.913+0000][gc,heap     ] GC(22) Eden regions: 60->0(42)
[2025-02-11T09:00:11.913+0000][gc,heap     ] GC(22) Survivor regions: 5->9(9)
[2025-02-11T09:00:11.913+0000][gc,heap     ] GC(22) Old regions: 43->45
[2025-02-11T09:00:11.913+0000][gc,heap     ] GC(22) Humongous regions: 129->129
[2025-02-11T09:00:11.913+0000][gc,metaspace] GC(22) Metaspace: 42927K(43584K)->42927K(43584K) NonClass: 38076K(38464K)->38076K(38464K) Class: 4851K(5120K)->4851K(5120K)
[2025-02-11T09:00:11.913+0000][gc          ] GC(22) Pause Young (Normal) (G1 Evacuation Pause) 236M->182M(1024M) 20.764ms
[2025-02-11T09:00:11.913+0000][gc,cpu      ] GC(22) User=0.06s Sys=0.01s Real=0.03s
[2025-02-11T09:01:45.975+0000][gc,start    ] GC(23) Pause Young (Normal) (G1 Evacuation Pause)
[2025-02-11T09:01:45.976+0000][gc,task     ] GC(23) Using 4 workers of 4 for evacuation
[2025-02-11T09:01:45.995+0000][gc,phases   ] GC(23)   Pre Evacuate Collection Set: 0.7ms
[2025-02-11T09:01:45.996+0000][gc,phases   ] GC(23)   Merge Heap Roots: 0.1ms
[2025-02-11T09:01:45.996+0000][gc,phases   ] GC(23)   Evacuate Collection Set: 18.2ms
[2025-02-11T09:01:45.996+0000][gc,phases   ] GC(23)   Post Evacuate Collection Set: 0.8ms
[2025-02-11T09:01:45.996+0000][gc,phases   ] GC(23)   Other: 0.1ms
[2025-02-11T09:01:45.996+0000][gc,heap     ] GC(23) Eden regions: 42->0(47)
[2025-02-11T09:01:45.996+0000][gc,heap     ] GC(23) Survivor regions: 9->4(7)
[2025-02-11T09:01:45.996+0000][gc,heap     ] GC(23) Old regions: 45->53
[2025-02-11T09:01:45.996+0000][gc,heap     ] GC(23) Humongous regions: 129->129
[2025-02-11T09:01:45.996+0000][gc,metaspace] GC(23) Metaspace: 42942K(43584K)->42942K(43584K) NonClass: 38090K(38464K)->38090K(38464K) Class: 4851K(5120K)->4851K(5120K)
[2025-02-11T09:01:45.996+0000][gc          ] GC(23) Pause Young (Normal) (G1 Evacuation Pause) 224M->185M(1024M) 20.252ms
[2025-02-11T09:01:45.996+0000][gc,cpu      ] GC(23) User=0.06s Sys=0.01s Real=0.02s
[2025-02-11T09:02:35.852+0000][gc,start    ] GC(24) Pause Young (Normal) (G1 Evacuation Pause)
[2025-02-11T09:02:35.852+0000][gc,task     ] GC(24) Using 4 workers of 4 for evacuation
[2025-02-11T09:02:35.869+0000][gc,phases   ] GC(24)   Pre Evacuate Collection Set: 0.8ms
[2025-02-11T09:02:35.869+0000][gc,phases   ] GC(24)   Merge Heap Roots: 0.2ms
[2025-02-11T09:02:35.869+0000][gc,phases   ] GC(24)   Evacuate Collection Set: 14.5ms
[2025-02-11T09:02:35.869+0000][gc,phases   ] GC(24)   Post Evacuate Collection Set: 1.2ms
[2025-02-11T09:02:35.869+0000][gc,phases   ] GC(24)   Other: 0.1ms
[2025-02-11T09:02:35.869+0000][gc,heap     ] GC(24) Eden regions: 56->0(44)
[2025-02-11T09:02:35.869+0000][gc,heap     ] GC(24) Survivor regions: 4->7(8)
[2025-02-11T09:02:35.869+0000][gc,heap     ] GC(24) Old regions: 53->53
[2025-02-11T09:02:35.869+0000][gc,heap     ] GC(24) Humongous regions: 129->129
[2025-02-11T09:02:35.869+0000][gc,metaspace] GC(24) Metaspace: 42942K(43584K)->42942K(43584K) NonClass: 38090K(38464K)->38090K(38464K) Class: 4851K(5120K)->4851K(5120K)
[2025-02-11T09:02:35.869+0000][gc          ] GC(24) Pause Young (Normal) (G1 Evacuation Pause) 241M->188M(1024M) 17.041ms
[2025-02-11T09:02:35.869+0000][gc,cpu      ] GC(24) User=0.04s Sys=0.00s Real=0.02s
[2025-02-11T09:03:16.759+0000][gc,start    ] GC(25) Pause Young (Normal) (G1 Evacuation Pause)
[2025-02-11T09:03:16.759+0000][gc,task     ] GC(25) Using 4 workers of 4 for evacuation
[2025-02-11T09:03:16.773+0000][gc,phases   ] GC(25)   Pre Evacuate Collection Set: 0.5ms
[2025-02-11T09:03:16.773+0000][gc,phases   ] GC(25)   Merge Heap Roots: 0.1ms
[2025-02-11T09:03:16.773+0000][gc,phases   ] GC(25)   Evacuate Collection Set: 12.1ms
[2025-02-11T09:03:16.773+0000][gc,phases   ] GC(25)   Post Evacuate Collection Set: 0.7ms
[2025-02-11T09:03:16.773+0000][gc,phases   ] GC(25)   Other: 0.1ms
[2025-02-11T09:03:16.773+0000][gc,heap     ] GC(25) Eden regions: 44->0(48)
[2025-02-11T09:03:16.773+0000][gc,heap     ] GC(25) Survivor regions: 7->6(7)
[2025-02-11T09:03:16.773+0000][gc,heap     ] GC(25) Old regions: 53->56
[2025-02-11T09:03:16.773+0000][gc,heap     ] GC(25) Humongous regions: 129->129
[2025-02-11T09:03:16.773+0000][gc,metaspace] GC(25) Metaspace: 42942K(43584K)->42942K(43584K) NonClass: 38090K(38464K)->38090K(38464K) Class: 4851K(5120K)->4851K(5120K)
[2025-02-11T09:03:16.773+0000][gc          ] GC(25) Pause Young (Normal) (G1 Evacuation Pause) 232M->190M(1024M) 13.879ms
[2025-02-11T09:03:16.773+0000][gc,cpu      ] GC(25) User=0.04s Sys=0.00s Real=0.02s
[2025-02-11T09:03:59.914+0000][gc,start    ] GC(26) Pause Young (Normal) (G1 Evacuation Pause)
[2025-02-11T09:03:59.914+0000][gc,task     ] GC(26) Using 4 workers of 4 for evacuation
[2025-02-11T09:03:59.932+0000][gc,phases   ] GC(26)   Pre Evacuate Collection Set: 0.8ms
[2025-02-11T09:03:59.932+0000][gc,phases   ] GC(26)   Merge Heap Roots: 0.3ms
[2025-02-11T09:03:59.932+0000][gc,phases   ] GC(26)   Evacuate Collection Set: 14.6ms
[2025-02-11T09:03:59.932+0000][gc,phases   ] GC(26)   Post Evacuate Collection Set: 1.7ms
[2025-02-11T09:03:59.932+0000][gc,phases   ] GC(26)   Other: 0.2ms
[2025-02-11T09:03:59.932+0000][gc,heap     ] GC(26) Eden regions: 52->0(44)
[2025-02-11T09:03:59.932+0000][gc,heap     ] GC(26) Survivor regions: 6->7(8)
[2025-02-11T09:03:59.932+0000][gc,heap     ] GC(26) Old regions: 56->60
[2025-02-11T09:03:59.932+0000][gc,heap     ] GC(26) Humongous regions: 129->129
[2025-02-11T09:03:59.932+0000][gc,metaspace] GC(26) Metaspace: 42956K(43584K)->42956K(43584K) NonClass: 38101K(38464K)->38101K(38464K) Class: 4855K(5120K)->4855K(5120K)
[2025-02-11T09:03:59.932+0000][gc          ] GC(26) Pause Young (Normal) (G1 Evacuation Pause) 242M->195M(1024M) 18.011ms
[2025-02-11T09:03:59.932+0000][gc,cpu      ] GC(26) User=0.06s Sys=0.00s Real=0.01s
[2025-02-11T09:04:39.743+0000][gc,start    ] GC(27) Pause Young (Normal) (G1 Evacuation Pause)
[2025-02-11T09:04:39.743+0000][gc,task     ] GC(27) Using 4 workers of 4 for evacuation
[2025-02-11T09:04:39.761+0000][gc,phases   ] GC(27)   Pre Evacuate Collection Set: 0.7ms
[2025-02-11T09:04:39.762+0000][gc,phases   ] GC(27)   Merge Heap Roots: 0.3ms
[2025-02-11T09:04:39.762+0000][gc,phases   ] GC(27)   Evacuate Collection Set: 15.2ms
[2025-02-11T09:04:39.762+0000][gc,phases   ] GC(27)   Post Evacuate Collection Set: 1.7ms
[2025-02-11T09:04:39.762+0000][gc,phases   ] GC(27)   Other: 0.2ms
[2025-02-11T09:04:39.762+0000][gc,heap     ] GC(27) Eden regions: 44->0(107)
[2025-02-11T09:04:39.762+0000][gc,heap     ] GC(27) Survivor regions: 7->2(7)
[2025-02-11T09:04:39.762+0000][gc,heap     ] GC(27) Old regions: 60->66
[2025-02-11T09:04:39.762+0000][gc,heap     ] GC(27) Humongous regions: 129->129
[2025-02-11T09:04:39.762+0000][gc,metaspace] GC(27) Metaspace: 42957K(43584K)->42957K(43584K) NonClass: 38101K(38464K)->38101K(38464K) Class: 4855K(5120K)->4855K(5120K)
[2025-02-11T09:04:39.762+0000][gc          ] GC(27) Pause Young (Normal) (G1 Evacuation Pause) 239M->196M(1024M) 18.443ms
[2025-02-11T09:04:39.762+0000][gc,cpu      ] GC(27) User=0.04s Sys=0.01s Real=0.01s
[2025-02-11T09:06:35.534+0000][gc,start    ] GC(28) Pause Young (Normal) (G1 Evacuation Pause)
[2025-02-11T09:06:35.534+0000][gc,task     ] GC(28) Using 4 workers of 4 for evacuation
[2025-02-11T09:06:35.548+0000][gc,phases   ] GC(28)   Pre Evacuate Collection Set: 0.5ms
[2025-02-11T09:06:35.548+0000][gc,phases   ] GC(28)   Merge Heap Roots: 0.2ms
[2025-02-11T09:06:35.548+0000][gc,phases   ] GC(28)   Evacuate Collection Set: 12.3ms
[2025-02-11T09:06:35.548+0000][gc,phases   ] GC(28)   Post Evacuate Collection Set: 0.8ms
[2025-02-11T09:06:35.548+0000][gc,phases   ] GC(28)   Other: 0.1ms
[2025-02-11T09:06:35.548+0000][gc,heap     ] GC(28) Eden regions: 130->0(45)
[2025-02-11T09:06:35.548+0000][gc,heap     ] GC(28) Survivor regions: 2->6(17)
[2025-02-11T09:06:35.548+0000][gc,heap     ] GC(28) Old regions: 66->66
[2025-02-11T09:06:35.548+0000][gc,heap     ] GC(28) Humongous regions: 129->129
[2025-02-11T09:06:35.548+0000][gc,metaspace] GC(28) Metaspace: 42967K(43584K)->42967K(43584K) NonClass: 38111K(38464K)->38111K(38464K) Class: 4855K(5120K)->4855K(5120K)
[2025-02-11T09:06:35.548+0000][gc          ] GC(28) Pause Young (Normal) (G1 Evacuation Pause) 326M->200M(1024M) 14.270ms
[2025-02-11T09:06:35.549+0000][gc,cpu      ] GC(28) User=0.05s Sys=0.01s Real=0.01s
[2025-02-11T09:07:23.099+0000][gc,start    ] GC(29) Pause Young (Normal) (G1 Evacuation Pause)
[2025-02-11T09:07:23.100+0000][gc,task     ] GC(29) Using 4 workers of 4 for evacuation
[2025-02-11T09:07:23.113+0000][gc,phases   ] GC(29)   Pre Evacuate Collection Set: 0.5ms
[2025-02-11T09:07:23.114+0000][gc,phases   ] GC(29)   Merge Heap Roots: 0.1ms
[2025-02-11T09:07:23.114+0000][gc,phases   ] GC(29)   Evacuate Collection Set: 12.1ms
[2025-02-11T09:07:23.114+0000][gc,phases   ] GC(29)   Post Evacuate Collection Set: 1.0ms
[2025-02-11T09:07:23.114+0000][gc,phases   ] GC(29)   Other: 0.1ms
[2025-02-11T09:07:23.114+0000][gc,heap     ] GC(29) Eden regions: 55->0(102)
[2025-02-11T09:07:23.114+0000][gc,heap     ] GC(29) Survivor regions: 6->2(8)
[2025-02-11T09:07:23.114+0000][gc,heap     ] GC(29) Old regions: 66->72
[2025-02-11T09:07:23.114+0000][gc,heap     ] GC(29) Humongous regions: 129->129
[2025-02-11T09:07:23.114+0000][gc,metaspace] GC(29) Metaspace: 42978K(43584K)->42978K(43584K) NonClass: 38122K(38464K)->38122K(38464K) Class: 4855K(5120K)->4855K(5120K)
[2025-02-11T09:07:23.114+0000][gc          ] GC(29) Pause Young (Normal) (G1 Evacuation Pause) 255M->202M(1024M) 14.269ms
[2025-02-11T09:07:23.114+0000][gc,cpu      ] GC(29) User=0.04s Sys=0.00s Real=0.02s
[2025-02-11T09:09:10.502+0000][gc,start    ] GC(30) Pause Young (Normal) (G1 Evacuation Pause)
[2025-02-11T09:09:10.502+0000][gc,task     ] GC(30) Using 4 workers of 4 for evacuation
[2025-02-11T09:09:10.515+0000][gc,phases   ] GC(30)   Pre Evacuate Collection Set: 0.5ms
[2025-02-11T09:09:10.515+0000][gc,phases   ] GC(30)   Merge Heap Roots: 0.3ms
[2025-02-11T09:09:10.515+0000][gc,phases   ] GC(30)   Evacuate Collection Set: 10.6ms
[2025-02-11T09:09:10.515+0000][gc,phases   ] GC(30)   Post Evacuate Collection Set: 0.8ms
[2025-02-11T09:09:10.515+0000][gc,phases   ] GC(30)   Other: 0.1ms
[2025-02-11T09:09:10.515+0000][gc,heap     ] GC(30) Eden regions: 101->0(58)
[2025-02-11T09:09:10.515+0000][gc,heap     ] GC(30) Survivor regions: 2->6(13)
[2025-02-11T09:09:10.515+0000][gc,heap     ] GC(30) Old regions: 72->72
[2025-02-11T09:09:10.515+0000][gc,heap     ] GC(30) Humongous regions: 129->129
[2025-02-11T09:09:10.515+0000][gc,metaspace] GC(30) Metaspace: 42995K(43584K)->42995K(43584K) NonClass: 38140K(38464K)->38140K(38464K) Class: 4855K(5120K)->4855K(5120K)
[2025-02-11T09:09:10.515+0000][gc          ] GC(30) Pause Young (Normal) (G1 Evacuation Pause) 303M->206M(1024M) 12.687ms
[2025-02-11T09:09:10.515+0000][gc,cpu      ] GC(30) User=0.04s Sys=0.00s Real=0.02s
[2025-02-11T09:12:09.234+0000][gc,start    ] GC(31) Pause Young (Normal) (G1 Evacuation Pause)
[2025-02-11T09:12:09.234+0000][gc,task     ] GC(31) Using 4 workers of 4 for evacuation
[2025-02-11T09:12:09.251+0000][gc,phases   ] GC(31)   Pre Evacuate Collection Set: 0.7ms
[2025-02-11T09:12:09.251+0000][gc,phases   ] GC(31)   Merge Heap Roots: 0.2ms
[2025-02-11T09:12:09.251+0000][gc,phases   ] GC(31)   Evacuate Collection Set: 15.0ms
[2025-02-11T09:12:09.251+0000][gc,phases   ] GC(31)   Post Evacuate Collection Set: 0.7ms
[2025-02-11T09:12:09.251+0000][gc,phases   ] GC(31)   Other: 0.1ms
[2025-02-11T09:12:09.251+0000][gc,heap     ] GC(31) Eden regions: 64->0(43)
[2025-02-11T09:12:09.251+0000][gc,heap     ] GC(31) Survivor regions: 6->8(9)
[2025-02-11T09:12:09.251+0000][gc,heap     ] GC(31) Old regions: 72->74
[2025-02-11T09:12:09.251+0000][gc,heap     ] GC(31) Humongous regions: 129->129
[2025-02-11T09:12:09.251+0000][gc,metaspace] GC(31) Metaspace: 43011K(43648K)->43011K(43648K) NonClass: 38154K(38528K)->38154K(38528K) Class: 4857K(5120K)->4857K(5120K)
[2025-02-11T09:12:09.251+0000][gc          ] GC(31) Pause Young (Normal) (G1 Evacuation Pause) 270M->210M(1024M) 16.988ms
[2025-02-11T09:12:09.251+0000][gc,cpu      ] GC(31) User=0.06s Sys=0.01s Real=0.01s
[2025-02-11T09:12:48.234+0000][gc,start    ] GC(32) Pause Young (Normal) (G1 Evacuation Pause)
[2025-02-11T09:12:48.234+0000][gc,task     ] GC(32) Using 4 workers of 4 for evacuation
[2025-02-11T09:12:48.251+0000][gc,phases   ] GC(32)   Pre Evacuate Collection Set: 0.5ms
[2025-02-11T09:12:48.251+0000][gc,phases   ] GC(32)   Merge Heap Roots: 0.2ms
[2025-02-11T09:12:48.251+0000][gc,phases   ] GC(32)   Evacuate Collection Set: 15.0ms
[2025-02-11T09:12:48.251+0000][gc,phases   ] GC(32)   Post Evacuate Collection Set: 0.9ms
[2025-02-11T09:12:48.251+0000][gc,phases   ] GC(32)   Other: 0.2ms
[2025-02-11T09:12:48.251+0000][gc,heap     ] GC(32) Eden regions: 43->0(51)
[2025-02-11T09:12:48.251+0000][gc,heap     ] GC(32) Survivor regions: 8->7(7)
[2025-02-11T09:12:48.251+0000][gc,heap     ] GC(32) Old regions: 74->78
[2025-02-11T09:12:48.251+0000][gc,heap     ] GC(32) Humongous regions: 129->129
[2025-02-11T09:12:48.251+0000][gc,metaspace] GC(32) Metaspace: 43011K(43648K)->43011K(43648K) NonClass: 38154K(38528K)->38154K(38528K) Class: 4857K(5120K)->4857K(5120K)
[2025-02-11T09:12:48.251+0000][gc          ] GC(32) Pause Young (Normal) (G1 Evacuation Pause) 253M->213M(1024M) 17.128ms
[2025-02-11T09:12:48.251+0000][gc,cpu      ] GC(32) User=0.06s Sys=0.01s Real=0.01s
[2025-02-11T09:13:34.916+0000][gc,start    ] GC(33) Pause Young (Normal) (G1 Evacuation Pause)
[2025-02-11T09:13:34.916+0000][gc,task     ] GC(33) Using 4 workers of 4 for evacuation
[2025-02-11T09:13:34.934+0000][gc,phases   ] GC(33)   Pre Evacuate Collection Set: 0.4ms
[2025-02-11T09:13:34.934+0000][gc,phases   ] GC(33)   Merge Heap Roots: 0.3ms
[2025-02-11T09:13:34.934+0000][gc,phases   ] GC(33)   Evacuate Collection Set: 15.4ms
[2025-02-11T09:13:34.934+0000][gc,phases   ] GC(33)   Post Evacuate Collection Set: 1.7ms
[2025-02-11T09:13:34.934+0000][gc,phases   ] GC(33)   Other: 0.1ms
[2025-02-11T09:13:34.934+0000][gc,heap     ] GC(33) Eden regions: 45->0(85)
[2025-02-11T09:13:34.934+0000][gc,heap     ] GC(33) Survivor regions: 7->5(7)
[2025-02-11T09:13:34.934+0000][gc,heap     ] GC(33) Old regions: 78->81
[2025-02-11T09:13:34.934+0000][gc,heap     ] GC(33) Humongous regions: 129->129
[2025-02-11T09:13:34.934+0000][gc,metaspace] GC(33) Metaspace: 43011K(43648K)->43011K(43648K) NonClass: 38154K(38528K)->38154K(38528K) Class: 4857K(5120K)->4857K(5120K)
[2025-02-11T09:13:34.934+0000][gc          ] GC(33) Pause Young (Normal) (G1 Evacuation Pause) 258M->214M(1024M) 18.363ms
[2025-02-11T09:13:34.934+0000][gc,cpu      ] GC(33) User=0.06s Sys=0.00s Real=0.02s
[2025-02-11T09:15:35.961+0000][gc,start    ] GC(34) Pause Young (Normal) (G1 Evacuation Pause)
[2025-02-11T09:15:35.962+0000][gc,task     ] GC(34) Using 4 workers of 4 for evacuation
[2025-02-11T09:15:35.976+0000][gc,phases   ] GC(34)   Pre Evacuate Collection Set: 0.6ms
[2025-02-11T09:15:35.976+0000][gc,phases   ] GC(34)   Merge Heap Roots: 0.2ms
[2025-02-11T09:15:35.976+0000][gc,phases   ] GC(34)   Evacuate Collection Set: 12.6ms
[2025-02-11T09:15:35.976+0000][gc,phases   ] GC(34)   Post Evacuate Collection Set: 0.7ms
[2025-02-11T09:15:35.976+0000][gc,phases   ] GC(34)   Other: 0.2ms
[2025-02-11T09:15:35.976+0000][gc,heap     ] GC(34) Eden regions: 78->0(42)
[2025-02-11T09:15:35.976+0000][gc,heap     ] GC(34) Survivor regions: 5->9(11)
[2025-02-11T09:15:35.976+0000][gc,heap     ] GC(34) Old regions: 81->81
[2025-02-11T09:15:35.976+0000][gc,heap     ] GC(34) Humongous regions: 129->129
[2025-02-11T09:15:35.976+0000][gc,metaspace] GC(34) Metaspace: 43011K(43648K)->43011K(43648K) NonClass: 38154K(38528K)->38154K(38528K) Class: 4857K(5120K)->4857K(5120K)
[2025-02-11T09:15:35.976+0000][gc          ] GC(34) Pause Young (Normal) (G1 Evacuation Pause) 292M->218M(1024M) 14.555ms
[2025-02-11T09:15:35.976+0000][gc,cpu      ] GC(34) User=0.05s Sys=0.00s Real=0.02s
[2025-02-11T09:16:17.509+0000][gc,start    ] GC(35) Pause Young (Normal) (G1 Evacuation Pause)
[2025-02-11T09:16:17.509+0000][gc,task     ] GC(35) Using 4 workers of 4 for evacuation
[2025-02-11T09:16:17.528+0000][gc,phases   ] GC(35)   Pre Evacuate Collection Set: 0.5ms
[2025-02-11T09:16:17.528+0000][gc,phases   ] GC(35)   Merge Heap Roots: 0.1ms
[2025-02-11T09:16:17.528+0000][gc,phases   ] GC(35)   Evacuate Collection Set: 15.4ms
[2025-02-11T09:16:17.528+0000][gc,phases   ] GC(35)   Post Evacuate Collection Set: 2.3ms
[2025-02-11T09:16:17.528+0000][gc,phases   ] GC(35)   Other: 0.1ms
[2025-02-11T09:16:17.528+0000][gc,heap     ] GC(35) Eden regions: 42->0(64)
[2025-02-11T09:16:17.528+0000][gc,heap     ] GC(35) Survivor regions: 9->7(7)
[2025-02-11T09:16:17.528+0000][gc,heap     ] GC(35) Old regions: 81->86
[2025-02-11T09:16:17.528+0000][gc,heap     ] GC(35) Humongous regions: 129->129
[2025-02-11T09:16:17.528+0000][gc,metaspace] GC(35) Metaspace: 43011K(43648K)->43011K(43648K) NonClass: 38154K(38528K)->38154K(38528K) Class: 4857K(5120K)->4857K(5120K)
[2025-02-11T09:16:17.528+0000][gc          ] GC(35) Pause Young (Normal) (G1 Evacuation Pause) 260M->221M(1024M) 18.661ms
[2025-02-11T09:16:17.528+0000][gc,cpu      ] GC(35) User=0.06s Sys=0.00s Real=0.02s
[2025-02-11T09:17:16.901+0000][gc,start    ] GC(36) Pause Young (Normal) (G1 Evacuation Pause)
[2025-02-11T09:17:16.901+0000][gc,task     ] GC(36) Using 4 workers of 4 for evacuation
[2025-02-11T09:17:16.924+0000][gc,mmu      ] GC(36) MMU target violated: 21.0ms (20.0ms/21.0ms)
[2025-02-11T09:17:16.924+0000][gc,phases   ] GC(36)   Pre Evacuate Collection Set: 0.8ms
[2025-02-11T09:17:16.924+0000][gc,phases   ] GC(36)   Merge Heap Roots: 0.2ms
[2025-02-11T09:17:16.924+0000][gc,phases   ] GC(36)   Evacuate Collection Set: 20.8ms
[2025-02-11T09:17:16.924+0000][gc,phases   ] GC(36)   Post Evacuate Collection Set: 0.8ms
[2025-02-11T09:17:16.924+0000][gc,phases   ] GC(36)   Other: 0.2ms
[2025-02-11T09:17:16.924+0000][gc,heap     ] GC(36) Eden regions: 58->0(74)
[2025-02-11T09:17:16.924+0000][gc,heap     ] GC(36) Survivor regions: 7->5(9)
[2025-02-11T09:17:16.924+0000][gc,heap     ] GC(36) Old regions: 86->90
[2025-02-11T09:17:16.924+0000][gc,heap     ] GC(36) Humongous regions: 129->129
[2025-02-11T09:17:16.924+0000][gc,metaspace] GC(36) Metaspace: 43013K(43648K)->43013K(43648K) NonClass: 38156K(38528K)->38156K(38528K) Class: 4857K(5120K)->4857K(5120K)
[2025-02-11T09:17:16.924+0000][gc          ] GC(36) Pause Young (Normal) (G1 Evacuation Pause) 279M->223M(1024M) 23.029ms
[2025-02-11T09:17:16.924+0000][gc,cpu      ] GC(36) User=0.05s Sys=0.00s Real=0.03s
[2025-02-11T09:18:18.982+0000][gc,start    ] GC(37) Pause Young (Normal) (G1 Evacuation Pause)
[2025-02-11T09:18:18.982+0000][gc,task     ] GC(37) Using 4 workers of 4 for evacuation
[2025-02-11T09:18:18.999+0000][gc,phases   ] GC(37)   Pre Evacuate Collection Set: 0.6ms
[2025-02-11T09:18:19.000+0000][gc,phases   ] GC(37)   Merge Heap Roots: 0.3ms
[2025-02-11T09:18:19.000+0000][gc,phases   ] GC(37)   Evacuate Collection Set: 13.2ms
[2025-02-11T09:18:19.000+0000][gc,phases   ] GC(37)   Post Evacuate Collection Set: 2.8ms
[2025-02-11T09:18:19.000+0000][gc,phases   ] GC(37)   Other: 0.1ms
[2025-02-11T09:18:19.000+0000][gc,heap     ] GC(37) Eden regions: 61->0(68)
[2025-02-11T09:18:19.000+0000][gc,heap     ] GC(37) Survivor regions: 5->5(9)
[2025-02-11T09:18:19.000+0000][gc,heap     ] GC(37) Old regions: 90->92
[2025-02-11T09:18:19.000+0000][gc,heap     ] GC(37) Humongous regions: 129->129
[2025-02-11T09:18:19.000+0000][gc,metaspace] GC(37) Metaspace: 43013K(43648K)->43013K(43648K) NonClass: 38156K(38528K)->38156K(38528K) Class: 4857K(5120K)->4857K(5120K)
[2025-02-11T09:18:19.000+0000][gc          ] GC(37) Pause Young (Normal) (G1 Evacuation Pause) 284M->225M(1024M) 17.323ms
[2025-02-11T09:18:19.000+0000][gc,cpu      ] GC(37) User=0.05s Sys=0.00s Real=0.02s
[2025-02-11T09:19:10.094+0000][gc,start    ] GC(38) Pause Young (Normal) (G1 Evacuation Pause)
[2025-02-11T09:19:10.094+0000][gc,task     ] GC(38) Using 4 workers of 4 for evacuation
[2025-02-11T09:19:10.110+0000][gc,phases   ] GC(38)   Pre Evacuate Collection Set: 0.6ms
[2025-02-11T09:19:10.110+0000][gc,phases   ] GC(38)   Merge Heap Roots: 0.3ms
[2025-02-11T09:19:10.110+0000][gc,phases   ] GC(38)   Evacuate Collection Set: 12.1ms
[2025-02-11T09:19:10.110+0000][gc,phases   ] GC(38)   Post Evacuate Collection Set: 2.2ms
[2025-02-11T09:19:10.110+0000][gc,phases   ] GC(38)   Other: 0.1ms
[2025-02-11T09:19:10.110+0000][gc,heap     ] GC(38) Eden regions: 46->0(69)
[2025-02-11T09:19:10.110+0000][gc,heap     ] GC(38) Survivor regions: 5->5(7)
[2025-02-11T09:19:10.110+0000][gc,heap     ] GC(38) Old regions: 92->95
[2025-02-11T09:19:10.110+0000][gc,heap     ] GC(38) Humongous regions: 129->129
[2025-02-11T09:19:10.110+0000][gc,metaspace] GC(38) Metaspace: 43015K(43648K)->43015K(43648K) NonClass: 38158K(38528K)->38158K(38528K) Class: 4857K(5120K)->4857K(5120K)
[2025-02-11T09:19:10.110+0000][gc          ] GC(38) Pause Young (Normal) (G1 Evacuation Pause) 271M->228M(1024M) 15.790ms
[2025-02-11T09:19:10.110+0000][gc,cpu      ] GC(38) User=0.05s Sys=0.01s Real=0.01s
[2025-02-11T09:30:26.658+0000][gc,start    ] GC(39) Pause Young (Normal) (G1 Evacuation Pause)
[2025-02-11T09:30:26.658+0000][gc,task     ] GC(39) Using 4 workers of 4 for evacuation
[2025-02-11T09:30:26.680+0000][gc,mmu      ] GC(39) MMU target violated: 21.0ms (20.0ms/21.0ms)
[2025-02-11T09:30:26.680+0000][gc,phases   ] GC(39)   Pre Evacuate Collection Set: 0.8ms
[2025-02-11T09:30:26.680+0000][gc,phases   ] GC(39)   Merge Heap Roots: 0.4ms
[2025-02-11T09:30:26.680+0000][gc,phases   ] GC(39)   Evacuate Collection Set: 19.9ms
[2025-02-11T09:30:26.680+0000][gc,phases   ] GC(39)   Post Evacuate Collection Set: 0.8ms
[2025-02-11T09:30:26.680+0000][gc,phases   ] GC(39)   Other: 0.2ms
[2025-02-11T09:30:26.680+0000][gc,heap     ] GC(39) Eden regions: 54->0(45)
[2025-02-11T09:30:26.680+0000][gc,heap     ] GC(39) Survivor regions: 5->6(8)
[2025-02-11T09:30:26.680+0000][gc,heap     ] GC(39) Old regions: 95->98
[2025-02-11T09:30:26.680+0000][gc,heap     ] GC(39) Humongous regions: 129->129
[2025-02-11T09:30:26.680+0000][gc,metaspace] GC(39) Metaspace: 43027K(43648K)->43027K(43648K) NonClass: 38170K(38528K)->38170K(38528K) Class: 4857K(5120K)->4857K(5120K)
[2025-02-11T09:30:26.680+0000][gc          ] GC(39) Pause Young (Normal) (G1 Evacuation Pause) 282M->231M(1024M) 22.236ms
[2025-02-11T09:30:26.680+0000][gc,cpu      ] GC(39) User=0.05s Sys=0.00s Real=0.02s
[2025-02-11T09:39:17.371+0000][gc,start    ] GC(40) Pause Young (Normal) (G1 Evacuation Pause)
[2025-02-11T09:39:17.371+0000][gc,task     ] GC(40) Using 4 workers of 4 for evacuation
[2025-02-11T09:39:17.393+0000][gc,mmu      ] GC(40) MMU target violated: 21.0ms (20.0ms/21.0ms)
[2025-02-11T09:39:17.393+0000][gc,phases   ] GC(40)   Pre Evacuate Collection Set: 0.9ms
[2025-02-11T09:39:17.393+0000][gc,phases   ] GC(40)   Merge Heap Roots: 0.3ms
[2025-02-11T09:39:17.393+0000][gc,phases   ] GC(40)   Evacuate Collection Set: 19.4ms
[2025-02-11T09:39:17.393+0000][gc,phases   ] GC(40)   Post Evacuate Collection Set: 1.4ms
[2025-02-11T09:39:17.393+0000][gc,phases   ] GC(40)   Other: 0.2ms
[2025-02-11T09:39:17.393+0000][gc,heap     ] GC(40) Eden regions: 45->0(44)
[2025-02-11T09:39:17.393+0000][gc,heap     ] GC(40) Survivor regions: 6->7(7)
[2025-02-11T09:39:17.393+0000][gc,heap     ] GC(40) Old regions: 98->99
[2025-02-11T09:39:17.393+0000][gc,heap     ] GC(40) Humongous regions: 129->129
[2025-02-11T09:39:17.393+0000][gc,metaspace] GC(40) Metaspace: 43056K(43648K)->43056K(43648K) NonClass: 38199K(38528K)->38199K(38528K) Class: 4857K(5120K)->4857K(5120K)
[2025-02-11T09:39:17.393+0000][gc          ] GC(40) Pause Young (Normal) (G1 Evacuation Pause) 276M->234M(1024M) 22.485ms
[2025-02-11T09:39:17.393+0000][gc,cpu      ] GC(40) User=0.05s Sys=0.00s Real=0.03s
[2025-02-11T09:39:37.843+0000][gc,start    ] GC(41) Pause Young (Normal) (G1 Evacuation Pause)
[2025-02-11T09:39:37.843+0000][gc,task     ] GC(41) Using 4 workers of 4 for evacuation
[2025-02-11T09:39:37.869+0000][gc,mmu      ] GC(41) MMU target violated: 21.0ms (20.0ms/21.0ms)
[2025-02-11T09:39:37.869+0000][gc,phases   ] GC(41)   Pre Evacuate Collection Set: 0.6ms
[2025-02-11T09:39:37.869+0000][gc,phases   ] GC(41)   Merge Heap Roots: 0.3ms
[2025-02-11T09:39:37.869+0000][gc,phases   ] GC(41)   Evacuate Collection Set: 23.6ms
[2025-02-11T09:39:37.869+0000][gc,phases   ] GC(41)   Post Evacuate Collection Set: 0.7ms
[2025-02-11T09:39:37.869+0000][gc,phases   ] GC(41)   Other: 0.3ms
[2025-02-11T09:39:37.869+0000][gc,heap     ] GC(41) Eden regions: 44->0(45)
[2025-02-11T09:39:37.869+0000][gc,heap     ] GC(41) Survivor regions: 7->6(7)
[2025-02-11T09:39:37.869+0000][gc,heap     ] GC(41) Old regions: 99->103
[2025-02-11T09:39:37.869+0000][gc,heap     ] GC(41) Humongous regions: 129->129
[2025-02-11T09:39:37.869+0000][gc,metaspace] GC(41) Metaspace: 43069K(43648K)->43069K(43648K) NonClass: 38212K(38528K)->38212K(38528K) Class: 4857K(5120K)->4857K(5120K)
[2025-02-11T09:39:37.869+0000][gc          ] GC(41) Pause Young (Normal) (G1 Evacuation Pause) 278M->236M(1024M) 25.821ms
[2025-02-11T09:39:37.869+0000][gc,cpu      ] GC(41) User=0.05s Sys=0.00s Real=0.02s
[2025-02-11T09:39:58.193+0000][gc,start    ] GC(42) Pause Young (Normal) (G1 Evacuation Pause)
[2025-02-11T09:39:58.193+0000][gc,task     ] GC(42) Using 4 workers of 4 for evacuation
[2025-02-11T09:39:58.210+0000][gc,phases   ] GC(42)   Pre Evacuate Collection Set: 0.5ms
[2025-02-11T09:39:58.211+0000][gc,phases   ] GC(42)   Merge Heap Roots: 0.2ms
[2025-02-11T09:39:58.211+0000][gc,phases   ] GC(42)   Evacuate Collection Set: 14.4ms
[2025-02-11T09:39:58.211+0000][gc,phases   ] GC(42)   Post Evacuate Collection Set: 2.5ms
[2025-02-11T09:39:58.211+0000][gc,phases   ] GC(42)   Other: 0.1ms
[2025-02-11T09:39:58.211+0000][gc,heap     ] GC(42) Eden regions: 45->0(47)
[2025-02-11T09:39:58.211+0000][gc,heap     ] GC(42) Survivor regions: 6->4(7)
[2025-02-11T09:39:58.211+0000][gc,heap     ] GC(42) Old regions: 103->106
[2025-02-11T09:39:58.211+0000][gc,heap     ] GC(42) Humongous regions: 129->129
[2025-02-11T09:39:58.211+0000][gc,metaspace] GC(42) Metaspace: 43069K(43648K)->43069K(43648K) NonClass: 38212K(38528K)->38212K(38528K) Class: 4857K(5120K)->4857K(5120K)
[2025-02-11T09:39:58.211+0000][gc          ] GC(42) Pause Young (Normal) (G1 Evacuation Pause) 281M->238M(1024M) 18.016ms
[2025-02-11T09:39:58.211+0000][gc,cpu      ] GC(42) User=0.04s Sys=0.00s Real=0.02s
[2025-02-11T09:40:29.608+0000][gc,start    ] GC(43) Pause Young (Normal) (G1 Evacuation Pause)
[2025-02-11T09:40:29.608+0000][gc,task     ] GC(43) Using 4 workers of 4 for evacuation
[2025-02-11T09:40:29.625+0000][gc,phases   ] GC(43)   Pre Evacuate Collection Set: 0.9ms
[2025-02-11T09:40:29.625+0000][gc,phases   ] GC(43)   Merge Heap Roots: 0.2ms
[2025-02-11T09:40:29.625+0000][gc,phases   ] GC(43)   Evacuate Collection Set: 14.5ms
[2025-02-11T09:40:29.625+0000][gc,phases   ] GC(43)   Post Evacuate Collection Set: 1.1ms
[2025-02-11T09:40:29.625+0000][gc,phases   ] GC(43)   Other: 0.1ms
[2025-02-11T09:40:29.625+0000][gc,heap     ] GC(43) Eden regions: 79->0(45)
[2025-02-11T09:40:29.625+0000][gc,heap     ] GC(43) Survivor regions: 4->6(11)
[2025-02-11T09:40:29.625+0000][gc,heap     ] GC(43) Old regions: 106->106
[2025-02-11T09:40:29.625+0000][gc,heap     ] GC(43) Humongous regions: 129->129
[2025-02-11T09:40:29.625+0000][gc,metaspace] GC(43) Metaspace: 43069K(43648K)->43069K(43648K) NonClass: 38212K(38528K)->38212K(38528K) Class: 4857K(5120K)->4857K(5120K)
[2025-02-11T09:40:29.625+0000][gc          ] GC(43) Pause Young (Normal) (G1 Evacuation Pause) 317M->240M(1024M) 17.068ms
[2025-02-11T09:40:29.625+0000][gc,cpu      ] GC(43) User=0.03s Sys=0.00s Real=0.02s
[2025-02-11T09:41:02.509+0000][gc,start    ] GC(44) Pause Young (Normal) (G1 Evacuation Pause)
[2025-02-11T09:41:02.509+0000][gc,task     ] GC(44) Using 4 workers of 4 for evacuation
[2025-02-11T09:41:02.525+0000][gc,phases   ] GC(44)   Pre Evacuate Collection Set: 0.5ms
[2025-02-11T09:41:02.525+0000][gc,phases   ] GC(44)   Merge Heap Roots: 0.1ms
[2025-02-11T09:41:02.525+0000][gc,phases   ] GC(44)   Evacuate Collection Set: 12.9ms
[2025-02-11T09:41:02.525+0000][gc,phases   ] GC(44)   Post Evacuate Collection Set: 2.1ms
[2025-02-11T09:41:02.525+0000][gc,phases   ] GC(44)   Other: 0.1ms
[2025-02-11T09:41:02.525+0000][gc,heap     ] GC(44) Eden regions: 55->0(49)
[2025-02-11T09:41:02.525+0000][gc,heap     ] GC(44) Survivor regions: 6->5(8)
[2025-02-11T09:41:02.525+0000][gc,heap     ] GC(44) Old regions: 106->108
[2025-02-11T09:41:02.525+0000][gc,heap     ] GC(44) Humongous regions: 129->129
[2025-02-11T09:41:02.525+0000][gc,metaspace] GC(44) Metaspace: 43069K(43648K)->43069K(43648K) NonClass: 38212K(38528K)->38212K(38528K) Class: 4857K(5120K)->4857K(5120K)
[2025-02-11T09:41:02.526+0000][gc          ] GC(44) Pause Young (Normal) (G1 Evacuation Pause) 295M->241M(1024M) 16.140ms
[2025-02-11T09:41:02.526+0000][gc,cpu      ] GC(44) User=0.04s Sys=0.00s Real=0.02s
[2025-02-11T09:42:18.316+0000][gc,start    ] GC(45) Pause Young (Normal) (G1 Evacuation Pause)
[2025-02-11T09:42:18.316+0000][gc,task     ] GC(45) Using 4 workers of 4 for evacuation
[2025-02-11T09:42:18.329+0000][gc,phases   ] GC(45)   Pre Evacuate Collection Set: 0.7ms
[2025-02-11T09:42:18.329+0000][gc,phases   ] GC(45)   Merge Heap Roots: 0.3ms
[2025-02-11T09:42:18.329+0000][gc,phases   ] GC(45)   Evacuate Collection Set: 10.9ms
[2025-02-11T09:42:18.329+0000][gc,phases   ] GC(45)   Post Evacuate Collection Set: 0.8ms
[2025-02-11T09:42:18.329+0000][gc,phases   ] GC(45)   Other: 0.1ms
[2025-02-11T09:42:18.329+0000][gc,heap     ] GC(45) Eden regions: 68->0(43)
[2025-02-11T09:42:18.329+0000][gc,heap     ] GC(45) Survivor regions: 5->8(10)
[2025-02-11T09:42:18.329+0000][gc,heap     ] GC(45) Old regions: 108->108
[2025-02-11T09:42:18.329+0000][gc,heap     ] GC(45) Humongous regions: 129->129
[2025-02-11T09:42:18.329+0000][gc,metaspace] GC(45) Metaspace: 43069K(43648K)->43069K(43648K) NonClass: 38212K(38528K)->38212K(38528K) Class: 4857K(5120K)->4857K(5120K)
[2025-02-11T09:42:18.329+0000][gc          ] GC(45) Pause Young (Normal) (G1 Evacuation Pause) 309M->244M(1024M) 13.171ms
[2025-02-11T09:42:18.329+0000][gc,cpu      ] GC(45) User=0.04s Sys=0.00s Real=0.01s
[2025-02-11T09:45:03.563+0000][gc,start    ] GC(46) Pause Young (Normal) (G1 Evacuation Pause)
[2025-02-11T09:45:03.563+0000][gc,task     ] GC(46) Using 4 workers of 4 for evacuation
[2025-02-11T09:45:03.589+0000][gc,mmu      ] GC(46) MMU target violated: 21.0ms (20.0ms/21.0ms)
[2025-02-11T09:45:03.589+0000][gc,phases   ] GC(46)   Pre Evacuate Collection Set: 0.7ms
[2025-02-11T09:45:03.589+0000][gc,phases   ] GC(46)   Merge Heap Roots: 0.2ms
[2025-02-11T09:45:03.589+0000][gc,phases   ] GC(46)   Evacuate Collection Set: 21.5ms
[2025-02-11T09:45:03.589+0000][gc,phases   ] GC(46)   Post Evacuate Collection Set: 3.7ms
[2025-02-11T09:45:03.589+0000][gc,phases   ] GC(46)   Other: 0.2ms
[2025-02-11T09:45:03.589+0000][gc,heap     ] GC(46) Eden regions: 43->0(45)
[2025-02-11T09:45:03.589+0000][gc,heap     ] GC(46) Survivor regions: 8->6(7)
[2025-02-11T09:45:03.589+0000][gc,heap     ] GC(46) Old regions: 108->113
[2025-02-11T09:45:03.589+0000][gc,heap     ] GC(46) Humongous regions: 129->129
[2025-02-11T09:45:03.589+0000][gc,metaspace] GC(46) Metaspace: 43069K(43648K)->43069K(43648K) NonClass: 38212K(38528K)->38212K(38528K) Class: 4857K(5120K)->4857K(5120K)
[2025-02-11T09:45:03.590+0000][gc          ] GC(46) Pause Young (Normal) (G1 Evacuation Pause) 287M->247M(1024M) 26.397ms
[2025-02-11T09:45:03.590+0000][gc,cpu      ] GC(46) User=0.06s Sys=0.01s Real=0.02s
[2025-02-11T09:45:44.006+0000][gc,start    ] GC(47) Pause Young (Normal) (G1 Evacuation Pause)
[2025-02-11T09:45:44.006+0000][gc,task     ] GC(47) Using 4 workers of 4 for evacuation
[2025-02-11T09:45:44.023+0000][gc,phases   ] GC(47)   Pre Evacuate Collection Set: 0.5ms
[2025-02-11T09:45:44.023+0000][gc,phases   ] GC(47)   Merge Heap Roots: 0.2ms
[2025-02-11T09:45:44.023+0000][gc,phases   ] GC(47)   Evacuate Collection Set: 11.8ms
[2025-02-11T09:45:44.023+0000][gc,phases   ] GC(47)   Post Evacuate Collection Set: 3.9ms
[2025-02-11T09:45:44.023+0000][gc,phases   ] GC(47)   Other: 0.1ms
[2025-02-11T09:45:44.023+0000][gc,heap     ] GC(47) Eden regions: 45->0(45)
[2025-02-11T09:45:44.023+0000][gc,heap     ] GC(47) Survivor regions: 6->6(7)
[2025-02-11T09:45:44.023+0000][gc,heap     ] GC(47) Old regions: 113->116
[2025-02-11T09:45:44.023+0000][gc,heap     ] GC(47) Humongous regions: 129->129
[2025-02-11T09:45:44.023+0000][gc,metaspace] GC(47) Metaspace: 43069K(43648K)->43069K(43648K) NonClass: 38212K(38528K)->38212K(38528K) Class: 4857K(5120K)->4857K(5120K)
[2025-02-11T09:45:44.023+0000][gc          ] GC(47) Pause Young (Normal) (G1 Evacuation Pause) 292M->249M(1024M) 16.762ms
[2025-02-11T09:45:44.023+0000][gc,cpu      ] GC(47) User=0.05s Sys=0.00s Real=0.01s
[2025-02-11T09:46:35.140+0000][gc,start    ] GC(48) Pause Young (Normal) (G1 Evacuation Pause)
[2025-02-11T09:46:35.140+0000][gc,task     ] GC(48) Using 4 workers of 4 for evacuation
[2025-02-11T09:46:35.154+0000][gc,phases   ] GC(48)   Pre Evacuate Collection Set: 0.6ms
[2025-02-11T09:46:35.154+0000][gc,phases   ] GC(48)   Merge Heap Roots: 0.2ms
[2025-02-11T09:46:35.154+0000][gc,phases   ] GC(48)   Evacuate Collection Set: 11.8ms
[2025-02-11T09:46:35.154+0000][gc,phases   ] GC(48)   Post Evacuate Collection Set: 1.0ms
[2025-02-11T09:46:35.154+0000][gc,phases   ] GC(48)   Other: 0.3ms
[2025-02-11T09:46:35.154+0000][gc,heap     ] GC(48) Eden regions: 45->0(49)
[2025-02-11T09:46:35.154+0000][gc,heap     ] GC(48) Survivor regions: 6->6(7)
[2025-02-11T09:46:35.154+0000][gc,heap     ] GC(48) Old regions: 116->118
[2025-02-11T09:46:35.154+0000][gc,heap     ] GC(48) Humongous regions: 129->129
[2025-02-11T09:46:35.154+0000][gc,metaspace] GC(48) Metaspace: 43070K(43648K)->43070K(43648K) NonClass: 38213K(38528K)->38213K(38528K) Class: 4857K(5120K)->4857K(5120K)
[2025-02-11T09:46:35.155+0000][gc          ] GC(48) Pause Young (Normal) (G1 Evacuation Pause) 294M->252M(1024M) 14.326ms
[2025-02-11T09:46:35.155+0000][gc,cpu      ] GC(48) User=0.04s Sys=0.00s Real=0.02s
[2025-02-11T09:47:17.990+0000][gc,start    ] GC(49) Pause Young (Normal) (G1 Evacuation Pause)
[2025-02-11T09:47:17.990+0000][gc,task     ] GC(49) Using 4 workers of 4 for evacuation
[2025-02-11T09:47:18.003+0000][gc,phases   ] GC(49)   Pre Evacuate Collection Set: 0.6ms
[2025-02-11T09:47:18.004+0000][gc,phases   ] GC(49)   Merge Heap Roots: 0.3ms
[2025-02-11T09:47:18.004+0000][gc,phases   ] GC(49)   Evacuate Collection Set: 11.2ms
[2025-02-11T09:47:18.004+0000][gc,phases   ] GC(49)   Post Evacuate Collection Set: 0.8ms
[2025-02-11T09:47:18.004+0000][gc,phases   ] GC(49)   Other: 0.1ms
[2025-02-11T09:47:18.004+0000][gc,heap     ] GC(49) Eden regions: 45->0(79)
[2025-02-11T09:47:18.004+0000][gc,heap     ] GC(49) Survivor regions: 6->5(7)
[2025-02-11T09:47:18.004+0000][gc,heap     ] GC(49) Old regions: 118->121
[2025-02-11T09:47:18.004+0000][gc,heap     ] GC(49) Humongous regions: 129->129
[2025-02-11T09:47:18.004+0000][gc,metaspace] GC(49) Metaspace: 43070K(43648K)->43070K(43648K) NonClass: 38213K(38528K)->38213K(38528K) Class: 4857K(5120K)->4857K(5120K)
[2025-02-11T09:47:18.004+0000][gc          ] GC(49) Pause Young (Normal) (G1 Evacuation Pause) 297M->254M(1024M) 13.277ms
[2025-02-11T09:47:18.004+0000][gc,cpu      ] GC(49) User=0.05s Sys=0.00s Real=0.02s
[2025-02-11T09:49:20.936+0000][gc,start    ] GC(50) Pause Young (Normal) (G1 Evacuation Pause)
[2025-02-11T09:49:20.936+0000][gc,task     ] GC(50) Using 4 workers of 4 for evacuation
[2025-02-11T09:49:20.951+0000][gc,phases   ] GC(50)   Pre Evacuate Collection Set: 0.7ms
[2025-02-11T09:49:20.951+0000][gc,phases   ] GC(50)   Merge Heap Roots: 0.3ms
[2025-02-11T09:49:20.951+0000][gc,phases   ] GC(50)   Evacuate Collection Set: 13.1ms
[2025-02-11T09:49:20.951+0000][gc,phases   ] GC(50)   Post Evacuate Collection Set: 0.7ms
[2025-02-11T09:49:20.951+0000][gc,phases   ] GC(50)   Other: 0.1ms
[2025-02-11T09:49:20.951+0000][gc,heap     ] GC(50) Eden regions: 70->0(42)
[2025-02-11T09:49:20.951+0000][gc,heap     ] GC(50) Survivor regions: 5->9(10)
[2025-02-11T09:49:20.951+0000][gc,heap     ] GC(50) Old regions: 121->121
[2025-02-11T09:49:20.951+0000][gc,heap     ] GC(50) Humongous regions: 129->129
[2025-02-11T09:49:20.951+0000][gc,metaspace] GC(50) Metaspace: 43070K(43648K)->43070K(43648K) NonClass: 38213K(38528K)->38213K(38528K) Class: 4857K(5120K)->4857K(5120K)
[2025-02-11T09:49:20.951+0000][gc          ] GC(50) Pause Young (Normal) (G1 Evacuation Pause) 324M->258M(1024M) 15.139ms
[2025-02-11T09:49:20.951+0000][gc,cpu      ] GC(50) User=0.05s Sys=0.00s Real=0.01s
[2025-02-11T09:50:04.525+0000][gc,start    ] GC(51) Pause Young (Normal) (G1 Evacuation Pause)
[2025-02-11T09:50:04.525+0000][gc,task     ] GC(51) Using 4 workers of 4 for evacuation
[2025-02-11T09:50:04.545+0000][gc,phases   ] GC(51)   Pre Evacuate Collection Set: 0.4ms
[2025-02-11T09:50:04.545+0000][gc,phases   ] GC(51)   Merge Heap Roots: 0.2ms
[2025-02-11T09:50:04.545+0000][gc,phases   ] GC(51)   Evacuate Collection Set: 16.5ms
[2025-02-11T09:50:04.546+0000][gc,phases   ] GC(51)   Post Evacuate Collection Set: 2.7ms
[2025-02-11T09:50:04.546+0000][gc,phases   ] GC(51)   Other: 0.2ms
[2025-02-11T09:50:04.546+0000][gc,heap     ] GC(51) Eden regions: 42->0(130)
[2025-02-11T09:50:04.546+0000][gc,heap     ] GC(51) Survivor regions: 9->3(7)
[2025-02-11T09:50:04.546+0000][gc,heap     ] GC(51) Old regions: 121->130
[2025-02-11T09:50:04.546+0000][gc,heap     ] GC(51) Humongous regions: 129->129
[2025-02-11T09:50:04.546+0000][gc,metaspace] GC(51) Metaspace: 43070K(43648K)->43070K(43648K) NonClass: 38213K(38528K)->38213K(38528K) Class: 4857K(5120K)->4857K(5120K)
[2025-02-11T09:50:04.546+0000][gc          ] GC(51) Pause Young (Normal) (G1 Evacuation Pause) 300M->261M(1024M) 20.482ms
[2025-02-11T09:50:04.546+0000][gc,cpu      ] GC(51) User=0.06s Sys=0.01s Real=0.02s
[2025-02-11T10:09:53.953+0000][gc,start    ] GC(52) Pause Young (Normal) (G1 Evacuation Pause)
[2025-02-11T10:09:53.953+0000][gc,task     ] GC(52) Using 4 workers of 4 for evacuation
[2025-02-11T10:09:53.989+0000][gc,mmu      ] GC(52) MMU target violated: 21.0ms (20.0ms/21.0ms)
[2025-02-11T10:09:53.989+0000][gc,phases   ] GC(52)   Pre Evacuate Collection Set: 0.8ms
[2025-02-11T10:09:53.989+0000][gc,phases   ] GC(52)   Merge Heap Roots: 0.2ms
[2025-02-11T10:09:53.989+0000][gc,phases   ] GC(52)   Evacuate Collection Set: 33.0ms
[2025-02-11T10:09:53.989+0000][gc,phases   ] GC(52)   Post Evacuate Collection Set: 1.5ms
[2025-02-11T10:09:53.989+0000][gc,phases   ] GC(52)   Other: 0.3ms
[2025-02-11T10:09:53.989+0000][gc,heap     ] GC(52) Eden regions: 136->0(41)
[2025-02-11T10:09:53.989+0000][gc,heap     ] GC(52) Survivor regions: 3->10(18)
[2025-02-11T10:09:53.989+0000][gc,heap     ] GC(52) Old regions: 130->130
[2025-02-11T10:09:53.989+0000][gc,heap     ] GC(52) Humongous regions: 129->129
[2025-02-11T10:09:53.989+0000][gc,metaspace] GC(52) Metaspace: 43095K(43776K)->43095K(43776K) NonClass: 38238K(38656K)->38238K(38656K) Class: 4857K(5120K)->4857K(5120K)
[2025-02-11T10:09:53.989+0000][gc          ] GC(52) Pause Young (Normal) (G1 Evacuation Pause) 397M->268M(1024M) 36.103ms
[2025-02-11T10:09:53.989+0000][gc,cpu      ] GC(52) User=0.09s Sys=0.00s Real=0.03s
[2025-02-11T10:10:13.938+0000][gc,start    ] GC(53) Pause Young (Normal) (G1 Evacuation Pause)
[2025-02-11T10:10:13.938+0000][gc,task     ] GC(53) Using 4 workers of 4 for evacuation
[2025-02-11T10:10:13.975+0000][gc,mmu      ] GC(53) MMU target violated: 21.0ms (20.0ms/21.0ms)
[2025-02-11T10:10:13.976+0000][gc,phases   ] GC(53)   Pre Evacuate Collection Set: 1.1ms
[2025-02-11T10:10:13.976+0000][gc,phases   ] GC(53)   Merge Heap Roots: 0.3ms
[2025-02-11T10:10:13.976+0000][gc,phases   ] GC(53)   Evacuate Collection Set: 32.0ms
[2025-02-11T10:10:13.976+0000][gc,phases   ] GC(53)   Post Evacuate Collection Set: 3.8ms
[2025-02-11T10:10:13.976+0000][gc,phases   ] GC(53)   Other: 0.2ms
[2025-02-11T10:10:13.976+0000][gc,heap     ] GC(53) Eden regions: 41->0(70)
[2025-02-11T10:10:13.976+0000][gc,heap     ] GC(53) Survivor regions: 10->2(7)
[2025-02-11T10:10:13.976+0000][gc,heap     ] GC(53) Old regions: 130->139
[2025-02-11T10:10:13.976+0000][gc,heap     ] GC(53) Humongous regions: 129->129
[2025-02-11T10:10:13.976+0000][gc,metaspace] GC(53) Metaspace: 43095K(43776K)->43095K(43776K) NonClass: 38238K(38656K)->38238K(38656K) Class: 4857K(5120K)->4857K(5120K)
[2025-02-11T10:10:13.976+0000][gc          ] GC(53) Pause Young (Normal) (G1 Evacuation Pause) 309M->269M(1024M) 37.514ms
[2025-02-11T10:10:13.976+0000][gc,cpu      ] GC(53) User=0.07s Sys=0.00s Real=0.04s
[2025-02-11T10:10:50.516+0000][gc,start    ] GC(54) Pause Young (Normal) (G1 Evacuation Pause)
[2025-02-11T10:10:50.516+0000][gc,task     ] GC(54) Using 4 workers of 4 for evacuation
[2025-02-11T10:10:50.536+0000][gc,mmu      ] GC(54) MMU target violated: 20.0ms (20.0ms/21.0ms)
[2025-02-11T10:10:50.536+0000][gc,phases   ] GC(54)   Pre Evacuate Collection Set: 0.8ms
[2025-02-11T10:10:50.536+0000][gc,phases   ] GC(54)   Merge Heap Roots: 0.3ms
[2025-02-11T10:10:50.536+0000][gc,phases   ] GC(54)   Evacuate Collection Set: 18.0ms
[2025-02-11T10:10:50.536+0000][gc,phases   ] GC(54)   Post Evacuate Collection Set: 0.9ms
[2025-02-11T10:10:50.536+0000][gc,phases   ] GC(54)   Other: 0.2ms
[2025-02-11T10:10:50.536+0000][gc,heap     ] GC(54) Eden regions: 86->0(47)
[2025-02-11T10:10:50.536+0000][gc,heap     ] GC(54) Survivor regions: 2->4(11)
[2025-02-11T10:10:50.536+0000][gc,heap     ] GC(54) Old regions: 139->139
[2025-02-11T10:10:50.536+0000][gc,heap     ] GC(54) Humongous regions: 129->129
[2025-02-11T10:10:50.536+0000][gc,metaspace] GC(54) Metaspace: 43098K(43776K)->43098K(43776K) NonClass: 38241K(38656K)->38241K(38656K) Class: 4857K(5120K)->4857K(5120K)
[2025-02-11T10:10:50.536+0000][gc          ] GC(54) Pause Young (Normal) (G1 Evacuation Pause) 355M->270M(1024M) 20.474ms
[2025-02-11T10:10:50.536+0000][gc,cpu      ] GC(54) User=0.03s Sys=0.01s Real=0.02s
[2025-02-11T10:11:11.226+0000][gc,start    ] GC(55) Pause Young (Normal) (G1 Evacuation Pause)
[2025-02-11T10:11:11.227+0000][gc,task     ] GC(55) Using 4 workers of 4 for evacuation
[2025-02-11T10:11:11.235+0000][gc,phases   ] GC(55)   Pre Evacuate Collection Set: 0.6ms
[2025-02-11T10:11:11.235+0000][gc,phases   ] GC(55)   Merge Heap Roots: 0.1ms
[2025-02-11T10:11:11.235+0000][gc,phases   ] GC(55)   Evacuate Collection Set: 6.4ms
[2025-02-11T10:11:11.235+0000][gc,phases   ] GC(55)   Post Evacuate Collection Set: 0.6ms
[2025-02-11T10:11:11.235+0000][gc,phases   ] GC(55)   Other: 0.1ms
[2025-02-11T10:11:11.235+0000][gc,heap     ] GC(55) Eden regions: 47->0(46)
[2025-02-11T10:11:11.235+0000][gc,heap     ] GC(55) Survivor regions: 4->5(7)
[2025-02-11T10:11:11.235+0000][gc,heap     ] GC(55) Old regions: 139->139
[2025-02-11T10:11:11.235+0000][gc,heap     ] GC(55) Humongous regions: 129->129
[2025-02-11T10:11:11.235+0000][gc,metaspace] GC(55) Metaspace: 43100K(43776K)->43100K(43776K) NonClass: 38243K(38656K)->38243K(38656K) Class: 4857K(5120K)->4857K(5120K)
[2025-02-11T10:11:11.235+0000][gc          ] GC(55) Pause Young (Normal) (G1 Evacuation Pause) 317M->272M(1024M) 8.666ms
[2025-02-11T10:11:11.235+0000][gc,cpu      ] GC(55) User=0.03s Sys=0.00s Real=0.01s
[2025-02-11T10:11:32.554+0000][gc,start    ] GC(56) Pause Young (Normal) (G1 Evacuation Pause)
[2025-02-11T10:11:32.554+0000][gc,task     ] GC(56) Using 4 workers of 4 for evacuation
[2025-02-11T10:11:32.568+0000][gc,phases   ] GC(56)   Pre Evacuate Collection Set: 0.4ms
[2025-02-11T10:11:32.568+0000][gc,phases   ] GC(56)   Merge Heap Roots: 0.2ms
[2025-02-11T10:11:32.568+0000][gc,phases   ] GC(56)   Evacuate Collection Set: 9.9ms
[2025-02-11T10:11:32.568+0000][gc,phases   ] GC(56)   Post Evacuate Collection Set: 2.7ms
[2025-02-11T10:11:32.568+0000][gc,phases   ] GC(56)   Other: 0.1ms
[2025-02-11T10:11:32.568+0000][gc,heap     ] GC(56) Eden regions: 46->0(64)
[2025-02-11T10:11:32.568+0000][gc,heap     ] GC(56) Survivor regions: 5->3(7)
[2025-02-11T10:11:32.568+0000][gc,heap     ] GC(56) Old regions: 139->142
[2025-02-11T10:11:32.568+0000][gc,heap     ] GC(56) Humongous regions: 129->129
[2025-02-11T10:11:32.568+0000][gc,metaspace] GC(56) Metaspace: 43107K(43776K)->43107K(43776K) NonClass: 38250K(38656K)->38250K(38656K) Class: 4857K(5120K)->4857K(5120K)
[2025-02-11T10:11:32.568+0000][gc          ] GC(56) Pause Young (Normal) (G1 Evacuation Pause) 318M->273M(1024M) 13.477ms
[2025-02-11T10:11:32.568+0000][gc,cpu      ] GC(56) User=0.04s Sys=0.00s Real=0.01s
[2025-02-11T10:13:49.995+0000][gc,start    ] GC(57) Pause Young (Normal) (G1 Evacuation Pause)
[2025-02-11T10:13:49.995+0000][gc,task     ] GC(57) Using 4 workers of 4 for evacuation
[2025-02-11T10:13:50.006+0000][gc,phases   ] GC(57)   Pre Evacuate Collection Set: 0.9ms
[2025-02-11T10:13:50.006+0000][gc,phases   ] GC(57)   Merge Heap Roots: 0.3ms
[2025-02-11T10:13:50.006+0000][gc,phases   ] GC(57)   Evacuate Collection Set: 8.7ms
[2025-02-11T10:13:50.006+0000][gc,phases   ] GC(57)   Post Evacuate Collection Set: 1.1ms
[2025-02-11T10:13:50.006+0000][gc,phases   ] GC(57)   Other: 0.3ms
[2025-02-11T10:13:50.006+0000][gc,heap     ] GC(57) Eden regions: 58->0(45)
[2025-02-11T10:13:50.006+0000][gc,heap     ] GC(57) Survivor regions: 3->6(8)
[2025-02-11T10:13:50.006+0000][gc,heap     ] GC(57) Old regions: 142->142
[2025-02-11T10:13:50.006+0000][gc,heap     ] GC(57) Humongous regions: 129->129
[2025-02-11T10:13:50.006+0000][gc,metaspace] GC(57) Metaspace: 43108K(43776K)->43108K(43776K) NonClass: 38251K(38656K)->38251K(38656K) Class: 4857K(5120K)->4857K(5120K)
[2025-02-11T10:13:50.006+0000][gc          ] GC(57) Pause Young (Normal) (G1 Evacuation Pause) 331M->275M(1024M) 11.859ms
[2025-02-11T10:13:50.007+0000][gc,cpu      ] GC(57) User=0.03s Sys=0.00s Real=0.01s
[2025-02-11T10:14:27.198+0000][gc,start    ] GC(58) Pause Young (Normal) (G1 Evacuation Pause)
[2025-02-11T10:14:27.198+0000][gc,task     ] GC(58) Using 4 workers of 4 for evacuation
[2025-02-11T10:14:27.217+0000][gc,phases   ] GC(58)   Pre Evacuate Collection Set: 0.6ms
[2025-02-11T10:14:27.217+0000][gc,phases   ] GC(58)   Merge Heap Roots: 0.1ms
[2025-02-11T10:14:27.217+0000][gc,phases   ] GC(58)   Evacuate Collection Set: 17.0ms
[2025-02-11T10:14:27.217+0000][gc,phases   ] GC(58)   Post Evacuate Collection Set: 1.3ms
[2025-02-11T10:14:27.217+0000][gc,phases   ] GC(58)   Other: 0.1ms
[2025-02-11T10:14:27.217+0000][gc,heap     ] GC(58) Eden regions: 45->0(45)
[2025-02-11T10:14:27.217+0000][gc,heap     ] GC(58) Survivor regions: 6->6(7)
[2025-02-11T10:14:27.217+0000][gc,heap     ] GC(58) Old regions: 142->144
[2025-02-11T10:14:27.217+0000][gc,heap     ] GC(58) Humongous regions: 129->129
[2025-02-11T10:14:27.217+0000][gc,metaspace] GC(58) Metaspace: 43109K(43776K)->43109K(43776K) NonClass: 38252K(38656K)->38252K(38656K) Class: 4857K(5120K)->4857K(5120K)
[2025-02-11T10:14:27.217+0000][gc          ] GC(58) Pause Young (Normal) (G1 Evacuation Pause) 320M->278M(1024M) 19.755ms
[2025-02-11T10:14:27.218+0000][gc,cpu      ] GC(58) User=0.05s Sys=0.00s Real=0.02s
[2025-02-11T10:15:16.765+0000][gc,start    ] GC(59) Pause Young (Normal) (G1 Evacuation Pause)
[2025-02-11T10:15:16.765+0000][gc,task     ] GC(59) Using 4 workers of 4 for evacuation
[2025-02-11T10:15:16.783+0000][gc,phases   ] GC(59)   Pre Evacuate Collection Set: 0.5ms
[2025-02-11T10:15:16.783+0000][gc,phases   ] GC(59)   Merge Heap Roots: 0.2ms
[2025-02-11T10:15:16.783+0000][gc,phases   ] GC(59)   Evacuate Collection Set: 13.9ms
[2025-02-11T10:15:16.783+0000][gc,phases   ] GC(59)   Post Evacuate Collection Set: 2.8ms
[2025-02-11T10:15:16.783+0000][gc,phases   ] GC(59)   Other: 0.1ms
[2025-02-11T10:15:16.783+0000][gc,heap     ] GC(59) Eden regions: 45->0(45)
[2025-02-11T10:15:16.783+0000][gc,heap     ] GC(59) Survivor regions: 6->6(7)
[2025-02-11T10:15:16.783+0000][gc,heap     ] GC(59) Old regions: 144->147
[2025-02-11T10:15:16.783+0000][gc,heap     ] GC(59) Humongous regions: 129->129
[2025-02-11T10:15:16.783+0000][gc,metaspace] GC(59) Metaspace: 43110K(43776K)->43110K(43776K) NonClass: 38253K(38656K)->38253K(38656K) Class: 4857K(5120K)->4857K(5120K)
[2025-02-11T10:15:16.783+0000][gc          ] GC(59) Pause Young (Normal) (G1 Evacuation Pause) 323M->280M(1024M) 17.845ms
[2025-02-11T10:15:16.783+0000][gc,cpu      ] GC(59) User=0.05s Sys=0.00s Real=0.02s
[2025-02-11T10:16:06.287+0000][gc,start    ] GC(60) Pause Young (Normal) (G1 Evacuation Pause)
[2025-02-11T10:16:06.287+0000][gc,task     ] GC(60) Using 4 workers of 4 for evacuation
[2025-02-11T10:16:06.301+0000][gc,phases   ] GC(60)   Pre Evacuate Collection Set: 0.5ms
[2025-02-11T10:16:06.301+0000][gc,phases   ] GC(60)   Merge Heap Roots: 0.3ms
[2025-02-11T10:16:06.301+0000][gc,phases   ] GC(60)   Evacuate Collection Set: 12.0ms
[2025-02-11T10:16:06.301+0000][gc,phases   ] GC(60)   Post Evacuate Collection Set: 0.9ms
[2025-02-11T10:16:06.301+0000][gc,phases   ] GC(60)   Other: 0.2ms
[2025-02-11T10:16:06.301+0000][gc,heap     ] GC(60) Eden regions: 45->0(53)
[2025-02-11T10:16:06.301+0000][gc,heap     ] GC(60) Survivor regions: 6->5(7)
[2025-02-11T10:16:06.301+0000][gc,heap     ] GC(60) Old regions: 147->150
[2025-02-11T10:16:06.301+0000][gc,heap     ] GC(60) Humongous regions: 129->129
[2025-02-11T10:16:06.301+0000][gc,metaspace] GC(60) Metaspace: 43111K(43776K)->43111K(43776K) NonClass: 38254K(38656K)->38254K(38656K) Class: 4857K(5120K)->4857K(5120K)
[2025-02-11T10:16:06.301+0000][gc          ] GC(60) Pause Young (Normal) (G1 Evacuation Pause) 325M->283M(1024M) 14.181ms
[2025-02-11T10:16:06.301+0000][gc,cpu      ] GC(60) User=0.04s Sys=0.01s Real=0.01s
[2025-02-11T10:23:34.525+0000][gc,start    ] GC(61) Pause Young (Normal) (G1 Evacuation Pause)
[2025-02-11T10:23:34.525+0000][gc,task     ] GC(61) Using 4 workers of 4 for evacuation
[2025-02-11T10:23:34.543+0000][gc,phases   ] GC(61)   Pre Evacuate Collection Set: 0.8ms
[2025-02-11T10:23:34.543+0000][gc,phases   ] GC(61)   Merge Heap Roots: 0.3ms
[2025-02-11T10:23:34.543+0000][gc,phases   ] GC(61)   Evacuate Collection Set: 15.1ms
[2025-02-11T10:23:34.543+0000][gc,phases   ] GC(61)   Post Evacuate Collection Set: 0.8ms
[2025-02-11T10:23:34.543+0000][gc,phases   ] GC(61)   Other: 0.2ms
[2025-02-11T10:23:34.543+0000][gc,heap     ] GC(61) Eden regions: 46->0(47)
[2025-02-11T10:23:34.543+0000][gc,heap     ] GC(61) Survivor regions: 5->5(7)
[2025-02-11T10:23:34.543+0000][gc,heap     ] GC(61) Old regions: 150->153
[2025-02-11T10:23:34.543+0000][gc,heap     ] GC(61) Humongous regions: 129->129
[2025-02-11T10:23:34.543+0000][gc,metaspace] GC(61) Metaspace: 43111K(43776K)->43111K(43776K) NonClass: 38254K(38656K)->38254K(38656K) Class: 4857K(5120K)->4857K(5120K)
[2025-02-11T10:23:34.543+0000][gc          ] GC(61) Pause Young (Normal) (G1 Evacuation Pause) 329M->286M(1024M) 17.668ms
[2025-02-11T10:23:34.543+0000][gc,cpu      ] GC(61) User=0.05s Sys=0.01s Real=0.02s
[2025-02-11T10:37:26.744+0000][gc,start    ] GC(62) Pause Young (Normal) (G1 Evacuation Pause)
[2025-02-11T10:37:26.744+0000][gc,task     ] GC(62) Using 4 workers of 4 for evacuation
[2025-02-11T10:37:26.768+0000][gc,mmu      ] GC(62) MMU target violated: 21.0ms (20.0ms/21.0ms)
[2025-02-11T10:37:26.769+0000][gc,phases   ] GC(62)   Pre Evacuate Collection Set: 1.1ms
[2025-02-11T10:37:26.769+0000][gc,phases   ] GC(62)   Merge Heap Roots: 0.3ms
[2025-02-11T10:37:26.769+0000][gc,phases   ] GC(62)   Evacuate Collection Set: 20.3ms
[2025-02-11T10:37:26.769+0000][gc,phases   ] GC(62)   Post Evacuate Collection Set: 2.8ms
[2025-02-11T10:37:26.769+0000][gc,phases   ] GC(62)   Other: 0.2ms
[2025-02-11T10:37:26.769+0000][gc,heap     ] GC(62) Eden regions: 47->0(44)
[2025-02-11T10:37:26.769+0000][gc,heap     ] GC(62) Survivor regions: 5->7(7)
[2025-02-11T10:37:26.769+0000][gc,heap     ] GC(62) Old regions: 153->155
[2025-02-11T10:37:26.769+0000][gc,heap     ] GC(62) Humongous regions: 129->129
[2025-02-11T10:37:26.769+0000][gc,metaspace] GC(62) Metaspace: 43113K(43776K)->43113K(43776K) NonClass: 38256K(38656K)->38256K(38656K) Class: 4857K(5120K)->4857K(5120K)
[2025-02-11T10:37:26.769+0000][gc          ] GC(62) Pause Young (Normal) (G1 Evacuation Pause) 333M->290M(1024M) 24.926ms
[2025-02-11T10:37:26.769+0000][gc,cpu      ] GC(62) User=0.05s Sys=0.01s Real=0.02s
[2025-02-11T10:43:30.299+0000][gc,start    ] GC(63) Pause Young (Normal) (G1 Evacuation Pause)
[2025-02-11T10:43:30.299+0000][gc,task     ] GC(63) Using 4 workers of 4 for evacuation
[2025-02-11T10:43:30.331+0000][gc,mmu      ] GC(63) MMU target violated: 21.0ms (20.0ms/21.0ms)
[2025-02-11T10:43:30.332+0000][gc,phases   ] GC(63)   Pre Evacuate Collection Set: 2.1ms
[2025-02-11T10:43:30.332+0000][gc,phases   ] GC(63)   Merge Heap Roots: 0.2ms
[2025-02-11T10:43:30.332+0000][gc,phases   ] GC(63)   Evacuate Collection Set: 28.1ms
[2025-02-11T10:43:30.332+0000][gc,phases   ] GC(63)   Post Evacuate Collection Set: 2.1ms
[2025-02-11T10:43:30.332+0000][gc,phases   ] GC(63)   Other: 0.2ms
[2025-02-11T10:43:30.332+0000][gc,heap     ] GC(63) Eden regions: 44->0(44)
[2025-02-11T10:43:30.332+0000][gc,heap     ] GC(63) Survivor regions: 7->7(7)
[2025-02-11T10:43:30.332+0000][gc,heap     ] GC(63) Old regions: 155->157
[2025-02-11T10:43:30.332+0000][gc,heap     ] GC(63) Humongous regions: 129->129
[2025-02-11T10:43:30.332+0000][gc,metaspace] GC(63) Metaspace: 43113K(43776K)->43113K(43776K) NonClass: 38256K(38656K)->38256K(38656K) Class: 4857K(5120K)->4857K(5120K)
[2025-02-11T10:43:30.332+0000][gc          ] GC(63) Pause Young (Normal) (G1 Evacuation Pause) 334M->292M(1024M) 32.861ms
[2025-02-11T10:43:30.332+0000][gc,cpu      ] GC(63) User=0.05s Sys=0.01s Real=0.03s
[2025-02-11T10:43:47.183+0000][gc,start    ] GC(64) Pause Young (Normal) (G1 Evacuation Pause)
[2025-02-11T10:43:47.183+0000][gc,task     ] GC(64) Using 4 workers of 4 for evacuation
[2025-02-11T10:43:47.213+0000][gc,mmu      ] GC(64) MMU target violated: 21.0ms (20.0ms/21.0ms)
[2025-02-11T10:43:47.213+0000][gc,phases   ] GC(64)   Pre Evacuate Collection Set: 0.8ms
[2025-02-11T10:43:47.213+0000][gc,phases   ] GC(64)   Merge Heap Roots: 0.3ms
[2025-02-11T10:43:47.213+0000][gc,phases   ] GC(64)   Evacuate Collection Set: 25.6ms
[2025-02-11T10:43:47.213+0000][gc,phases   ] GC(64)   Post Evacuate Collection Set: 3.0ms
[2025-02-11T10:43:47.213+0000][gc,phases   ] GC(64)   Other: 0.2ms
[2025-02-11T10:43:47.213+0000][gc,heap     ] GC(64) Eden regions: 44->0(46)
[2025-02-11T10:43:47.213+0000][gc,heap     ] GC(64) Survivor regions: 7->5(7)
[2025-02-11T10:43:47.213+0000][gc,heap     ] GC(64) Old regions: 157->161
[2025-02-11T10:43:47.213+0000][gc,heap     ] GC(64) Humongous regions: 129->129
[2025-02-11T10:43:47.213+0000][gc,metaspace] GC(64) Metaspace: 43113K(43776K)->43113K(43776K) NonClass: 38256K(38656K)->38256K(38656K) Class: 4857K(5120K)->4857K(5120K)
[2025-02-11T10:43:47.213+0000][gc          ] GC(64) Pause Young (Normal) (G1 Evacuation Pause) 336M->294M(1024M) 30.042ms
[2025-02-11T10:43:47.213+0000][gc,cpu      ] GC(64) User=0.05s Sys=0.01s Real=0.03s
[2025-02-11T10:44:09.691+0000][gc,start    ] GC(65) Pause Young (Normal) (G1 Evacuation Pause)
[2025-02-11T10:44:09.691+0000][gc,task     ] GC(65) Using 4 workers of 4 for evacuation
[2025-02-11T10:44:09.705+0000][gc,phases   ] GC(65)   Pre Evacuate Collection Set: 0.5ms
[2025-02-11T10:44:09.706+0000][gc,phases   ] GC(65)   Merge Heap Roots: 0.2ms
[2025-02-11T10:44:09.706+0000][gc,phases   ] GC(65)   Evacuate Collection Set: 12.5ms
[2025-02-11T10:44:09.706+0000][gc,phases   ] GC(65)   Post Evacuate Collection Set: 0.9ms
[2025-02-11T10:44:09.706+0000][gc,phases   ] GC(65)   Other: 0.1ms
[2025-02-11T10:44:09.706+0000][gc,heap     ] GC(65) Eden regions: 46->0(47)
[2025-02-11T10:44:09.706+0000][gc,heap     ] GC(65) Survivor regions: 5->4(7)
[2025-02-11T10:44:09.706+0000][gc,heap     ] GC(65) Old regions: 161->164
[2025-02-11T10:44:09.706+0000][gc,heap     ] GC(65) Humongous regions: 129->129
[2025-02-11T10:44:09.706+0000][gc,metaspace] GC(65) Metaspace: 43113K(43776K)->43113K(43776K) NonClass: 38256K(38656K)->38256K(38656K) Class: 4857K(5120K)->4857K(5120K)
[2025-02-11T10:44:09.706+0000][gc          ] GC(65) Pause Young (Normal) (G1 Evacuation Pause) 340M->295M(1024M) 14.553ms
[2025-02-11T10:44:09.706+0000][gc,cpu      ] GC(65) User=0.04s Sys=0.00s Real=0.02s
[2025-02-11T10:44:36.734+0000][gc,start    ] GC(66) Pause Young (Normal) (G1 Evacuation Pause)
[2025-02-11T10:44:36.735+0000][gc,task     ] GC(66) Using 4 workers of 4 for evacuation
[2025-02-11T10:44:36.748+0000][gc,phases   ] GC(66)   Pre Evacuate Collection Set: 0.6ms
[2025-02-11T10:44:36.748+0000][gc,phases   ] GC(66)   Merge Heap Roots: 0.2ms
[2025-02-11T10:44:36.748+0000][gc,phases   ] GC(66)   Evacuate Collection Set: 11.8ms
[2025-02-11T10:44:36.748+0000][gc,phases   ] GC(66)   Post Evacuate Collection Set: 0.9ms
[2025-02-11T10:44:36.748+0000][gc,phases   ] GC(66)   Other: 0.1ms
[2025-02-11T10:44:36.748+0000][gc,heap     ] GC(66) Eden regions: 53->0(46)
[2025-02-11T10:44:36.748+0000][gc,heap     ] GC(66) Survivor regions: 4->5(8)
[2025-02-11T10:44:36.748+0000][gc,heap     ] GC(66) Old regions: 164->164
[2025-02-11T10:44:36.748+0000][gc,heap     ] GC(66) Humongous regions: 129->129
[2025-02-11T10:44:36.748+0000][gc,metaspace] GC(66) Metaspace: 43113K(43776K)->43113K(43776K) NonClass: 38256K(38656K)->38256K(38656K) Class: 4857K(5120K)->4857K(5120K)
[2025-02-11T10:44:36.748+0000][gc          ] GC(66) Pause Young (Normal) (G1 Evacuation Pause) 348M->297M(1024M) 13.848ms
[2025-02-11T10:44:36.748+0000][gc,cpu      ] GC(66) User=0.03s Sys=0.00s Real=0.01s
[2025-02-11T10:44:58.046+0000][gc,start    ] GC(67) Pause Young (Normal) (G1 Evacuation Pause)
[2025-02-11T10:44:58.046+0000][gc,task     ] GC(67) Using 4 workers of 4 for evacuation
[2025-02-11T10:44:58.060+0000][gc,phases   ] GC(67)   Pre Evacuate Collection Set: 0.6ms
[2025-02-11T10:44:58.060+0000][gc,phases   ] GC(67)   Merge Heap Roots: 0.1ms
[2025-02-11T10:44:58.060+0000][gc,phases   ] GC(67)   Evacuate Collection Set: 12.4ms
[2025-02-11T10:44:58.060+0000][gc,phases   ] GC(67)   Post Evacuate Collection Set: 1.1ms
[2025-02-11T10:44:58.060+0000][gc,phases   ] GC(67)   Other: 0.2ms
[2025-02-11T10:44:58.060+0000][gc,heap     ] GC(67) Eden regions: 47->0(73)
[2025-02-11T10:44:58.060+0000][gc,heap     ] GC(67) Survivor regions: 5->4(7)
[2025-02-11T10:44:58.060+0000][gc,heap     ] GC(67) Old regions: 164->166
[2025-02-11T10:44:58.060+0000][gc,heap     ] GC(67) Humongous regions: 129->129
[2025-02-11T10:44:58.060+0000][gc,metaspace] GC(67) Metaspace: 43113K(43776K)->43113K(43776K) NonClass: 38256K(38656K)->38256K(38656K) Class: 4857K(5120K)->4857K(5120K)
[2025-02-11T10:44:58.060+0000][gc          ] GC(67) Pause Young (Normal) (G1 Evacuation Pause) 344M->298M(1024M) 14.670ms
[2025-02-11T10:44:58.060+0000][gc,cpu      ] GC(67) User=0.04s Sys=0.00s Real=0.01s
[2025-02-11T10:48:29.525+0000][gc,start    ] GC(68) Pause Young (Normal) (G1 Evacuation Pause)
[2025-02-11T10:48:29.525+0000][gc,task     ] GC(68) Using 4 workers of 4 for evacuation
[2025-02-11T10:48:29.536+0000][gc,phases   ] GC(68)   Pre Evacuate Collection Set: 0.6ms
[2025-02-11T10:48:29.536+0000][gc,phases   ] GC(68)   Merge Heap Roots: 0.3ms
[2025-02-11T10:48:29.536+0000][gc,phases   ] GC(68)   Evacuate Collection Set: 9.2ms
[2025-02-11T10:48:29.536+0000][gc,phases   ] GC(68)   Post Evacuate Collection Set: 0.7ms
[2025-02-11T10:48:29.536+0000][gc,phases   ] GC(68)   Other: 0.1ms
[2025-02-11T10:48:29.536+0000][gc,heap     ] GC(68) Eden regions: 72->0(51)
[2025-02-11T10:48:29.536+0000][gc,heap     ] GC(68) Survivor regions: 4->6(10)
[2025-02-11T10:48:29.536+0000][gc,heap     ] GC(68) Old regions: 166->166
[2025-02-11T10:48:29.536+0000][gc,heap     ] GC(68) Humongous regions: 129->129
[2025-02-11T10:48:29.536+0000][gc,metaspace] GC(68) Metaspace: 43113K(43776K)->43113K(43776K) NonClass: 38256K(38656K)->38256K(38656K) Class: 4857K(5120K)->4857K(5120K)
[2025-02-11T10:48:29.536+0000][gc          ] GC(68) Pause Young (Normal) (G1 Evacuation Pause) 370M->300M(1024M) 11.188ms
[2025-02-11T10:48:29.536+0000][gc,cpu      ] GC(68) User=0.03s Sys=0.00s Real=0.01s
[2025-02-11T11:07:28.490+0000][gc,start    ] GC(69) Pause Young (Normal) (G1 Evacuation Pause)
[2025-02-11T11:07:28.490+0000][gc,task     ] GC(69) Using 4 workers of 4 for evacuation
[2025-02-11T11:07:28.512+0000][gc,mmu      ] GC(69) MMU target violated: 21.0ms (20.0ms/21.0ms)
[2025-02-11T11:07:28.513+0000][gc,phases   ] GC(69)   Pre Evacuate Collection Set: 0.8ms
[2025-02-11T11:07:28.513+0000][gc,phases   ] GC(69)   Merge Heap Roots: 0.2ms
[2025-02-11T11:07:28.513+0000][gc,phases   ] GC(69)   Evacuate Collection Set: 17.5ms
[2025-02-11T11:07:28.513+0000][gc,phases   ] GC(69)   Post Evacuate Collection Set: 3.8ms
[2025-02-11T11:07:28.513+0000][gc,phases   ] GC(69)   Other: 0.2ms
[2025-02-11T11:07:28.513+0000][gc,heap     ] GC(69) Eden regions: 61->0(42)
[2025-02-11T11:07:28.513+0000][gc,heap     ] GC(69) Survivor regions: 6->9(9)
[2025-02-11T11:07:28.513+0000][gc,heap     ] GC(69) Old regions: 166->168
[2025-02-11T11:07:28.513+0000][gc,heap     ] GC(69) Humongous regions: 129->129
[2025-02-11T11:07:28.513+0000][gc,metaspace] GC(69) Metaspace: 43120K(43776K)->43120K(43776K) NonClass: 38263K(38656K)->38263K(38656K) Class: 4857K(5120K)->4857K(5120K)
[2025-02-11T11:07:28.513+0000][gc          ] GC(69) Pause Young (Normal) (G1 Evacuation Pause) 361M->305M(1024M) 22.596ms
[2025-02-11T11:07:28.513+0000][gc,cpu      ] GC(69) User=0.07s Sys=0.00s Real=0.02s
[2025-02-11T11:20:08.982+0000][gc,start    ] GC(70) Pause Young (Normal) (G1 Evacuation Pause)
[2025-02-11T11:20:08.982+0000][gc,task     ] GC(70) Using 4 workers of 4 for evacuation
[2025-02-11T11:20:09.015+0000][gc,mmu      ] GC(70) MMU target violated: 21.0ms (20.0ms/21.0ms)
[2025-02-11T11:20:09.015+0000][gc,phases   ] GC(70)   Pre Evacuate Collection Set: 0.7ms
[2025-02-11T11:20:09.015+0000][gc,phases   ] GC(70)   Merge Heap Roots: 0.3ms
[2025-02-11T11:20:09.015+0000][gc,phases   ] GC(70)   Evacuate Collection Set: 27.8ms
[2025-02-11T11:20:09.015+0000][gc,phases   ] GC(70)   Post Evacuate Collection Set: 3.3ms
[2025-02-11T11:20:09.015+0000][gc,phases   ] GC(70)   Other: 0.3ms
[2025-02-11T11:20:09.015+0000][gc,heap     ] GC(70) Eden regions: 42->0(47)
[2025-02-11T11:20:09.015+0000][gc,heap     ] GC(70) Survivor regions: 9->4(7)
[2025-02-11T11:20:09.015+0000][gc,heap     ] GC(70) Old regions: 168->177
[2025-02-11T11:20:09.015+0000][gc,heap     ] GC(70) Humongous regions: 129->129
[2025-02-11T11:20:09.015+0000][gc,metaspace] GC(70) Metaspace: 43124K(43776K)->43124K(43776K) NonClass: 38267K(38656K)->38267K(38656K) Class: 4857K(5120K)->4857K(5120K)
[2025-02-11T11:20:09.015+0000][gc          ] GC(70) Pause Young (Normal) (G1 Evacuation Pause) 347M->309M(1024M) 32.547ms
[2025-02-11T11:20:09.015+0000][gc,cpu      ] GC(70) User=0.08s Sys=0.02s Real=0.04s
