[2025-02-10T13:23:46.671+0000][gc,init] CardTable entry size: 512
[2025-02-10T13:23:46.671+0000][gc     ] Using G1
[2025-02-10T13:23:46.688+0000][gc,init] Version: 21.0.5+11-Ubuntu-1ubuntu124.04 (release)
[2025-02-10T13:23:46.689+0000][gc,init] CPUs: 2 total, 2 available
[2025-02-10T13:23:46.689+0000][gc,init] Memory: 7950M
[2025-02-10T13:23:46.689+0000][gc,init] Large Page Support: Disabled
[2025-02-10T13:23:46.689+0000][gc,init] NUMA Support: Disabled
[2025-02-10T13:23:46.689+0000][gc,init] Compressed Oops: Enabled (32-bit)
[2025-02-10T13:23:46.689+0000][gc,init] Heap Region Size: 1M
[2025-02-10T13:23:46.689+0000][gc,init] Heap Min Capacity: 1G
[2025-02-10T13:23:46.689+0000][gc,init] Heap Initial Capacity: 1G
[2025-02-10T13:23:46.689+0000][gc,init] Heap Max Capacity: 1G
[2025-02-10T13:23:46.689+0000][gc,init] Pre-touch: Disabled
[2025-02-10T13:23:46.689+0000][gc,init] Parallel Workers: 2
[2025-02-10T13:23:46.689+0000][gc,init] Concurrent Workers: 1
[2025-02-10T13:23:46.689+0000][gc,init] Concurrent Refinement Workers: 2
[2025-02-10T13:23:46.689+0000][gc,init] Periodic GC: Disabled
[2025-02-10T13:23:46.700+0000][gc,metaspace] CDS archive(s) mapped at: [0x00007a20cb000000-0x00007a20cbc97000-0x00007a20cbc97000), size 13201408, SharedBaseAddress: 0x00007a20cb000000, ArchiveRelocationMode: 1.
[2025-02-10T13:23:46.701+0000][gc,metaspace] Compressed class space mapped at: 0x00007a20cc000000-0x00007a210c000000, reserved size: 1073741824
[2025-02-10T13:23:46.701+0000][gc,metaspace] Narrow klass base: 0x00007a20cb000000, Narrow klass shift: 0, Narrow klass range: 0x100000000
[2025-02-10T13:23:48.629+0000][gc,start    ] GC(0) Pause Young (Normal) (G1 Evacuation Pause)
[2025-02-10T13:23:48.629+0000][gc,task     ] GC(0) Using 2 workers of 2 for evacuation
[2025-02-10T13:23:48.646+0000][gc,phases   ] GC(0)   Pre Evacuate Collection Set: 0.4ms
[2025-02-10T13:23:48.646+0000][gc,phases   ] GC(0)   Merge Heap Roots: 0.1ms
[2025-02-10T13:23:48.646+0000][gc,phases   ] GC(0)   Evacuate Collection Set: 15.2ms
[2025-02-10T13:23:48.646+0000][gc,phases   ] GC(0)   Post Evacuate Collection Set: 1.1ms
[2025-02-10T13:23:48.646+0000][gc,phases   ] GC(0)   Other: 0.3ms
[2025-02-10T13:23:48.646+0000][gc,heap     ] GC(0) Eden regions: 51->0(44)
[2025-02-10T13:23:48.646+0000][gc,heap     ] GC(0) Survivor regions: 0->7(7)
[2025-02-10T13:23:48.646+0000][gc,heap     ] GC(0) Old regions: 2->2
[2025-02-10T13:23:48.646+0000][gc,heap     ] GC(0) Humongous regions: 0->0
[2025-02-10T13:23:48.646+0000][gc,metaspace] GC(0) Metaspace: 19068K(19328K)->19068K(19328K) NonClass: 16875K(17024K)->16875K(17024K) Class: 2192K(2304K)->2192K(2304K)
[2025-02-10T13:23:48.646+0000][gc          ] GC(0) Pause Young (Normal) (G1 Evacuation Pause) 52M->8M(1024M) 17.412ms
[2025-02-10T13:23:48.646+0000][gc,cpu      ] GC(0) User=0.03s Sys=0.01s Real=0.02s
[2025-02-10T13:23:48.955+0000][gc,start    ] GC(1) Pause Young (Concurrent Start) (Metadata GC Threshold)
[2025-02-10T13:23:48.955+0000][gc,task     ] GC(1) Using 2 workers of 2 for evacuation
[2025-02-10T13:23:48.971+0000][gc,phases   ] GC(1)   Pre Evacuate Collection Set: 0.5ms
[2025-02-10T13:23:48.971+0000][gc,phases   ] GC(1)   Merge Heap Roots: 0.1ms
[2025-02-10T13:23:48.971+0000][gc,phases   ] GC(1)   Evacuate Collection Set: 14.7ms
[2025-02-10T13:23:48.971+0000][gc,phases   ] GC(1)   Post Evacuate Collection Set: 0.9ms
[2025-02-10T13:23:48.971+0000][gc,phases   ] GC(1)   Other: 0.1ms
[2025-02-10T13:23:48.972+0000][gc,heap     ] GC(1) Eden regions: 9->0(50)
[2025-02-10T13:23:48.972+0000][gc,heap     ] GC(1) Survivor regions: 7->1(7)
[2025-02-10T13:23:48.972+0000][gc,heap     ] GC(1) Old regions: 2->9
[2025-02-10T13:23:48.972+0000][gc,heap     ] GC(1) Humongous regions: 0->0
[2025-02-10T13:23:48.972+0000][gc,metaspace] GC(1) Metaspace: 21272K(21504K)->21272K(21504K) NonClass: 18798K(18944K)->18798K(18944K) Class: 2473K(2560K)->2473K(2560K)
[2025-02-10T13:23:48.972+0000][gc          ] GC(1) Pause Young (Concurrent Start) (Metadata GC Threshold) 17M->9M(1024M) 16.576ms
[2025-02-10T13:23:48.972+0000][gc,cpu      ] GC(1) User=0.03s Sys=0.01s Real=0.02s
[2025-02-10T13:23:48.972+0000][gc          ] GC(2) Concurrent Mark Cycle
[2025-02-10T13:23:48.972+0000][gc,marking  ] GC(2) Concurrent Scan Root Regions
[2025-02-10T13:23:48.983+0000][gc,marking  ] GC(2) Concurrent Scan Root Regions 10.918ms
[2025-02-10T13:23:48.983+0000][gc,marking  ] GC(2) Concurrent Mark
[2025-02-10T13:23:48.983+0000][gc,marking  ] GC(2) Concurrent Mark From Roots
[2025-02-10T13:23:48.983+0000][gc,task     ] GC(2) Using 1 workers of 1 for marking
[2025-02-10T13:23:48.995+0000][gc,marking  ] GC(2) Concurrent Mark From Roots 12.110ms
[2025-02-10T13:23:48.995+0000][gc,marking  ] GC(2) Concurrent Preclean
[2025-02-10T13:23:48.995+0000][gc,marking  ] GC(2) Concurrent Preclean 0.019ms
[2025-02-10T13:23:48.995+0000][gc,start    ] GC(2) Pause Remark
[2025-02-10T13:23:48.999+0000][gc          ] GC(2) Pause Remark 9M->9M(1024M) 3.691ms
[2025-02-10T13:23:48.999+0000][gc,cpu      ] GC(2) User=0.00s Sys=0.00s Real=0.00s
[2025-02-10T13:23:48.999+0000][gc,marking  ] GC(2) Concurrent Mark 16.520ms
[2025-02-10T13:23:48.999+0000][gc,marking  ] GC(2) Concurrent Rebuild Remembered Sets and Scrub Regions
[2025-02-10T13:23:49.006+0000][gc,marking  ] GC(2) Concurrent Rebuild Remembered Sets and Scrub Regions 6.385ms
[2025-02-10T13:23:49.126+0000][gc,start    ] GC(2) Pause Cleanup
[2025-02-10T13:23:49.126+0000][gc          ] GC(2) Pause Cleanup 139M->139M(1024M) 0.445ms
[2025-02-10T13:23:49.126+0000][gc,cpu      ] GC(2) User=0.00s Sys=0.00s Real=0.00s
[2025-02-10T13:23:49.127+0000][gc,marking  ] GC(2) Concurrent Clear Claimed Marks
[2025-02-10T13:23:49.127+0000][gc,marking  ] GC(2) Concurrent Clear Claimed Marks 0.032ms
[2025-02-10T13:23:49.127+0000][gc,marking  ] GC(2) Concurrent Cleanup for Next Mark
[2025-02-10T13:23:49.156+0000][gc,marking  ] GC(2) Concurrent Cleanup for Next Mark 29.759ms
[2025-02-10T13:23:49.156+0000][gc          ] GC(2) Concurrent Mark Cycle 184.597ms
[2025-02-10T13:23:50.550+0000][gc,start    ] GC(3) Pause Young (Prepare Mixed) (G1 Evacuation Pause)
[2025-02-10T13:23:50.550+0000][gc,task     ] GC(3) Using 2 workers of 2 for evacuation
[2025-02-10T13:23:50.580+0000][gc,mmu      ] GC(3) MMU target violated: 21.0ms (20.0ms/21.0ms)
[2025-02-10T13:23:50.580+0000][gc,phases   ] GC(3)   Pre Evacuate Collection Set: 0.5ms
[2025-02-10T13:23:50.580+0000][gc,phases   ] GC(3)   Merge Heap Roots: 0.1ms
[2025-02-10T13:23:50.580+0000][gc,phases   ] GC(3)   Evacuate Collection Set: 14.8ms
[2025-02-10T13:23:50.580+0000][gc,phases   ] GC(3)   Post Evacuate Collection Set: 14.0ms
[2025-02-10T13:23:50.580+0000][gc,phases   ] GC(3)   Other: 0.2ms
[2025-02-10T13:23:50.580+0000][gc,heap     ] GC(3) Eden regions: 50->0(45)
[2025-02-10T13:23:50.580+0000][gc,heap     ] GC(3) Survivor regions: 1->6(7)
[2025-02-10T13:23:50.580+0000][gc,heap     ] GC(3) Old regions: 9->9
[2025-02-10T13:23:50.580+0000][gc,heap     ] GC(3) Humongous regions: 129->129
[2025-02-10T13:23:50.580+0000][gc,metaspace] GC(3) Metaspace: 33655K(33984K)->33655K(33984K) NonClass: 29955K(30144K)->29955K(30144K) Class: 3699K(3840K)->3699K(3840K)
[2025-02-10T13:23:50.580+0000][gc          ] GC(3) Pause Young (Prepare Mixed) (G1 Evacuation Pause) 188M->143M(1024M) 29.646ms
[2025-02-10T13:23:50.580+0000][gc,cpu      ] GC(3) User=0.04s Sys=0.00s Real=0.03s
[2025-02-10T13:24:39.919+0000][gc,start    ] GC(4) Pause Young (Mixed) (Metadata GC Threshold)
[2025-02-10T13:24:39.919+0000][gc,task     ] GC(4) Using 2 workers of 2 for evacuation
[2025-02-10T13:24:39.937+0000][gc,phases   ] GC(4)   Pre Evacuate Collection Set: 0.7ms
[2025-02-10T13:24:39.937+0000][gc,phases   ] GC(4)   Merge Heap Roots: 0.1ms
[2025-02-10T13:24:39.937+0000][gc,phases   ] GC(4)   Evacuate Collection Set: 15.8ms
[2025-02-10T13:24:39.937+0000][gc,phases   ] GC(4)   Post Evacuate Collection Set: 0.8ms
[2025-02-10T13:24:39.937+0000][gc,phases   ] GC(4)   Other: 0.1ms
[2025-02-10T13:24:39.937+0000][gc,heap     ] GC(4) Eden regions: 11->0(50)
[2025-02-10T13:24:39.937+0000][gc,heap     ] GC(4) Survivor regions: 6->1(7)
[2025-02-10T13:24:39.937+0000][gc,heap     ] GC(4) Old regions: 9->14
[2025-02-10T13:24:39.937+0000][gc,heap     ] GC(4) Humongous regions: 129->129
[2025-02-10T13:24:39.937+0000][gc,metaspace] GC(4) Metaspace: 35827K(36160K)->35827K(36160K) NonClass: 31753K(31936K)->31753K(31936K) Class: 4073K(4224K)->4073K(4224K)
[2025-02-10T13:24:39.937+0000][gc          ] GC(4) Pause Young (Mixed) (Metadata GC Threshold) 153M->143M(1024M) 17.701ms
[2025-02-10T13:24:39.937+0000][gc,cpu      ] GC(4) User=0.03s Sys=0.01s Real=0.02s
[2025-02-10T13:24:39.984+0000][gc,start    ] GC(5) Pause Young (Concurrent Start) (Metadata GC Threshold)
[2025-02-10T13:24:39.984+0000][gc,task     ] GC(5) Using 2 workers of 2 for evacuation
[2025-02-10T13:24:39.994+0000][gc,phases   ] GC(5)   Pre Evacuate Collection Set: 0.9ms
[2025-02-10T13:24:39.994+0000][gc,phases   ] GC(5)   Merge Heap Roots: 0.1ms
[2025-02-10T13:24:39.994+0000][gc,phases   ] GC(5)   Evacuate Collection Set: 8.0ms
[2025-02-10T13:24:39.994+0000][gc,phases   ] GC(5)   Post Evacuate Collection Set: 0.7ms
[2025-02-10T13:24:39.994+0000][gc,phases   ] GC(5)   Other: 0.2ms
[2025-02-10T13:24:39.994+0000][gc,heap     ] GC(5) Eden regions: 2->0(50)
[2025-02-10T13:24:39.994+0000][gc,heap     ] GC(5) Survivor regions: 1->1(7)
[2025-02-10T13:24:39.994+0000][gc,heap     ] GC(5) Old regions: 14->14
[2025-02-10T13:24:39.994+0000][gc,heap     ] GC(5) Humongous regions: 129->129
[2025-02-10T13:24:39.994+0000][gc,metaspace] GC(5) Metaspace: 36120K(36480K)->36120K(36480K) NonClass: 31997K(32192K)->31997K(32192K) Class: 4123K(4288K)->4123K(4288K)
[2025-02-10T13:24:39.994+0000][gc          ] GC(5) Pause Young (Concurrent Start) (Metadata GC Threshold) 145M->143M(1024M) 10.000ms
[2025-02-10T13:24:39.994+0000][gc,cpu      ] GC(5) User=0.02s Sys=0.00s Real=0.01s
[2025-02-10T13:24:39.994+0000][gc          ] GC(6) Concurrent Mark Cycle
[2025-02-10T13:24:39.994+0000][gc,marking  ] GC(6) Concurrent Scan Root Regions
[2025-02-10T13:24:39.996+0000][gc,marking  ] GC(6) Concurrent Scan Root Regions 2.053ms
[2025-02-10T13:24:39.996+0000][gc,marking  ] GC(6) Concurrent Mark
[2025-02-10T13:24:39.996+0000][gc,marking  ] GC(6) Concurrent Mark From Roots
[2025-02-10T13:24:39.996+0000][gc,task     ] GC(6) Using 1 workers of 1 for marking
[2025-02-10T13:24:40.081+0000][gc,marking  ] GC(6) Concurrent Mark From Roots 84.895ms
[2025-02-10T13:24:40.081+0000][gc,marking  ] GC(6) Concurrent Preclean
[2025-02-10T13:24:40.081+0000][gc,marking  ] GC(6) Concurrent Preclean 0.166ms
[2025-02-10T13:24:40.082+0000][gc,start    ] GC(6) Pause Remark
[2025-02-10T13:24:40.092+0000][gc          ] GC(6) Pause Remark 144M->144M(1024M) 9.964ms
[2025-02-10T13:24:40.092+0000][gc,cpu      ] GC(6) User=0.02s Sys=0.00s Real=0.01s
[2025-02-10T13:24:40.092+0000][gc,marking  ] GC(6) Concurrent Mark 95.651ms
[2025-02-10T13:24:40.092+0000][gc,marking  ] GC(6) Concurrent Rebuild Remembered Sets and Scrub Regions
[2025-02-10T13:24:40.133+0000][gc,marking  ] GC(6) Concurrent Rebuild Remembered Sets and Scrub Regions 41.027ms
[2025-02-10T13:24:40.136+0000][gc,start    ] GC(6) Pause Cleanup
[2025-02-10T13:24:40.136+0000][gc          ] GC(6) Pause Cleanup 146M->146M(1024M) 0.555ms
[2025-02-10T13:24:40.136+0000][gc,cpu      ] GC(6) User=0.00s Sys=0.00s Real=0.00s
[2025-02-10T13:24:40.136+0000][gc,marking  ] GC(6) Concurrent Clear Claimed Marks
[2025-02-10T13:24:40.136+0000][gc,marking  ] GC(6) Concurrent Clear Claimed Marks 0.046ms
[2025-02-10T13:24:40.136+0000][gc,marking  ] GC(6) Concurrent Cleanup for Next Mark
[2025-02-10T13:24:40.140+0000][gc,marking  ] GC(6) Concurrent Cleanup for Next Mark 3.501ms
[2025-02-10T13:24:40.140+0000][gc          ] GC(6) Concurrent Mark Cycle 145.582ms
[2025-02-10T13:33:04.231+0000][gc,start    ] GC(7) Pause Young (Prepare Mixed) (G1 Evacuation Pause)
[2025-02-10T13:33:04.232+0000][gc,task     ] GC(7) Using 2 workers of 2 for evacuation
[2025-02-10T13:33:04.247+0000][gc,phases   ] GC(7)   Pre Evacuate Collection Set: 0.9ms
[2025-02-10T13:33:04.247+0000][gc,phases   ] GC(7)   Merge Heap Roots: 0.2ms
[2025-02-10T13:33:04.247+0000][gc,phases   ] GC(7)   Evacuate Collection Set: 13.1ms
[2025-02-10T13:33:04.247+0000][gc,phases   ] GC(7)   Post Evacuate Collection Set: 1.0ms
[2025-02-10T13:33:04.247+0000][gc,phases   ] GC(7)   Other: 0.1ms
[2025-02-10T13:33:04.247+0000][gc,heap     ] GC(7) Eden regions: 50->0(46)
[2025-02-10T13:33:04.247+0000][gc,heap     ] GC(7) Survivor regions: 1->5(7)
[2025-02-10T13:33:04.247+0000][gc,heap     ] GC(7) Old regions: 14->14
[2025-02-10T13:33:04.247+0000][gc,heap     ] GC(7) Humongous regions: 129->129
[2025-02-10T13:33:04.247+0000][gc,metaspace] GC(7) Metaspace: 41054K(41664K)->41054K(41664K) NonClass: 36317K(36672K)->36317K(36672K) Class: 4737K(4992K)->4737K(4992K)
[2025-02-10T13:33:04.247+0000][gc          ] GC(7) Pause Young (Prepare Mixed) (G1 Evacuation Pause) 193M->147M(1024M) 15.661ms
[2025-02-10T13:33:04.247+0000][gc,cpu      ] GC(7) User=0.03s Sys=0.00s Real=0.01s
[2025-02-10T13:47:31.391+0000][gc,start    ] GC(8) Pause Young (Mixed) (G1 Evacuation Pause)
[2025-02-10T13:47:31.418+0000][gc,task     ] GC(8) Using 2 workers of 2 for evacuation
[2025-02-10T13:47:31.440+0000][gc,mmu      ] GC(8) MMU target violated: 21.0ms (20.0ms/21.0ms)
[2025-02-10T13:47:31.440+0000][gc,phases   ] GC(8)   Pre Evacuate Collection Set: 2.0ms
[2025-02-10T13:47:31.440+0000][gc,phases   ] GC(8)   Merge Heap Roots: 0.1ms
[2025-02-10T13:47:31.440+0000][gc,phases   ] GC(8)   Evacuate Collection Set: 18.4ms
[2025-02-10T13:47:31.440+0000][gc,phases   ] GC(8)   Post Evacuate Collection Set: 1.3ms
[2025-02-10T13:47:31.440+0000][gc,phases   ] GC(8)   Other: 0.2ms
[2025-02-10T13:47:31.440+0000][gc,heap     ] GC(8) Eden regions: 46->0(48)
[2025-02-10T13:47:31.440+0000][gc,heap     ] GC(8) Survivor regions: 5->3(7)
[2025-02-10T13:47:31.440+0000][gc,heap     ] GC(8) Old regions: 14->17
[2025-02-10T13:47:31.440+0000][gc,heap     ] GC(8) Humongous regions: 129->129
[2025-02-10T13:47:31.440+0000][gc,metaspace] GC(8) Metaspace: 41280K(41856K)->41280K(41856K) NonClass: 36524K(36864K)->36524K(36864K) Class: 4755K(4992K)->4755K(4992K)
[2025-02-10T13:47:31.440+0000][gc          ] GC(8) Pause Young (Mixed) (G1 Evacuation Pause) 193M->147M(1024M) 48.614ms
[2025-02-10T13:47:31.440+0000][gc,cpu      ] GC(8) User=0.04s Sys=0.00s Real=0.04s
[2025-02-10T14:05:00.250+0000][gc,start    ] GC(9) Pause Young (Normal) (G1 Evacuation Pause)
[2025-02-10T14:05:00.271+0000][gc,task     ] GC(9) Using 2 workers of 2 for evacuation
[2025-02-10T14:05:00.285+0000][gc,phases   ] GC(9)   Pre Evacuate Collection Set: 1.2ms
[2025-02-10T14:05:00.285+0000][gc,phases   ] GC(9)   Merge Heap Roots: 0.3ms
[2025-02-10T14:05:00.285+0000][gc,phases   ] GC(9)   Evacuate Collection Set: 12.2ms
[2025-02-10T14:05:00.285+0000][gc,phases   ] GC(9)   Post Evacuate Collection Set: 0.8ms
[2025-02-10T14:05:00.285+0000][gc,phases   ] GC(9)   Other: 0.1ms
[2025-02-10T14:05:00.285+0000][gc,heap     ] GC(9) Eden regions: 48->0(48)
[2025-02-10T14:05:00.285+0000][gc,heap     ] GC(9) Survivor regions: 3->3(7)
[2025-02-10T14:05:00.285+0000][gc,heap     ] GC(9) Old regions: 17->17
[2025-02-10T14:05:00.286+0000][gc,heap     ] GC(9) Humongous regions: 129->129
[2025-02-10T14:05:00.286+0000][gc,metaspace] GC(9) Metaspace: 41375K(41984K)->41375K(41984K) NonClass: 36619K(36992K)->36619K(36992K) Class: 4755K(4992K)->4755K(4992K)
[2025-02-10T14:05:00.286+0000][gc          ] GC(9) Pause Young (Normal) (G1 Evacuation Pause) 195M->148M(1024M) 36.026ms
[2025-02-10T14:05:00.286+0000][gc,cpu      ] GC(9) User=0.03s Sys=0.00s Real=0.04s
[2025-02-10T14:22:34.272+0000][gc,start    ] GC(10) Pause Young (Normal) (G1 Evacuation Pause)
[2025-02-10T14:22:34.272+0000][gc,task     ] GC(10) Using 2 workers of 2 for evacuation
[2025-02-10T14:22:34.287+0000][gc,phases   ] GC(10)   Pre Evacuate Collection Set: 1.7ms
[2025-02-10T14:22:34.287+0000][gc,phases   ] GC(10)   Merge Heap Roots: 0.1ms
[2025-02-10T14:22:34.287+0000][gc,phases   ] GC(10)   Evacuate Collection Set: 11.9ms
[2025-02-10T14:22:34.287+0000][gc,phases   ] GC(10)   Post Evacuate Collection Set: 0.7ms
[2025-02-10T14:22:34.287+0000][gc,phases   ] GC(10)   Other: 0.1ms
[2025-02-10T14:22:34.287+0000][gc,heap     ] GC(10) Eden regions: 48->0(47)
[2025-02-10T14:22:34.287+0000][gc,heap     ] GC(10) Survivor regions: 3->4(7)
[2025-02-10T14:22:34.287+0000][gc,heap     ] GC(10) Old regions: 17->17
[2025-02-10T14:22:34.287+0000][gc,heap     ] GC(10) Humongous regions: 129->129
[2025-02-10T14:22:34.287+0000][gc,metaspace] GC(10) Metaspace: 41825K(42432K)->41825K(42432K) NonClass: 37008K(37376K)->37008K(37376K) Class: 4816K(5056K)->4816K(5056K)
[2025-02-10T14:22:34.287+0000][gc          ] GC(10) Pause Young (Normal) (G1 Evacuation Pause) 196M->149M(1024M) 15.029ms
[2025-02-10T14:22:34.287+0000][gc,cpu      ] GC(10) User=0.02s Sys=0.00s Real=0.01s
[2025-02-10T14:37:22.476+0000][gc,start    ] GC(11) Pause Young (Normal) (G1 Evacuation Pause)
[2025-02-10T14:37:22.476+0000][gc,task     ] GC(11) Using 2 workers of 2 for evacuation
[2025-02-10T14:37:22.493+0000][gc,phases   ] GC(11)   Pre Evacuate Collection Set: 0.6ms
[2025-02-10T14:37:22.493+0000][gc,phases   ] GC(11)   Merge Heap Roots: 0.1ms
[2025-02-10T14:37:22.493+0000][gc,phases   ] GC(11)   Evacuate Collection Set: 14.8ms
[2025-02-10T14:37:22.493+0000][gc,phases   ] GC(11)   Post Evacuate Collection Set: 1.0ms
[2025-02-10T14:37:22.493+0000][gc,phases   ] GC(11)   Other: 0.1ms
[2025-02-10T14:37:22.493+0000][gc,heap     ] GC(11) Eden regions: 47->0(46)
[2025-02-10T14:37:22.493+0000][gc,heap     ] GC(11) Survivor regions: 4->5(7)
[2025-02-10T14:37:22.493+0000][gc,heap     ] GC(11) Old regions: 17->17
[2025-02-10T14:37:22.493+0000][gc,heap     ] GC(11) Humongous regions: 129->129
[2025-02-10T14:37:22.493+0000][gc,metaspace] GC(11) Metaspace: 42117K(42752K)->42117K(42752K) NonClass: 37257K(37632K)->37257K(37632K) Class: 4860K(5120K)->4860K(5120K)
[2025-02-10T14:37:22.493+0000][gc          ] GC(11) Pause Young (Normal) (G1 Evacuation Pause) 196M->150M(1024M) 16.877ms
[2025-02-10T14:37:22.493+0000][gc,cpu      ] GC(11) User=0.03s Sys=0.00s Real=0.02s
[2025-02-10T14:46:48.369+0000][gc,start    ] GC(12) Pause Young (Normal) (G1 Evacuation Pause)
[2025-02-10T14:46:48.369+0000][gc,task     ] GC(12) Using 2 workers of 2 for evacuation
[2025-02-10T14:46:48.385+0000][gc,phases   ] GC(12)   Pre Evacuate Collection Set: 1.3ms
[2025-02-10T14:46:48.386+0000][gc,phases   ] GC(12)   Merge Heap Roots: 0.1ms
[2025-02-10T14:46:48.386+0000][gc,phases   ] GC(12)   Evacuate Collection Set: 13.9ms
[2025-02-10T14:46:48.386+0000][gc,phases   ] GC(12)   Post Evacuate Collection Set: 0.7ms
[2025-02-10T14:46:48.386+0000][gc,phases   ] GC(12)   Other: 0.2ms
[2025-02-10T14:46:48.386+0000][gc,heap     ] GC(12) Eden regions: 46->0(47)
[2025-02-10T14:46:48.386+0000][gc,heap     ] GC(12) Survivor regions: 5->4(7)
[2025-02-10T14:46:48.386+0000][gc,heap     ] GC(12) Old regions: 17->19
[2025-02-10T14:46:48.386+0000][gc,heap     ] GC(12) Humongous regions: 129->129
[2025-02-10T14:46:48.386+0000][gc,metaspace] GC(12) Metaspace: 42221K(42816K)->42221K(42816K) NonClass: 37357K(37696K)->37357K(37696K) Class: 4863K(5120K)->4863K(5120K)
[2025-02-10T14:46:48.386+0000][gc          ] GC(12) Pause Young (Normal) (G1 Evacuation Pause) 196M->151M(1024M) 16.453ms
[2025-02-10T14:46:48.386+0000][gc,cpu      ] GC(12) User=0.03s Sys=0.00s Real=0.02s
[2025-02-10T14:58:06.061+0000][gc,start    ] GC(13) Pause Young (Normal) (G1 Evacuation Pause)
[2025-02-10T14:58:06.061+0000][gc,task     ] GC(13) Using 2 workers of 2 for evacuation
[2025-02-10T14:58:06.075+0000][gc,phases   ] GC(13)   Pre Evacuate Collection Set: 1.5ms
[2025-02-10T14:58:06.075+0000][gc,phases   ] GC(13)   Merge Heap Roots: 0.2ms
[2025-02-10T14:58:06.075+0000][gc,phases   ] GC(13)   Evacuate Collection Set: 10.5ms
[2025-02-10T14:58:06.075+0000][gc,phases   ] GC(13)   Post Evacuate Collection Set: 0.9ms
[2025-02-10T14:58:06.075+0000][gc,phases   ] GC(13)   Other: 0.2ms
[2025-02-10T14:58:06.075+0000][gc,heap     ] GC(13) Eden regions: 47->0(47)
[2025-02-10T14:58:06.075+0000][gc,heap     ] GC(13) Survivor regions: 4->4(7)
[2025-02-10T14:58:06.075+0000][gc,heap     ] GC(13) Old regions: 19->19
[2025-02-10T14:58:06.075+0000][gc,heap     ] GC(13) Humongous regions: 129->129
[2025-02-10T14:58:06.075+0000][gc,metaspace] GC(13) Metaspace: 42340K(43008K)->42340K(43008K) NonClass: 37475K(37888K)->37475K(37888K) Class: 4864K(5120K)->4864K(5120K)
[2025-02-10T14:58:06.075+0000][gc          ] GC(13) Pause Young (Normal) (G1 Evacuation Pause) 198M->150M(1024M) 13.638ms
[2025-02-10T14:58:06.075+0000][gc,cpu      ] GC(13) User=0.02s Sys=0.00s Real=0.01s
[2025-02-10T15:05:31.912+0000][gc,start    ] GC(14) Pause Young (Normal) (G1 Evacuation Pause)
[2025-02-10T15:05:31.912+0000][gc,task     ] GC(14) Using 2 workers of 2 for evacuation
[2025-02-10T15:05:31.924+0000][gc,phases   ] GC(14)   Pre Evacuate Collection Set: 0.9ms
[2025-02-10T15:05:31.924+0000][gc,phases   ] GC(14)   Merge Heap Roots: 0.1ms
[2025-02-10T15:05:31.924+0000][gc,phases   ] GC(14)   Evacuate Collection Set: 10.6ms
[2025-02-10T15:05:31.924+0000][gc,phases   ] GC(14)   Post Evacuate Collection Set: 0.9ms
[2025-02-10T15:05:31.924+0000][gc,phases   ] GC(14)   Other: 0.1ms
[2025-02-10T15:05:31.924+0000][gc,heap     ] GC(14) Eden regions: 47->0(47)
[2025-02-10T15:05:31.924+0000][gc,heap     ] GC(14) Survivor regions: 4->4(7)
[2025-02-10T15:05:31.924+0000][gc,heap     ] GC(14) Old regions: 19->19
[2025-02-10T15:05:31.924+0000][gc,heap     ] GC(14) Humongous regions: 129->129
[2025-02-10T15:05:31.924+0000][gc,metaspace] GC(14) Metaspace: 42522K(43136K)->42522K(43136K) NonClass: 37657K(38016K)->37657K(38016K) Class: 4864K(5120K)->4864K(5120K)
[2025-02-10T15:05:31.924+0000][gc          ] GC(14) Pause Young (Normal) (G1 Evacuation Pause) 197M->151M(1024M) 12.872ms
[2025-02-10T15:05:31.924+0000][gc,cpu      ] GC(14) User=0.03s Sys=0.00s Real=0.01s
[2025-02-10T15:13:54.650+0000][gc,start    ] GC(15) Pause Young (Normal) (G1 Evacuation Pause)
[2025-02-10T15:13:54.650+0000][gc,task     ] GC(15) Using 2 workers of 2 for evacuation
[2025-02-10T15:13:54.664+0000][gc,phases   ] GC(15)   Pre Evacuate Collection Set: 1.1ms
[2025-02-10T15:13:54.664+0000][gc,phases   ] GC(15)   Merge Heap Roots: 0.1ms
[2025-02-10T15:13:54.665+0000][gc,phases   ] GC(15)   Evacuate Collection Set: 12.5ms
[2025-02-10T15:13:54.665+0000][gc,phases   ] GC(15)   Post Evacuate Collection Set: 0.7ms
[2025-02-10T15:13:54.665+0000][gc,phases   ] GC(15)   Other: 0.1ms
[2025-02-10T15:13:54.665+0000][gc,heap     ] GC(15) Eden regions: 47->0(47)
[2025-02-10T15:13:54.665+0000][gc,heap     ] GC(15) Survivor regions: 4->4(7)
[2025-02-10T15:13:54.665+0000][gc,heap     ] GC(15) Old regions: 19->19
[2025-02-10T15:13:54.665+0000][gc,heap     ] GC(15) Humongous regions: 129->129
[2025-02-10T15:13:54.665+0000][gc,metaspace] GC(15) Metaspace: 42541K(43136K)->42541K(43136K) NonClass: 37677K(38016K)->37677K(38016K) Class: 4864K(5120K)->4864K(5120K)
[2025-02-10T15:13:54.665+0000][gc          ] GC(15) Pause Young (Normal) (G1 Evacuation Pause) 198M->151M(1024M) 14.822ms
[2025-02-10T15:13:54.665+0000][gc,cpu      ] GC(15) User=0.03s Sys=0.00s Real=0.02s
