[2025-02-11T05:21:20.417+0000][gc,init] CardTable entry size: 512
[2025-02-11T05:21:20.417+0000][gc     ] Using G1
[2025-02-11T05:21:20.433+0000][gc,init] Version: 21.0.5+11-Ubuntu-1ubuntu124.04 (release)
[2025-02-11T05:21:20.433+0000][gc,init] CPUs: 4 total, 4 available
[2025-02-11T05:21:20.433+0000][gc,init] Memory: 16002M
[2025-02-11T05:21:20.433+0000][gc,init] Large Page Support: Disabled
[2025-02-11T05:21:20.433+0000][gc,init] NUMA Support: Disabled
[2025-02-11T05:21:20.433+0000][gc,init] Compressed Oops: Enabled (32-bit)
[2025-02-11T05:21:20.433+0000][gc,init] Heap Region Size: 1M
[2025-02-11T05:21:20.433+0000][gc,init] Heap Min Capacity: 1G
[2025-02-11T05:21:20.433+0000][gc,init] Heap Initial Capacity: 1G
[2025-02-11T05:21:20.433+0000][gc,init] Heap Max Capacity: 1G
[2025-02-11T05:21:20.433+0000][gc,init] Pre-touch: Disabled
[2025-02-11T05:21:20.433+0000][gc,init] Parallel Workers: 4
[2025-02-11T05:21:20.433+0000][gc,init] Concurrent Workers: 1
[2025-02-11T05:21:20.433+0000][gc,init] Concurrent Refinement Workers: 4
[2025-02-11T05:21:20.433+0000][gc,init] Periodic GC: Disabled
[2025-02-11T05:21:20.443+0000][gc,metaspace] CDS archive(s) mapped at: [0x00007c9d33000000-0x00007c9d33c97000-0x00007c9d33c97000), size 13201408, SharedBaseAddress: 0x00007c9d33000000, ArchiveRelocationMode: 1.
[2025-02-11T05:21:20.443+0000][gc,metaspace] Compressed class space mapped at: 0x00007c9d34000000-0x00007c9d74000000, reserved size: 1073741824
[2025-02-11T05:21:20.444+0000][gc,metaspace] Narrow klass base: 0x00007c9d33000000, Narrow klass shift: 0, Narrow klass range: 0x100000000
[2025-02-11T05:21:23.967+0000][gc,start    ] GC(0) Pause Young (Normal) (G1 Evacuation Pause)
[2025-02-11T05:21:23.968+0000][gc,task     ] GC(0) Using 4 workers of 4 for evacuation
[2025-02-11T05:21:23.978+0000][gc,phases   ] GC(0)   Pre Evacuate Collection Set: 0.4ms
[2025-02-11T05:21:23.978+0000][gc,phases   ] GC(0)   Merge Heap Roots: 0.2ms
[2025-02-11T05:21:23.978+0000][gc,phases   ] GC(0)   Evacuate Collection Set: 8.2ms
[2025-02-11T05:21:23.978+0000][gc,phases   ] GC(0)   Post Evacuate Collection Set: 1.7ms
[2025-02-11T05:21:23.978+0000][gc,phases   ] GC(0)   Other: 0.8ms
[2025-02-11T05:21:23.978+0000][gc,heap     ] GC(0) Eden regions: 51->0(44)
[2025-02-11T05:21:23.978+0000][gc,heap     ] GC(0) Survivor regions: 0->7(7)
[2025-02-11T05:21:23.978+0000][gc,heap     ] GC(0) Old regions: 2->3
[2025-02-11T05:21:23.978+0000][gc,heap     ] GC(0) Humongous regions: 0->0
[2025-02-11T05:21:23.978+0000][gc,metaspace] GC(0) Metaspace: 19077K(19328K)->19077K(19328K) NonClass: 16884K(17024K)->16884K(17024K) Class: 2192K(2304K)->2192K(2304K)
[2025-02-11T05:21:23.979+0000][gc          ] GC(0) Pause Young (Normal) (G1 Evacuation Pause) 52M->8M(1024M) 11.581ms
[2025-02-11T05:21:23.979+0000][gc,cpu      ] GC(0) User=0.03s Sys=0.01s Real=0.01s
[2025-02-11T05:21:24.342+0000][gc,start    ] GC(1) Pause Young (Concurrent Start) (Metadata GC Threshold)
[2025-02-11T05:21:24.342+0000][gc,task     ] GC(1) Using 4 workers of 4 for evacuation
[2025-02-11T05:21:24.352+0000][gc,phases   ] GC(1)   Pre Evacuate Collection Set: 0.4ms
[2025-02-11T05:21:24.352+0000][gc,phases   ] GC(1)   Merge Heap Roots: 0.1ms
[2025-02-11T05:21:24.352+0000][gc,phases   ] GC(1)   Evacuate Collection Set: 8.9ms
[2025-02-11T05:21:24.352+0000][gc,phases   ] GC(1)   Post Evacuate Collection Set: 1.2ms
[2025-02-11T05:21:24.352+0000][gc,phases   ] GC(1)   Other: 0.1ms
[2025-02-11T05:21:24.352+0000][gc,heap     ] GC(1) Eden regions: 10->0(50)
[2025-02-11T05:21:24.352+0000][gc,heap     ] GC(1) Survivor regions: 7->1(7)
[2025-02-11T05:21:24.352+0000][gc,heap     ] GC(1) Old regions: 3->9
[2025-02-11T05:21:24.352+0000][gc,heap     ] GC(1) Humongous regions: 0->0
[2025-02-11T05:21:24.353+0000][gc,metaspace] GC(1) Metaspace: 21317K(21504K)->21317K(21504K) NonClass: 18844K(18944K)->18844K(18944K) Class: 2473K(2560K)->2473K(2560K)
[2025-02-11T05:21:24.353+0000][gc          ] GC(1) Pause Young (Concurrent Start) (Metadata GC Threshold) 17M->9M(1024M) 11.026ms
[2025-02-11T05:21:24.353+0000][gc,cpu      ] GC(1) User=0.03s Sys=0.01s Real=0.01s
[2025-02-11T05:21:24.353+0000][gc          ] GC(2) Concurrent Mark Cycle
[2025-02-11T05:21:24.353+0000][gc,marking  ] GC(2) Concurrent Scan Root Regions
[2025-02-11T05:21:24.360+0000][gc,marking  ] GC(2) Concurrent Scan Root Regions 6.929ms
[2025-02-11T05:21:24.360+0000][gc,marking  ] GC(2) Concurrent Mark
[2025-02-11T05:21:24.360+0000][gc,marking  ] GC(2) Concurrent Mark From Roots
[2025-02-11T05:21:24.360+0000][gc,task     ] GC(2) Using 1 workers of 1 for marking
[2025-02-11T05:21:24.364+0000][gc,marking  ] GC(2) Concurrent Mark From Roots 4.276ms
[2025-02-11T05:21:24.364+0000][gc,marking  ] GC(2) Concurrent Preclean
[2025-02-11T05:21:24.364+0000][gc,marking  ] GC(2) Concurrent Preclean 0.016ms
[2025-02-11T05:21:24.364+0000][gc,start    ] GC(2) Pause Remark
[2025-02-11T05:21:24.369+0000][gc          ] GC(2) Pause Remark 9M->9M(1024M) 4.762ms
[2025-02-11T05:21:24.369+0000][gc,cpu      ] GC(2) User=0.02s Sys=0.00s Real=0.00s
[2025-02-11T05:21:24.369+0000][gc,marking  ] GC(2) Concurrent Mark 9.539ms
[2025-02-11T05:21:24.369+0000][gc,marking  ] GC(2) Concurrent Rebuild Remembered Sets and Scrub Regions
[2025-02-11T05:21:24.377+0000][gc,marking  ] GC(2) Concurrent Rebuild Remembered Sets and Scrub Regions 7.338ms
[2025-02-11T05:21:24.377+0000][gc,start    ] GC(2) Pause Cleanup
[2025-02-11T05:21:24.377+0000][gc          ] GC(2) Pause Cleanup 9M->9M(1024M) 0.286ms
[2025-02-11T05:21:24.377+0000][gc,cpu      ] GC(2) User=0.00s Sys=0.00s Real=0.00s
[2025-02-11T05:21:24.377+0000][gc,marking  ] GC(2) Concurrent Clear Claimed Marks
[2025-02-11T05:21:24.377+0000][gc,marking  ] GC(2) Concurrent Clear Claimed Marks 0.037ms
[2025-02-11T05:21:24.377+0000][gc,marking  ] GC(2) Concurrent Cleanup for Next Mark
[2025-02-11T05:21:24.397+0000][gc,marking  ] GC(2) Concurrent Cleanup for Next Mark 19.851ms
[2025-02-11T05:21:24.397+0000][gc          ] GC(2) Concurrent Mark Cycle 44.638ms
[2025-02-11T05:21:26.003+0000][gc,start    ] GC(3) Pause Young (Prepare Mixed) (G1 Evacuation Pause)
[2025-02-11T05:21:26.003+0000][gc,task     ] GC(3) Using 4 workers of 4 for evacuation
[2025-02-11T05:21:26.013+0000][gc,phases   ] GC(3)   Pre Evacuate Collection Set: 0.5ms
[2025-02-11T05:21:26.013+0000][gc,phases   ] GC(3)   Merge Heap Roots: 0.2ms
[2025-02-11T05:21:26.013+0000][gc,phases   ] GC(3)   Evacuate Collection Set: 8.1ms
[2025-02-11T05:21:26.013+0000][gc,phases   ] GC(3)   Post Evacuate Collection Set: 1.2ms
[2025-02-11T05:21:26.013+0000][gc,phases   ] GC(3)   Other: 0.1ms
[2025-02-11T05:21:26.013+0000][gc,heap     ] GC(3) Eden regions: 50->0(45)
[2025-02-11T05:21:26.013+0000][gc,heap     ] GC(3) Survivor regions: 1->6(7)
[2025-02-11T05:21:26.013+0000][gc,heap     ] GC(3) Old regions: 9->9
[2025-02-11T05:21:26.013+0000][gc,heap     ] GC(3) Humongous regions: 129->129
[2025-02-11T05:21:26.013+0000][gc,metaspace] GC(3) Metaspace: 33479K(33856K)->33479K(33856K) NonClass: 29811K(30016K)->29811K(30016K) Class: 3668K(3840K)->3668K(3840K)
[2025-02-11T05:21:26.013+0000][gc          ] GC(3) Pause Young (Prepare Mixed) (G1 Evacuation Pause) 188M->142M(1024M) 10.297ms
[2025-02-11T05:21:26.013+0000][gc,cpu      ] GC(3) User=0.04s Sys=0.01s Real=0.02s
[2025-02-11T05:21:52.132+0000][gc,start    ] GC(4) Pause Young (Mixed) (Metadata GC Threshold)
[2025-02-11T05:21:52.132+0000][gc,task     ] GC(4) Using 4 workers of 4 for evacuation
[2025-02-11T05:21:52.146+0000][gc,phases   ] GC(4)   Pre Evacuate Collection Set: 0.8ms
[2025-02-11T05:21:52.146+0000][gc,phases   ] GC(4)   Merge Heap Roots: 0.1ms
[2025-02-11T05:21:52.146+0000][gc,phases   ] GC(4)   Evacuate Collection Set: 12.3ms
[2025-02-11T05:21:52.146+0000][gc,phases   ] GC(4)   Post Evacuate Collection Set: 1.0ms
[2025-02-11T05:21:52.146+0000][gc,phases   ] GC(4)   Other: 0.1ms
[2025-02-11T05:21:52.146+0000][gc,heap     ] GC(4) Eden regions: 12->0(49)
[2025-02-11T05:21:52.146+0000][gc,heap     ] GC(4) Survivor regions: 6->2(7)
[2025-02-11T05:21:52.146+0000][gc,heap     ] GC(4) Old regions: 9->14
[2025-02-11T05:21:52.146+0000][gc,heap     ] GC(4) Humongous regions: 129->129
[2025-02-11T05:21:52.146+0000][gc,metaspace] GC(4) Metaspace: 35792K(36160K)->35792K(36160K) NonClass: 31733K(31936K)->31733K(31936K) Class: 4058K(4224K)->4058K(4224K)
[2025-02-11T05:21:52.146+0000][gc          ] GC(4) Pause Young (Mixed) (Metadata GC Threshold) 154M->144M(1024M) 14.725ms
[2025-02-11T05:21:52.146+0000][gc,cpu      ] GC(4) User=0.05s Sys=0.01s Real=0.02s
[2025-02-11T05:21:52.191+0000][gc,start    ] GC(5) Pause Young (Concurrent Start) (Metadata GC Threshold)
[2025-02-11T05:21:52.192+0000][gc,task     ] GC(5) Using 4 workers of 4 for evacuation
[2025-02-11T05:21:52.195+0000][gc,phases   ] GC(5)   Pre Evacuate Collection Set: 0.5ms
[2025-02-11T05:21:52.195+0000][gc,phases   ] GC(5)   Merge Heap Roots: 0.1ms
[2025-02-11T05:21:52.195+0000][gc,phases   ] GC(5)   Evacuate Collection Set: 2.2ms
[2025-02-11T05:21:52.195+0000][gc,phases   ] GC(5)   Post Evacuate Collection Set: 0.6ms
[2025-02-11T05:21:52.195+0000][gc,phases   ] GC(5)   Other: 0.1ms
[2025-02-11T05:21:52.195+0000][gc,heap     ] GC(5) Eden regions: 3->0(50)
[2025-02-11T05:21:52.195+0000][gc,heap     ] GC(5) Survivor regions: 2->1(7)
[2025-02-11T05:21:52.195+0000][gc,heap     ] GC(5) Old regions: 14->14
[2025-02-11T05:21:52.195+0000][gc,heap     ] GC(5) Humongous regions: 129->129
[2025-02-11T05:21:52.195+0000][gc,metaspace] GC(5) Metaspace: 36084K(36480K)->36084K(36480K) NonClass: 31996K(32192K)->31996K(32192K) Class: 4088K(4288K)->4088K(4288K)
[2025-02-11T05:21:52.195+0000][gc          ] GC(5) Pause Young (Concurrent Start) (Metadata GC Threshold) 146M->143M(1024M) 3.655ms
[2025-02-11T05:21:52.195+0000][gc,cpu      ] GC(5) User=0.01s Sys=0.00s Real=0.01s
[2025-02-11T05:21:52.195+0000][gc          ] GC(6) Concurrent Mark Cycle
[2025-02-11T05:21:52.195+0000][gc,marking  ] GC(6) Concurrent Scan Root Regions
[2025-02-11T05:21:52.198+0000][gc,marking  ] GC(6) Concurrent Scan Root Regions 2.360ms
[2025-02-11T05:21:52.198+0000][gc,marking  ] GC(6) Concurrent Mark
[2025-02-11T05:21:52.198+0000][gc,marking  ] GC(6) Concurrent Mark From Roots
[2025-02-11T05:21:52.198+0000][gc,task     ] GC(6) Using 1 workers of 1 for marking
[2025-02-11T05:21:52.263+0000][gc,marking  ] GC(6) Concurrent Mark From Roots 65.583ms
[2025-02-11T05:21:52.263+0000][gc,marking  ] GC(6) Concurrent Preclean
[2025-02-11T05:21:52.264+0000][gc,marking  ] GC(6) Concurrent Preclean 0.155ms
[2025-02-11T05:21:52.267+0000][gc,start    ] GC(6) Pause Remark
[2025-02-11T05:21:52.271+0000][gc          ] GC(6) Pause Remark 145M->145M(1024M) 4.070ms
[2025-02-11T05:21:52.271+0000][gc,cpu      ] GC(6) User=0.02s Sys=0.00s Real=0.00s
[2025-02-11T05:21:52.271+0000][gc,marking  ] GC(6) Concurrent Mark 73.698ms
[2025-02-11T05:21:52.271+0000][gc,marking  ] GC(6) Concurrent Rebuild Remembered Sets and Scrub Regions
[2025-02-11T05:21:52.286+0000][gc,marking  ] GC(6) Concurrent Rebuild Remembered Sets and Scrub Regions 14.760ms
[2025-02-11T05:21:52.286+0000][gc,start    ] GC(6) Pause Cleanup
[2025-02-11T05:21:52.287+0000][gc          ] GC(6) Pause Cleanup 146M->146M(1024M) 0.316ms
[2025-02-11T05:21:52.287+0000][gc,cpu      ] GC(6) User=0.00s Sys=0.00s Real=0.00s
[2025-02-11T05:21:52.287+0000][gc,marking  ] GC(6) Concurrent Clear Claimed Marks
[2025-02-11T05:21:52.287+0000][gc,marking  ] GC(6) Concurrent Clear Claimed Marks 0.049ms
[2025-02-11T05:21:52.287+0000][gc,marking  ] GC(6) Concurrent Cleanup for Next Mark
[2025-02-11T05:21:52.292+0000][gc,marking  ] GC(6) Concurrent Cleanup for Next Mark 5.102ms
[2025-02-11T05:21:52.292+0000][gc          ] GC(6) Concurrent Mark Cycle 96.803ms
[2025-02-11T05:29:23.627+0000][gc,start    ] GC(7) Pause Young (Prepare Mixed) (G1 Evacuation Pause)
[2025-02-11T05:29:23.627+0000][gc,task     ] GC(7) Using 4 workers of 4 for evacuation
[2025-02-11T05:29:23.648+0000][gc,mmu      ] GC(7) MMU target violated: 20.8ms (20.0ms/21.0ms)
[2025-02-11T05:29:23.648+0000][gc,phases   ] GC(7)   Pre Evacuate Collection Set: 0.9ms
[2025-02-11T05:29:23.648+0000][gc,phases   ] GC(7)   Merge Heap Roots: 0.2ms
[2025-02-11T05:29:23.648+0000][gc,phases   ] GC(7)   Evacuate Collection Set: 18.2ms
[2025-02-11T05:29:23.648+0000][gc,phases   ] GC(7)   Post Evacuate Collection Set: 1.5ms
[2025-02-11T05:29:23.648+0000][gc,phases   ] GC(7)   Other: 0.2ms
[2025-02-11T05:29:23.648+0000][gc,heap     ] GC(7) Eden regions: 50->0(45)
[2025-02-11T05:29:23.648+0000][gc,heap     ] GC(7) Survivor regions: 1->6(7)
[2025-02-11T05:29:23.648+0000][gc,heap     ] GC(7) Old regions: 14->14
[2025-02-11T05:29:23.648+0000][gc,heap     ] GC(7) Humongous regions: 129->129
[2025-02-11T05:29:23.648+0000][gc,metaspace] GC(7) Metaspace: 40796K(41408K)->40796K(41408K) NonClass: 36118K(36480K)->36118K(36480K) Class: 4678K(4928K)->4678K(4928K)
[2025-02-11T05:29:23.648+0000][gc          ] GC(7) Pause Young (Prepare Mixed) (G1 Evacuation Pause) 193M->148M(1024M) 21.163ms
[2025-02-11T05:29:23.649+0000][gc,cpu      ] GC(7) User=0.04s Sys=0.00s Real=0.02s
[2025-02-11T05:35:24.621+0000][gc,start    ] GC(8) Pause Young (Mixed) (G1 Evacuation Pause)
[2025-02-11T05:35:24.622+0000][gc,task     ] GC(8) Using 4 workers of 4 for evacuation
[2025-02-11T05:35:24.633+0000][gc,phases   ] GC(8)   Pre Evacuate Collection Set: 0.8ms
[2025-02-11T05:35:24.633+0000][gc,phases   ] GC(8)   Merge Heap Roots: 0.1ms
[2025-02-11T05:35:24.633+0000][gc,phases   ] GC(8)   Evacuate Collection Set: 9.5ms
[2025-02-11T05:35:24.633+0000][gc,phases   ] GC(8)   Post Evacuate Collection Set: 0.9ms
[2025-02-11T05:35:24.633+0000][gc,phases   ] GC(8)   Other: 0.3ms
[2025-02-11T05:35:24.633+0000][gc,heap     ] GC(8) Eden regions: 45->0(48)
[2025-02-11T05:35:24.633+0000][gc,heap     ] GC(8) Survivor regions: 6->3(7)
[2025-02-11T05:35:24.633+0000][gc,heap     ] GC(8) Old regions: 14->17
[2025-02-11T05:35:24.633+0000][gc,heap     ] GC(8) Humongous regions: 129->129
[2025-02-11T05:35:24.633+0000][gc,metaspace] GC(8) Metaspace: 41824K(42432K)->41824K(42432K) NonClass: 36968K(37312K)->36968K(37312K) Class: 4855K(5120K)->4855K(5120K)
[2025-02-11T05:35:24.633+0000][gc          ] GC(8) Pause Young (Mixed) (G1 Evacuation Pause) 193M->148M(1024M) 11.838ms
[2025-02-11T05:35:24.633+0000][gc,cpu      ] GC(8) User=0.03s Sys=0.01s Real=0.02s
[2025-02-11T05:42:15.267+0000][gc,start    ] GC(9) Pause Young (Normal) (G1 Evacuation Pause)
[2025-02-11T05:42:15.267+0000][gc,task     ] GC(9) Using 4 workers of 4 for evacuation
[2025-02-11T05:42:15.280+0000][gc,phases   ] GC(9)   Pre Evacuate Collection Set: 0.7ms
[2025-02-11T05:42:15.281+0000][gc,phases   ] GC(9)   Merge Heap Roots: 0.2ms
[2025-02-11T05:42:15.281+0000][gc,phases   ] GC(9)   Evacuate Collection Set: 11.1ms
[2025-02-11T05:42:15.281+0000][gc,phases   ] GC(9)   Post Evacuate Collection Set: 1.0ms
[2025-02-11T05:42:15.281+0000][gc,phases   ] GC(9)   Other: 0.1ms
[2025-02-11T05:42:15.281+0000][gc,heap     ] GC(9) Eden regions: 48->0(45)
[2025-02-11T05:42:15.281+0000][gc,heap     ] GC(9) Survivor regions: 3->6(7)
[2025-02-11T05:42:15.281+0000][gc,heap     ] GC(9) Old regions: 17->17
[2025-02-11T05:42:15.281+0000][gc,heap     ] GC(9) Humongous regions: 129->129
[2025-02-11T05:42:15.281+0000][gc,metaspace] GC(9) Metaspace: 42101K(42688K)->42101K(42688K) NonClass: 37216K(37568K)->37216K(37568K) Class: 4884K(5120K)->4884K(5120K)
[2025-02-11T05:42:15.281+0000][gc          ] GC(9) Pause Young (Normal) (G1 Evacuation Pause) 196M->151M(1024M) 13.297ms
[2025-02-11T05:42:15.281+0000][gc,cpu      ] GC(9) User=0.03s Sys=0.00s Real=0.01s
[2025-02-11T05:48:00.968+0000][gc,start    ] GC(10) Pause Young (Normal) (G1 Evacuation Pause)
[2025-02-11T05:48:00.968+0000][gc,task     ] GC(10) Using 4 workers of 4 for evacuation
[2025-02-11T05:48:00.985+0000][gc,phases   ] GC(10)   Pre Evacuate Collection Set: 1.2ms
[2025-02-11T05:48:00.985+0000][gc,phases   ] GC(10)   Merge Heap Roots: 0.1ms
[2025-02-11T05:48:00.985+0000][gc,phases   ] GC(10)   Evacuate Collection Set: 14.7ms
[2025-02-11T05:48:00.985+0000][gc,phases   ] GC(10)   Post Evacuate Collection Set: 0.7ms
[2025-02-11T05:48:00.985+0000][gc,phases   ] GC(10)   Other: 0.1ms
[2025-02-11T05:48:00.985+0000][gc,heap     ] GC(10) Eden regions: 45->0(46)
[2025-02-11T05:48:00.985+0000][gc,heap     ] GC(10) Survivor regions: 6->5(7)
[2025-02-11T05:48:00.985+0000][gc,heap     ] GC(10) Old regions: 17->22
[2025-02-11T05:48:00.985+0000][gc,heap     ] GC(10) Humongous regions: 129->129
[2025-02-11T05:48:00.985+0000][gc,metaspace] GC(10) Metaspace: 42384K(43008K)->42384K(43008K) NonClass: 37495K(37888K)->37495K(37888K) Class: 4889K(5120K)->4889K(5120K)
[2025-02-11T05:48:00.985+0000][gc          ] GC(10) Pause Young (Normal) (G1 Evacuation Pause) 196M->155M(1024M) 17.106ms
[2025-02-11T05:48:00.985+0000][gc,cpu      ] GC(10) User=0.05s Sys=0.01s Real=0.02s
[2025-02-11T05:53:42.776+0000][gc,start    ] GC(11) Pause Young (Normal) (G1 Evacuation Pause)
[2025-02-11T05:53:42.776+0000][gc,task     ] GC(11) Using 4 workers of 4 for evacuation
[2025-02-11T05:53:42.790+0000][gc,phases   ] GC(11)   Pre Evacuate Collection Set: 0.6ms
[2025-02-11T05:53:42.790+0000][gc,phases   ] GC(11)   Merge Heap Roots: 0.2ms
[2025-02-11T05:53:42.790+0000][gc,phases   ] GC(11)   Evacuate Collection Set: 12.7ms
[2025-02-11T05:53:42.790+0000][gc,phases   ] GC(11)   Post Evacuate Collection Set: 0.8ms
[2025-02-11T05:53:42.790+0000][gc,phases   ] GC(11)   Other: 0.2ms
[2025-02-11T05:53:42.790+0000][gc,heap     ] GC(11) Eden regions: 46->0(46)
[2025-02-11T05:53:42.790+0000][gc,heap     ] GC(11) Survivor regions: 5->5(7)
[2025-02-11T05:53:42.790+0000][gc,heap     ] GC(11) Old regions: 22->26
[2025-02-11T05:53:42.790+0000][gc,heap     ] GC(11) Humongous regions: 129->129
[2025-02-11T05:53:42.790+0000][gc,metaspace] GC(11) Metaspace: 42792K(43456K)->42792K(43456K) NonClass: 37901K(38272K)->37901K(38272K) Class: 4891K(5184K)->4891K(5184K)
[2025-02-11T05:53:42.790+0000][gc          ] GC(11) Pause Young (Normal) (G1 Evacuation Pause) 201M->159M(1024M) 14.650ms
[2025-02-11T05:53:42.791+0000][gc,cpu      ] GC(11) User=0.05s Sys=0.00s Real=0.01s
[2025-02-11T05:53:56.747+0000][gc,start    ] GC(12) Pause Young (Normal) (G1 Evacuation Pause)
[2025-02-11T05:53:56.747+0000][gc,task     ] GC(12) Using 4 workers of 4 for evacuation
[2025-02-11T05:53:56.758+0000][gc,phases   ] GC(12)   Pre Evacuate Collection Set: 0.4ms
[2025-02-11T05:53:56.758+0000][gc,phases   ] GC(12)   Merge Heap Roots: 0.1ms
[2025-02-11T05:53:56.758+0000][gc,phases   ] GC(12)   Evacuate Collection Set: 9.9ms
[2025-02-11T05:53:56.758+0000][gc,phases   ] GC(12)   Post Evacuate Collection Set: 0.6ms
[2025-02-11T05:53:56.758+0000][gc,phases   ] GC(12)   Other: 0.1ms
[2025-02-11T05:53:56.758+0000][gc,heap     ] GC(12) Eden regions: 46->0(48)
[2025-02-11T05:53:56.758+0000][gc,heap     ] GC(12) Survivor regions: 5->3(7)
[2025-02-11T05:53:56.758+0000][gc,heap     ] GC(12) Old regions: 26->30
[2025-02-11T05:53:56.759+0000][gc,heap     ] GC(12) Humongous regions: 129->129
[2025-02-11T05:53:56.759+0000][gc,metaspace] GC(12) Metaspace: 42896K(43584K)->42896K(43584K) NonClass: 38004K(38400K)->38004K(38400K) Class: 4891K(5184K)->4891K(5184K)
[2025-02-11T05:53:56.759+0000][gc          ] GC(12) Pause Young (Normal) (G1 Evacuation Pause) 205M->161M(1024M) 11.263ms
[2025-02-11T05:53:56.759+0000][gc,cpu      ] GC(12) User=0.03s Sys=0.00s Real=0.01s
[2025-02-11T05:54:30.525+0000][gc,start    ] GC(13) Pause Young (Normal) (G1 Evacuation Pause)
[2025-02-11T05:54:30.525+0000][gc,task     ] GC(13) Using 4 workers of 4 for evacuation
[2025-02-11T05:54:30.533+0000][gc,phases   ] GC(13)   Pre Evacuate Collection Set: 0.4ms
[2025-02-11T05:54:30.533+0000][gc,phases   ] GC(13)   Merge Heap Roots: 0.1ms
[2025-02-11T05:54:30.533+0000][gc,phases   ] GC(13)   Evacuate Collection Set: 6.0ms
[2025-02-11T05:54:30.533+0000][gc,phases   ] GC(13)   Post Evacuate Collection Set: 0.5ms
[2025-02-11T05:54:30.533+0000][gc,phases   ] GC(13)   Other: 0.1ms
[2025-02-11T05:54:30.533+0000][gc,heap     ] GC(13) Eden regions: 48->0(46)
[2025-02-11T05:54:30.533+0000][gc,heap     ] GC(13) Survivor regions: 3->5(7)
[2025-02-11T05:54:30.533+0000][gc,heap     ] GC(13) Old regions: 30->30
[2025-02-11T05:54:30.533+0000][gc,heap     ] GC(13) Humongous regions: 129->129
[2025-02-11T05:54:30.533+0000][gc,metaspace] GC(13) Metaspace: 42903K(43584K)->42903K(43584K) NonClass: 38011K(38400K)->38011K(38400K) Class: 4891K(5184K)->4891K(5184K)
[2025-02-11T05:54:30.533+0000][gc          ] GC(13) Pause Young (Normal) (G1 Evacuation Pause) 209M->163M(1024M) 7.429ms
[2025-02-11T05:54:30.533+0000][gc,cpu      ] GC(13) User=0.02s Sys=0.00s Real=0.01s
[2025-02-11T05:57:39.718+0000][gc,start    ] GC(14) Pause Young (Normal) (G1 Evacuation Pause)
[2025-02-11T05:57:39.718+0000][gc,task     ] GC(14) Using 4 workers of 4 for evacuation
[2025-02-11T05:57:39.731+0000][gc,phases   ] GC(14)   Pre Evacuate Collection Set: 0.7ms
[2025-02-11T05:57:39.731+0000][gc,phases   ] GC(14)   Merge Heap Roots: 0.1ms
[2025-02-11T05:57:39.731+0000][gc,phases   ] GC(14)   Evacuate Collection Set: 11.6ms
[2025-02-11T05:57:39.731+0000][gc,phases   ] GC(14)   Post Evacuate Collection Set: 1.1ms
[2025-02-11T05:57:39.731+0000][gc,phases   ] GC(14)   Other: 0.2ms
[2025-02-11T05:57:39.731+0000][gc,heap     ] GC(14) Eden regions: 46->0(45)
[2025-02-11T05:57:39.731+0000][gc,heap     ] GC(14) Survivor regions: 5->6(7)
[2025-02-11T05:57:39.731+0000][gc,heap     ] GC(14) Old regions: 30->33
[2025-02-11T05:57:39.731+0000][gc,heap     ] GC(14) Humongous regions: 129->129
[2025-02-11T05:57:39.731+0000][gc,metaspace] GC(14) Metaspace: 42934K(43584K)->42934K(43584K) NonClass: 38043K(38400K)->38043K(38400K) Class: 4891K(5184K)->4891K(5184K)
[2025-02-11T05:57:39.731+0000][gc          ] GC(14) Pause Young (Normal) (G1 Evacuation Pause) 209M->166M(1024M) 13.930ms
[2025-02-11T05:57:39.731+0000][gc,cpu      ] GC(14) User=0.05s Sys=0.00s Real=0.01s
[2025-02-11T05:57:53.425+0000][gc,start    ] GC(15) Pause Young (Normal) (G1 Evacuation Pause)
[2025-02-11T05:57:53.425+0000][gc,task     ] GC(15) Using 4 workers of 4 for evacuation
[2025-02-11T05:57:53.437+0000][gc,phases   ] GC(15)   Pre Evacuate Collection Set: 0.4ms
[2025-02-11T05:57:53.437+0000][gc,phases   ] GC(15)   Merge Heap Roots: 0.1ms
[2025-02-11T05:57:53.437+0000][gc,phases   ] GC(15)   Evacuate Collection Set: 11.1ms
[2025-02-11T05:57:53.437+0000][gc,phases   ] GC(15)   Post Evacuate Collection Set: 0.7ms
[2025-02-11T05:57:53.437+0000][gc,phases   ] GC(15)   Other: 0.1ms
[2025-02-11T05:57:53.437+0000][gc,heap     ] GC(15) Eden regions: 45->0(45)
[2025-02-11T05:57:53.437+0000][gc,heap     ] GC(15) Survivor regions: 6->6(7)
[2025-02-11T05:57:53.437+0000][gc,heap     ] GC(15) Old regions: 33->35
[2025-02-11T05:57:53.437+0000][gc,heap     ] GC(15) Humongous regions: 129->129
[2025-02-11T05:57:53.437+0000][gc,metaspace] GC(15) Metaspace: 42934K(43584K)->42934K(43584K) NonClass: 38043K(38400K)->38043K(38400K) Class: 4891K(5184K)->4891K(5184K)
[2025-02-11T05:57:53.437+0000][gc          ] GC(15) Pause Young (Normal) (G1 Evacuation Pause) 211M->168M(1024M) 12.652ms
[2025-02-11T05:57:53.437+0000][gc,cpu      ] GC(15) User=0.04s Sys=0.00s Real=0.01s
[2025-02-11T05:58:03.561+0000][gc,start    ] GC(16) Pause Young (Normal) (G1 Evacuation Pause)
[2025-02-11T05:58:03.561+0000][gc,task     ] GC(16) Using 4 workers of 4 for evacuation
[2025-02-11T05:58:03.576+0000][gc,phases   ] GC(16)   Pre Evacuate Collection Set: 0.3ms
[2025-02-11T05:58:03.576+0000][gc,phases   ] GC(16)   Merge Heap Roots: 0.2ms
[2025-02-11T05:58:03.576+0000][gc,phases   ] GC(16)   Evacuate Collection Set: 13.8ms
[2025-02-11T05:58:03.576+0000][gc,phases   ] GC(16)   Post Evacuate Collection Set: 0.6ms
[2025-02-11T05:58:03.576+0000][gc,phases   ] GC(16)   Other: 0.1ms
[2025-02-11T05:58:03.576+0000][gc,heap     ] GC(16) Eden regions: 45->0(47)
[2025-02-11T05:58:03.576+0000][gc,heap     ] GC(16) Survivor regions: 6->4(7)
[2025-02-11T05:58:03.576+0000][gc,heap     ] GC(16) Old regions: 35->38
[2025-02-11T05:58:03.576+0000][gc,heap     ] GC(16) Humongous regions: 129->129
[2025-02-11T05:58:03.576+0000][gc,metaspace] GC(16) Metaspace: 42934K(43584K)->42934K(43584K) NonClass: 38043K(38400K)->38043K(38400K) Class: 4891K(5184K)->4891K(5184K)
[2025-02-11T05:58:03.576+0000][gc          ] GC(16) Pause Young (Normal) (G1 Evacuation Pause) 213M->170M(1024M) 15.248ms
[2025-02-11T05:58:03.576+0000][gc,cpu      ] GC(16) User=0.03s Sys=0.00s Real=0.02s
[2025-02-11T05:58:14.742+0000][gc,start    ] GC(17) Pause Young (Normal) (G1 Evacuation Pause)
[2025-02-11T05:58:14.743+0000][gc,task     ] GC(17) Using 4 workers of 4 for evacuation
[2025-02-11T05:58:14.750+0000][gc,phases   ] GC(17)   Pre Evacuate Collection Set: 0.3ms
[2025-02-11T05:58:14.750+0000][gc,phases   ] GC(17)   Merge Heap Roots: 0.2ms
[2025-02-11T05:58:14.750+0000][gc,phases   ] GC(17)   Evacuate Collection Set: 6.6ms
[2025-02-11T05:58:14.750+0000][gc,phases   ] GC(17)   Post Evacuate Collection Set: 0.6ms
[2025-02-11T05:58:14.750+0000][gc,phases   ] GC(17)   Other: 0.1ms
[2025-02-11T05:58:14.750+0000][gc,heap     ] GC(17) Eden regions: 47->0(46)
[2025-02-11T05:58:14.750+0000][gc,heap     ] GC(17) Survivor regions: 4->5(7)
[2025-02-11T05:58:14.750+0000][gc,heap     ] GC(17) Old regions: 38->38
[2025-02-11T05:58:14.750+0000][gc,heap     ] GC(17) Humongous regions: 129->129
[2025-02-11T05:58:14.750+0000][gc,metaspace] GC(17) Metaspace: 42936K(43584K)->42936K(43584K) NonClass: 38045K(38400K)->38045K(38400K) Class: 4891K(5184K)->4891K(5184K)
[2025-02-11T05:58:14.751+0000][gc          ] GC(17) Pause Young (Normal) (G1 Evacuation Pause) 217M->171M(1024M) 8.055ms
[2025-02-11T05:58:14.751+0000][gc,cpu      ] GC(17) User=0.03s Sys=0.00s Real=0.01s
[2025-02-11T05:58:25.321+0000][gc,start    ] GC(18) Pause Young (Normal) (G1 Evacuation Pause)
[2025-02-11T05:58:25.321+0000][gc,task     ] GC(18) Using 4 workers of 4 for evacuation
[2025-02-11T05:58:25.334+0000][gc,phases   ] GC(18)   Pre Evacuate Collection Set: 0.4ms
[2025-02-11T05:58:25.334+0000][gc,phases   ] GC(18)   Merge Heap Roots: 0.1ms
[2025-02-11T05:58:25.334+0000][gc,phases   ] GC(18)   Evacuate Collection Set: 10.7ms
[2025-02-11T05:58:25.334+0000][gc,phases   ] GC(18)   Post Evacuate Collection Set: 1.0ms
[2025-02-11T05:58:25.334+0000][gc,phases   ] GC(18)   Other: 0.1ms
[2025-02-11T05:58:25.334+0000][gc,heap     ] GC(18) Eden regions: 46->0(76)
[2025-02-11T05:58:25.334+0000][gc,heap     ] GC(18) Survivor regions: 5->3(7)
[2025-02-11T05:58:25.334+0000][gc,heap     ] GC(18) Old regions: 38->40
[2025-02-11T05:58:25.334+0000][gc,heap     ] GC(18) Humongous regions: 129->129
[2025-02-11T05:58:25.334+0000][gc,metaspace] GC(18) Metaspace: 42936K(43584K)->42936K(43584K) NonClass: 38045K(38400K)->38045K(38400K) Class: 4891K(5184K)->4891K(5184K)
[2025-02-11T05:58:25.334+0000][gc          ] GC(18) Pause Young (Normal) (G1 Evacuation Pause) 217M->171M(1024M) 12.513ms
[2025-02-11T05:58:25.334+0000][gc,cpu      ] GC(18) User=0.03s Sys=0.01s Real=0.02s
[2025-02-11T05:59:03.401+0000][gc,start    ] GC(19) Pause Young (Normal) (G1 Evacuation Pause)
[2025-02-11T05:59:03.401+0000][gc,task     ] GC(19) Using 4 workers of 4 for evacuation
[2025-02-11T05:59:03.411+0000][gc,phases   ] GC(19)   Pre Evacuate Collection Set: 0.4ms
[2025-02-11T05:59:03.412+0000][gc,phases   ] GC(19)   Merge Heap Roots: 0.5ms
[2025-02-11T05:59:03.412+0000][gc,phases   ] GC(19)   Evacuate Collection Set: 8.9ms
[2025-02-11T05:59:03.412+0000][gc,phases   ] GC(19)   Post Evacuate Collection Set: 0.7ms
[2025-02-11T05:59:03.412+0000][gc,phases   ] GC(19)   Other: 0.1ms
[2025-02-11T05:59:03.412+0000][gc,heap     ] GC(19) Eden regions: 71->0(60)
[2025-02-11T05:59:03.412+0000][gc,heap     ] GC(19) Survivor regions: 3->5(10)
[2025-02-11T05:59:03.412+0000][gc,heap     ] GC(19) Old regions: 40->40
[2025-02-11T05:59:03.412+0000][gc,heap     ] GC(19) Humongous regions: 129->129
[2025-02-11T05:59:03.412+0000][gc,metaspace] GC(19) Metaspace: 42944K(43584K)->42944K(43584K) NonClass: 38052K(38400K)->38052K(38400K) Class: 4891K(5184K)->4891K(5184K)
[2025-02-11T05:59:03.412+0000][gc          ] GC(19) Pause Young (Normal) (G1 Evacuation Pause) 242M->173M(1024M) 10.809ms
[2025-02-11T05:59:03.412+0000][gc,cpu      ] GC(19) User=0.03s Sys=0.01s Real=0.01s
[2025-02-11T05:59:21.479+0000][gc,start    ] GC(20) Pause Young (Normal) (G1 Evacuation Pause)
[2025-02-11T05:59:21.479+0000][gc,task     ] GC(20) Using 4 workers of 4 for evacuation
[2025-02-11T05:59:21.490+0000][gc,phases   ] GC(20)   Pre Evacuate Collection Set: 0.5ms
[2025-02-11T05:59:21.490+0000][gc,phases   ] GC(20)   Merge Heap Roots: 0.1ms
[2025-02-11T05:59:21.490+0000][gc,phases   ] GC(20)   Evacuate Collection Set: 9.1ms
[2025-02-11T05:59:21.490+0000][gc,phases   ] GC(20)   Post Evacuate Collection Set: 0.7ms
[2025-02-11T05:59:21.490+0000][gc,phases   ] GC(20)   Other: 0.1ms
[2025-02-11T05:59:21.490+0000][gc,heap     ] GC(20) Eden regions: 71->0(62)
[2025-02-11T05:59:21.490+0000][gc,heap     ] GC(20) Survivor regions: 5->6(10)
[2025-02-11T05:59:21.490+0000][gc,heap     ] GC(20) Old regions: 40->40
[2025-02-11T05:59:21.490+0000][gc,heap     ] GC(20) Humongous regions: 129->129
[2025-02-11T05:59:21.490+0000][gc,metaspace] GC(20) Metaspace: 42944K(43584K)->42944K(43584K) NonClass: 38052K(38400K)->38052K(38400K) Class: 4891K(5184K)->4891K(5184K)
[2025-02-11T05:59:21.490+0000][gc          ] GC(20) Pause Young (Normal) (G1 Evacuation Pause) 244M->174M(1024M) 10.869ms
[2025-02-11T05:59:21.490+0000][gc,cpu      ] GC(20) User=0.03s Sys=0.00s Real=0.01s
[2025-02-11T05:59:46.372+0000][gc,start    ] GC(21) Pause Young (Normal) (G1 Evacuation Pause)
[2025-02-11T05:59:46.372+0000][gc,task     ] GC(21) Using 4 workers of 4 for evacuation
[2025-02-11T05:59:46.385+0000][gc,phases   ] GC(21)   Pre Evacuate Collection Set: 0.4ms
[2025-02-11T05:59:46.385+0000][gc,phases   ] GC(21)   Merge Heap Roots: 0.2ms
[2025-02-11T05:59:46.385+0000][gc,phases   ] GC(21)   Evacuate Collection Set: 11.3ms
[2025-02-11T05:59:46.385+0000][gc,phases   ] GC(21)   Post Evacuate Collection Set: 1.0ms
[2025-02-11T05:59:46.385+0000][gc,phases   ] GC(21)   Other: 0.1ms
[2025-02-11T05:59:46.385+0000][gc,heap     ] GC(21) Eden regions: 70->0(73)
[2025-02-11T05:59:46.385+0000][gc,heap     ] GC(21) Survivor regions: 6->7(10)
[2025-02-11T05:59:46.385+0000][gc,heap     ] GC(21) Old regions: 40->42
[2025-02-11T05:59:46.385+0000][gc,heap     ] GC(21) Humongous regions: 129->129
[2025-02-11T05:59:46.385+0000][gc,metaspace] GC(21) Metaspace: 42948K(43584K)->42948K(43584K) NonClass: 38056K(38400K)->38056K(38400K) Class: 4891K(5184K)->4891K(5184K)
[2025-02-11T05:59:46.385+0000][gc          ] GC(21) Pause Young (Normal) (G1 Evacuation Pause) 244M->176M(1024M) 13.344ms
[2025-02-11T05:59:46.386+0000][gc,cpu      ] GC(21) User=0.04s Sys=0.00s Real=0.02s
[2025-02-11T06:00:03.312+0000][gc,start    ] GC(22) Pause Young (Normal) (G1 Evacuation Pause)
[2025-02-11T06:00:03.312+0000][gc,task     ] GC(22) Using 4 workers of 4 for evacuation
[2025-02-11T06:00:03.328+0000][gc,phases   ] GC(22)   Pre Evacuate Collection Set: 0.5ms
[2025-02-11T06:00:03.328+0000][gc,phases   ] GC(22)   Merge Heap Roots: 0.3ms
[2025-02-11T06:00:03.328+0000][gc,phases   ] GC(22)   Evacuate Collection Set: 14.3ms
[2025-02-11T06:00:03.328+0000][gc,phases   ] GC(22)   Post Evacuate Collection Set: 0.7ms
[2025-02-11T06:00:03.328+0000][gc,phases   ] GC(22)   Other: 0.1ms
[2025-02-11T06:00:03.328+0000][gc,heap     ] GC(22) Eden regions: 64->0(112)
[2025-02-11T06:00:03.328+0000][gc,heap     ] GC(22) Survivor regions: 7->6(9)
[2025-02-11T06:00:03.328+0000][gc,heap     ] GC(22) Old regions: 42->43
[2025-02-11T06:00:03.328+0000][gc,heap     ] GC(22) Humongous regions: 129->129
[2025-02-11T06:00:03.328+0000][gc,metaspace] GC(22) Metaspace: 42948K(43584K)->42948K(43584K) NonClass: 38056K(38400K)->38056K(38400K) Class: 4891K(5184K)->4891K(5184K)
[2025-02-11T06:00:03.328+0000][gc          ] GC(22) Pause Young (Normal) (G1 Evacuation Pause) 240M->176M(1024M) 16.141ms
[2025-02-11T06:00:03.328+0000][gc,cpu      ] GC(22) User=0.04s Sys=0.00s Real=0.02s
[2025-02-11T06:00:37.950+0000][gc,start    ] GC(23) Pause Young (Normal) (G1 Evacuation Pause)
[2025-02-11T06:00:37.950+0000][gc,task     ] GC(23) Using 4 workers of 4 for evacuation
[2025-02-11T06:00:37.964+0000][gc,phases   ] GC(23)   Pre Evacuate Collection Set: 0.4ms
[2025-02-11T06:00:37.964+0000][gc,phases   ] GC(23)   Merge Heap Roots: 0.2ms
[2025-02-11T06:00:37.964+0000][gc,phases   ] GC(23)   Evacuate Collection Set: 12.2ms
[2025-02-11T06:00:37.964+0000][gc,phases   ] GC(23)   Post Evacuate Collection Set: 0.7ms
[2025-02-11T06:00:37.964+0000][gc,phases   ] GC(23)   Other: 0.2ms
[2025-02-11T06:00:37.964+0000][gc,heap     ] GC(23) Eden regions: 100->0(102)
[2025-02-11T06:00:37.964+0000][gc,heap     ] GC(23) Survivor regions: 6->8(14)
[2025-02-11T06:00:37.964+0000][gc,heap     ] GC(23) Old regions: 43->43
[2025-02-11T06:00:37.964+0000][gc,heap     ] GC(23) Humongous regions: 129->129
[2025-02-11T06:00:37.964+0000][gc,metaspace] GC(23) Metaspace: 42952K(43584K)->42952K(43584K) NonClass: 38060K(38400K)->38060K(38400K) Class: 4891K(5184K)->4891K(5184K)
[2025-02-11T06:00:37.964+0000][gc          ] GC(23) Pause Young (Normal) (G1 Evacuation Pause) 276M->178M(1024M) 13.916ms
[2025-02-11T06:00:37.964+0000][gc,cpu      ] GC(23) User=0.04s Sys=0.01s Real=0.02s
[2025-02-11T06:01:02.925+0000][gc,start    ] GC(24) Pause Young (Normal) (G1 Evacuation Pause)
[2025-02-11T06:01:02.925+0000][gc,task     ] GC(24) Using 4 workers of 4 for evacuation
[2025-02-11T06:01:02.941+0000][gc,phases   ] GC(24)   Pre Evacuate Collection Set: 0.4ms
[2025-02-11T06:01:02.941+0000][gc,phases   ] GC(24)   Merge Heap Roots: 0.3ms
[2025-02-11T06:01:02.941+0000][gc,phases   ] GC(24)   Evacuate Collection Set: 14.6ms
[2025-02-11T06:01:02.941+0000][gc,phases   ] GC(24)   Post Evacuate Collection Set: 0.7ms
[2025-02-11T06:01:02.941+0000][gc,phases   ] GC(24)   Other: 0.1ms
[2025-02-11T06:01:02.941+0000][gc,heap     ] GC(24) Eden regions: 105->0(88)
[2025-02-11T06:01:02.941+0000][gc,heap     ] GC(24) Survivor regions: 8->9(15)
[2025-02-11T06:01:02.941+0000][gc,heap     ] GC(24) Old regions: 43->43
[2025-02-11T06:01:02.941+0000][gc,heap     ] GC(24) Humongous regions: 129->129
[2025-02-11T06:01:02.941+0000][gc,metaspace] GC(24) Metaspace: 42954K(43584K)->42954K(43584K) NonClass: 38062K(38400K)->38062K(38400K) Class: 4891K(5184K)->4891K(5184K)
[2025-02-11T06:01:02.941+0000][gc          ] GC(24) Pause Young (Normal) (G1 Evacuation Pause) 283M->179M(1024M) 16.409ms
[2025-02-11T06:01:02.941+0000][gc,cpu      ] GC(24) User=0.04s Sys=0.01s Real=0.01s
[2025-02-11T06:01:23.386+0000][gc,start    ] GC(25) Pause Young (Normal) (G1 Evacuation Pause)
[2025-02-11T06:01:23.386+0000][gc,task     ] GC(25) Using 4 workers of 4 for evacuation
[2025-02-11T06:01:23.402+0000][gc,phases   ] GC(25)   Pre Evacuate Collection Set: 0.7ms
[2025-02-11T06:01:23.402+0000][gc,phases   ] GC(25)   Merge Heap Roots: 0.2ms
[2025-02-11T06:01:23.402+0000][gc,phases   ] GC(25)   Evacuate Collection Set: 13.6ms
[2025-02-11T06:01:23.402+0000][gc,phases   ] GC(25)   Post Evacuate Collection Set: 0.8ms
[2025-02-11T06:01:23.402+0000][gc,phases   ] GC(25)   Other: 0.2ms
[2025-02-11T06:01:23.402+0000][gc,heap     ] GC(25) Eden regions: 88->0(138)
[2025-02-11T06:01:23.402+0000][gc,heap     ] GC(25) Survivor regions: 9->7(13)
[2025-02-11T06:01:23.402+0000][gc,heap     ] GC(25) Old regions: 43->45
[2025-02-11T06:01:23.402+0000][gc,heap     ] GC(25) Humongous regions: 129->129
[2025-02-11T06:01:23.402+0000][gc,metaspace] GC(25) Metaspace: 42954K(43584K)->42954K(43584K) NonClass: 38062K(38400K)->38062K(38400K) Class: 4891K(5184K)->4891K(5184K)
[2025-02-11T06:01:23.402+0000][gc          ] GC(25) Pause Young (Normal) (G1 Evacuation Pause) 267M->180M(1024M) 15.773ms
[2025-02-11T06:01:23.402+0000][gc,cpu      ] GC(25) User=0.06s Sys=0.00s Real=0.01s
[2025-02-11T06:01:55.252+0000][gc,start    ] GC(26) Pause Young (Normal) (G1 Evacuation Pause)
[2025-02-11T06:01:55.252+0000][gc,task     ] GC(26) Using 4 workers of 4 for evacuation
[2025-02-11T06:01:55.269+0000][gc,phases   ] GC(26)   Pre Evacuate Collection Set: 0.6ms
[2025-02-11T06:01:55.269+0000][gc,phases   ] GC(26)   Merge Heap Roots: 0.2ms
[2025-02-11T06:01:55.269+0000][gc,phases   ] GC(26)   Evacuate Collection Set: 15.5ms
[2025-02-11T06:01:55.269+0000][gc,phases   ] GC(26)   Post Evacuate Collection Set: 1.0ms
[2025-02-11T06:01:55.269+0000][gc,phases   ] GC(26)   Other: 0.1ms
[2025-02-11T06:01:55.269+0000][gc,heap     ] GC(26) Eden regions: 138->0(73)
[2025-02-11T06:01:55.270+0000][gc,heap     ] GC(26) Survivor regions: 7->9(19)
[2025-02-11T06:01:55.270+0000][gc,heap     ] GC(26) Old regions: 45->45
[2025-02-11T06:01:55.270+0000][gc,heap     ] GC(26) Humongous regions: 129->129
[2025-02-11T06:01:55.270+0000][gc,metaspace] GC(26) Metaspace: 42958K(43648K)->42958K(43648K) NonClass: 38066K(38464K)->38066K(38464K) Class: 4891K(5184K)->4891K(5184K)
[2025-02-11T06:01:55.270+0000][gc          ] GC(26) Pause Young (Normal) (G1 Evacuation Pause) 318M->181M(1024M) 17.758ms
[2025-02-11T06:01:55.270+0000][gc,cpu      ] GC(26) User=0.06s Sys=0.00s Real=0.02s
[2025-02-11T06:02:15.036+0000][gc,start    ] GC(27) Pause Young (Normal) (G1 Evacuation Pause)
[2025-02-11T06:02:15.036+0000][gc,task     ] GC(27) Using 4 workers of 4 for evacuation
[2025-02-11T06:02:15.052+0000][gc,phases   ] GC(27)   Pre Evacuate Collection Set: 0.6ms
[2025-02-11T06:02:15.052+0000][gc,phases   ] GC(27)   Merge Heap Roots: 0.2ms
[2025-02-11T06:02:15.052+0000][gc,phases   ] GC(27)   Evacuate Collection Set: 13.4ms
[2025-02-11T06:02:15.052+0000][gc,phases   ] GC(27)   Post Evacuate Collection Set: 1.1ms
[2025-02-11T06:02:15.052+0000][gc,phases   ] GC(27)   Other: 0.1ms
[2025-02-11T06:02:15.052+0000][gc,heap     ] GC(27) Eden regions: 84->0(142)
[2025-02-11T06:02:15.052+0000][gc,heap     ] GC(27) Survivor regions: 9->8(12)
[2025-02-11T06:02:15.052+0000][gc,heap     ] GC(27) Old regions: 45->47
[2025-02-11T06:02:15.052+0000][gc,heap     ] GC(27) Humongous regions: 129->129
[2025-02-11T06:02:15.052+0000][gc,metaspace] GC(27) Metaspace: 42963K(43648K)->42963K(43648K) NonClass: 38071K(38464K)->38071K(38464K) Class: 4891K(5184K)->4891K(5184K)
[2025-02-11T06:02:15.052+0000][gc          ] GC(27) Pause Young (Normal) (G1 Evacuation Pause) 265M->182M(1024M) 15.700ms
[2025-02-11T06:02:15.052+0000][gc,cpu      ] GC(27) User=0.05s Sys=0.00s Real=0.01s
[2025-02-11T06:02:47.129+0000][gc,start    ] GC(28) Pause Young (Normal) (G1 Evacuation Pause)
[2025-02-11T06:02:47.129+0000][gc,task     ] GC(28) Using 4 workers of 4 for evacuation
[2025-02-11T06:02:47.146+0000][gc,phases   ] GC(28)   Pre Evacuate Collection Set: 0.5ms
[2025-02-11T06:02:47.146+0000][gc,phases   ] GC(28)   Merge Heap Roots: 0.3ms
[2025-02-11T06:02:47.146+0000][gc,phases   ] GC(28)   Evacuate Collection Set: 15.0ms
[2025-02-11T06:02:47.146+0000][gc,phases   ] GC(28)   Post Evacuate Collection Set: 0.8ms
[2025-02-11T06:02:47.146+0000][gc,phases   ] GC(28)   Other: 0.1ms
[2025-02-11T06:02:47.146+0000][gc,heap     ] GC(28) Eden regions: 136->0(146)
[2025-02-11T06:02:47.146+0000][gc,heap     ] GC(28) Survivor regions: 8->9(18)
[2025-02-11T06:02:47.146+0000][gc,heap     ] GC(28) Old regions: 47->47
[2025-02-11T06:02:47.146+0000][gc,heap     ] GC(28) Humongous regions: 129->129
[2025-02-11T06:02:47.146+0000][gc,metaspace] GC(28) Metaspace: 42967K(43648K)->42967K(43648K) NonClass: 38075K(38464K)->38075K(38464K) Class: 4891K(5184K)->4891K(5184K)
[2025-02-11T06:02:47.146+0000][gc          ] GC(28) Pause Young (Normal) (G1 Evacuation Pause) 318M->183M(1024M) 16.976ms
[2025-02-11T06:02:47.146+0000][gc,cpu      ] GC(28) User=0.05s Sys=0.00s Real=0.02s
[2025-02-11T06:08:17.701+0000][gc,heap,exit] Heap
[2025-02-11T06:08:17.701+0000][gc,heap,exit]  garbage-first heap   total 1048576K, used 298483K [0x00000000c0000000, 0x0000000100000000)
[2025-02-11T06:08:17.701+0000][gc,heap,exit]   region size 1024K, 117 young (119808K), 9 survivors (9216K)
[2025-02-11T06:08:17.701+0000][gc,heap,exit]  Metaspace       used 43655K, committed 44352K, reserved 1114112K
[2025-02-11T06:08:17.701+0000][gc,heap,exit]   class space    used 5045K, committed 5376K, reserved 1048576K
