[2025-02-10T13:23:13.597+0000][gc,init] CardTable entry size: 512
[2025-02-10T13:23:13.598+0000][gc     ] Using G1
[2025-02-10T13:23:13.606+0000][gc,init] Version: 21.0.5+11-Ubuntu-1ubuntu124.04 (release)
[2025-02-10T13:23:13.606+0000][gc,init] CPUs: 2 total, 2 available
[2025-02-10T13:23:13.606+0000][gc,init] Memory: 7950M
[2025-02-10T13:23:13.606+0000][gc,init] Large Page Support: Disabled
[2025-02-10T13:23:13.606+0000][gc,init] NUMA Support: Disabled
[2025-02-10T13:23:13.606+0000][gc,init] Compressed Oops: Enabled (32-bit)
[2025-02-10T13:23:13.606+0000][gc,init] Heap Region Size: 1M
[2025-02-10T13:23:13.606+0000][gc,init] Heap Min Capacity: 512M
[2025-02-10T13:23:13.606+0000][gc,init] Heap Initial Capacity: 512M
[2025-02-10T13:23:13.606+0000][gc,init] Heap Max Capacity: 512M
[2025-02-10T13:23:13.606+0000][gc,init] Pre-touch: Disabled
[2025-02-10T13:23:13.606+0000][gc,init] Parallel Workers: 2
[2025-02-10T13:23:13.606+0000][gc,init] Concurrent Workers: 1
[2025-02-10T13:23:13.606+0000][gc,init] Concurrent Refinement Workers: 2
[2025-02-10T13:23:13.606+0000][gc,init] Periodic GC: Disabled
[2025-02-10T13:23:13.616+0000][gc,metaspace] CDS archive(s) mapped at: [0x000079138b000000-0x000079138bc97000-0x000079138bc97000), size 13201408, SharedBaseAddress: 0x000079138b000000, ArchiveRelocationMode: 1.
[2025-02-10T13:23:13.616+0000][gc,metaspace] Compressed class space mapped at: 0x000079138c000000-0x00007913cc000000, reserved size: 1073741824
[2025-02-10T13:23:13.616+0000][gc,metaspace] Narrow klass base: 0x000079138b000000, Narrow klass shift: 0, Narrow klass range: 0x100000000
[2025-02-10T13:23:50.558+0000][gc,start    ] GC(0) Pause Young (Normal) (G1 Evacuation Pause)
[2025-02-10T13:23:50.566+0000][gc,task     ] GC(0) Using 2 workers of 2 for evacuation
[2025-02-10T13:23:50.595+0000][gc,mmu      ] GC(0) MMU target violated: 21.0ms (20.0ms/21.0ms)
[2025-02-10T13:23:50.595+0000][gc,phases   ] GC(0)   Pre Evacuate Collection Set: 0.6ms
[2025-02-10T13:23:50.595+0000][gc,phases   ] GC(0)   Merge Heap Roots: 0.1ms
[2025-02-10T13:23:50.595+0000][gc,phases   ] GC(0)   Evacuate Collection Set: 26.9ms
[2025-02-10T13:23:50.595+0000][gc,phases   ] GC(0)   Post Evacuate Collection Set: 1.1ms
[2025-02-10T13:23:50.595+0000][gc,phases   ] GC(0)   Other: 7.5ms
[2025-02-10T13:23:50.595+0000][gc,heap     ] GC(0) Eden regions: 25->0(21)
[2025-02-10T13:23:50.595+0000][gc,heap     ] GC(0) Survivor regions: 0->4(4)
[2025-02-10T13:23:50.595+0000][gc,heap     ] GC(0) Old regions: 2->4
[2025-02-10T13:23:50.595+0000][gc,heap     ] GC(0) Humongous regions: 0->0
[2025-02-10T13:23:50.595+0000][gc,metaspace] GC(0) Metaspace: 8446K(8640K)->8446K(8640K) NonClass: 7568K(7680K)->7568K(7680K) Class: 877K(960K)->877K(960K)
[2025-02-10T13:23:50.595+0000][gc          ] GC(0) Pause Young (Normal) (G1 Evacuation Pause) 26M->6M(512M) 36.555ms
[2025-02-10T13:23:50.595+0000][gc,cpu      ] GC(0) User=0.02s Sys=0.01s Real=0.04s
