[2025-02-11T05:20:58.579+0000][gc,init] CardTable entry size: 512
[2025-02-11T05:20:58.580+0000][gc     ] Using G1
[2025-02-11T05:20:58.588+0000][gc,init] Version: 21.0.5+11-Ubuntu-1ubuntu124.04 (release)
[2025-02-11T05:20:58.588+0000][gc,init] CPUs: 4 total, 4 available
[2025-02-11T05:20:58.588+0000][gc,init] Memory: 16002M
[2025-02-11T05:20:58.588+0000][gc,init] Large Page Support: Disabled
[2025-02-11T05:20:58.588+0000][gc,init] NUMA Support: Disabled
[2025-02-11T05:20:58.588+0000][gc,init] Compressed Oops: Enabled (32-bit)
[2025-02-11T05:20:58.588+0000][gc,init] Heap Region Size: 1M
[2025-02-11T05:20:58.588+0000][gc,init] Heap Min Capacity: 512M
[2025-02-11T05:20:58.588+0000][gc,init] Heap Initial Capacity: 512M
[2025-02-11T05:20:58.588+0000][gc,init] Heap Max Capacity: 512M
[2025-02-11T05:20:58.588+0000][gc,init] Pre-touch: Disabled
[2025-02-11T05:20:58.588+0000][gc,init] Parallel Workers: 4
[2025-02-11T05:20:58.588+0000][gc,init] Concurrent Workers: 1
[2025-02-11T05:20:58.588+0000][gc,init] Concurrent Refinement Workers: 4
[2025-02-11T05:20:58.588+0000][gc,init] Periodic GC: Disabled
[2025-02-11T05:20:58.599+0000][gc,metaspace] CDS archive(s) mapped at: [0x000078e0d3000000-0x000078e0d3c97000-0x000078e0d3c97000), size 13201408, SharedBaseAddress: 0x000078e0d3000000, ArchiveRelocationMode: 1.
[2025-02-11T05:20:58.599+0000][gc,metaspace] Compressed class space mapped at: 0x000078e0d4000000-0x000078e114000000, reserved size: 1073741824
[2025-02-11T05:20:58.599+0000][gc,metaspace] Narrow klass base: 0x000078e0d3000000, Narrow klass shift: 0, Narrow klass range: 0x100000000
[2025-02-11T05:21:23.545+0000][gc,start    ] GC(0) Pause Young (Normal) (G1 Evacuation Pause)
[2025-02-11T05:21:23.545+0000][gc,task     ] GC(0) Using 4 workers of 4 for evacuation
[2025-02-11T05:21:23.553+0000][gc,phases   ] GC(0)   Pre Evacuate Collection Set: 0.3ms
[2025-02-11T05:21:23.553+0000][gc,phases   ] GC(0)   Merge Heap Roots: 0.1ms
[2025-02-11T05:21:23.554+0000][gc,phases   ] GC(0)   Evacuate Collection Set: 6.4ms
[2025-02-11T05:21:23.554+0000][gc,phases   ] GC(0)   Post Evacuate Collection Set: 1.2ms
[2025-02-11T05:21:23.554+0000][gc,phases   ] GC(0)   Other: 0.7ms
[2025-02-11T05:21:23.554+0000][gc,heap     ] GC(0) Eden regions: 25->0(21)
[2025-02-11T05:21:23.554+0000][gc,heap     ] GC(0) Survivor regions: 0->4(4)
[2025-02-11T05:21:23.554+0000][gc,heap     ] GC(0) Old regions: 2->4
[2025-02-11T05:21:23.554+0000][gc,heap     ] GC(0) Humongous regions: 0->0
[2025-02-11T05:21:23.554+0000][gc,metaspace] GC(0) Metaspace: 8185K(8384K)->8185K(8384K) NonClass: 7323K(7424K)->7323K(7424K) Class: 861K(960K)->861K(960K)
[2025-02-11T05:21:23.554+0000][gc          ] GC(0) Pause Young (Normal) (G1 Evacuation Pause) 26M->6M(512M) 8.949ms
[2025-02-11T05:21:23.554+0000][gc,cpu      ] GC(0) User=0.03s Sys=0.00s Real=0.01s
[2025-02-11T06:08:05.066+0000][gc,heap,exit] Heap
[2025-02-11T06:08:05.066+0000][gc,heap,exit]  garbage-first heap   total 524288K, used 14504K [0x00000000e0000000, 0x0000000100000000)
[2025-02-11T06:08:05.066+0000][gc,heap,exit]   region size 1024K, 12 young (12288K), 4 survivors (4096K)
[2025-02-11T06:08:05.066+0000][gc,heap,exit]  Metaspace       used 8883K, committed 9024K, reserved 1114112K
[2025-02-11T06:08:05.066+0000][gc,heap,exit]   class space    used 879K, committed 960K, reserved 1048576K
