[2025-02-11T08:03:17.193+0000][gc,init] CardTable entry size: 512
[2025-02-11T08:03:17.194+0000][gc     ] Using G1
[2025-02-11T08:03:17.203+0000][gc,init] Version: 21.0.5+11-Ubuntu-1ubuntu124.04 (release)
[2025-02-11T08:03:17.203+0000][gc,init] CPUs: 4 total, 4 available
[2025-02-11T08:03:17.203+0000][gc,init] Memory: 16002M
[2025-02-11T08:03:17.203+0000][gc,init] Large Page Support: Disabled
[2025-02-11T08:03:17.203+0000][gc,init] NUMA Support: Disabled
[2025-02-11T08:03:17.203+0000][gc,init] Compressed Oops: Enabled (32-bit)
[2025-02-11T08:03:17.203+0000][gc,init] Heap Region Size: 1M
[2025-02-11T08:03:17.203+0000][gc,init] Heap Min Capacity: 512M
[2025-02-11T08:03:17.203+0000][gc,init] Heap Initial Capacity: 512M
[2025-02-11T08:03:17.203+0000][gc,init] Heap Max Capacity: 512M
[2025-02-11T08:03:17.203+0000][gc,init] Pre-touch: Disabled
[2025-02-11T08:03:17.203+0000][gc,init] Parallel Workers: 4
[2025-02-11T08:03:17.203+0000][gc,init] Concurrent Workers: 1
[2025-02-11T08:03:17.203+0000][gc,init] Concurrent Refinement Workers: 4
[2025-02-11T08:03:17.203+0000][gc,init] Periodic GC: Disabled
[2025-02-11T08:03:17.214+0000][gc,metaspace] CDS archive(s) mapped at: [0x00007f282b000000-0x00007f282bc97000-0x00007f282bc97000), size 13201408, SharedBaseAddress: 0x00007f282b000000, ArchiveRelocationMode: 1.
[2025-02-11T08:03:17.214+0000][gc,metaspace] Compressed class space mapped at: 0x00007f282c000000-0x00007f286c000000, reserved size: 1073741824
[2025-02-11T08:03:17.214+0000][gc,metaspace] Narrow klass base: 0x00007f282b000000, Narrow klass shift: 0, Narrow klass range: 0x100000000
[2025-02-11T08:03:36.873+0000][gc,start    ] GC(0) Pause Young (Normal) (G1 Evacuation Pause)
[2025-02-11T08:03:36.874+0000][gc,task     ] GC(0) Using 4 workers of 4 for evacuation
[2025-02-11T08:03:36.882+0000][gc,phases   ] GC(0)   Pre Evacuate Collection Set: 0.3ms
[2025-02-11T08:03:36.882+0000][gc,phases   ] GC(0)   Merge Heap Roots: 0.1ms
[2025-02-11T08:03:36.882+0000][gc,phases   ] GC(0)   Evacuate Collection Set: 6.4ms
[2025-02-11T08:03:36.882+0000][gc,phases   ] GC(0)   Post Evacuate Collection Set: 1.0ms
[2025-02-11T08:03:36.882+0000][gc,phases   ] GC(0)   Other: 0.7ms
[2025-02-11T08:03:36.882+0000][gc,heap     ] GC(0) Eden regions: 25->0(21)
[2025-02-11T08:03:36.882+0000][gc,heap     ] GC(0) Survivor regions: 0->4(4)
[2025-02-11T08:03:36.882+0000][gc,heap     ] GC(0) Old regions: 2->4
[2025-02-11T08:03:36.882+0000][gc,heap     ] GC(0) Humongous regions: 0->0
[2025-02-11T08:03:36.882+0000][gc,metaspace] GC(0) Metaspace: 8265K(8448K)->8265K(8448K) NonClass: 7401K(7488K)->7401K(7488K) Class: 863K(960K)->863K(960K)
[2025-02-11T08:03:36.882+0000][gc          ] GC(0) Pause Young (Normal) (G1 Evacuation Pause) 26M->6M(512M) 8.896ms
[2025-02-11T08:03:36.882+0000][gc,cpu      ] GC(0) User=0.02s Sys=0.00s Real=0.00s
