[2025-02-11T12:58:12.533+0000][gc,init] CardTable entry size: 512
[2025-02-11T12:58:12.533+0000][gc     ] Using G1
[2025-02-11T12:58:12.541+0000][gc,init] Version: 21.0.5+11-Ubuntu-1ubuntu124.04 (release)
[2025-02-11T12:58:12.541+0000][gc,init] CPUs: 4 total, 4 available
[2025-02-11T12:58:12.541+0000][gc,init] Memory: 16002M
[2025-02-11T12:58:12.541+0000][gc,init] Large Page Support: Disabled
[2025-02-11T12:58:12.541+0000][gc,init] NUMA Support: Disabled
[2025-02-11T12:58:12.541+0000][gc,init] Compressed Oops: Enabled (32-bit)
[2025-02-11T12:58:12.541+0000][gc,init] Heap Region Size: 1M
[2025-02-11T12:58:12.541+0000][gc,init] Heap Min Capacity: 512M
[2025-02-11T12:58:12.541+0000][gc,init] Heap Initial Capacity: 512M
[2025-02-11T12:58:12.541+0000][gc,init] Heap Max Capacity: 512M
[2025-02-11T12:58:12.541+0000][gc,init] Pre-touch: Disabled
[2025-02-11T12:58:12.541+0000][gc,init] Parallel Workers: 4
[2025-02-11T12:58:12.541+0000][gc,init] Concurrent Workers: 1
[2025-02-11T12:58:12.541+0000][gc,init] Concurrent Refinement Workers: 4
[2025-02-11T12:58:12.541+0000][gc,init] Periodic GC: Disabled
[2025-02-11T12:58:12.551+0000][gc,metaspace] CDS archive(s) mapped at: [0x00007fdc23000000-0x00007fdc23c97000-0x00007fdc23c97000), size 13201408, SharedBaseAddress: 0x00007fdc23000000, ArchiveRelocationMode: 1.
[2025-02-11T12:58:12.551+0000][gc,metaspace] Compressed class space mapped at: 0x00007fdc24000000-0x00007fdc64000000, reserved size: 1073741824
[2025-02-11T12:58:12.551+0000][gc,metaspace] Narrow klass base: 0x00007fdc23000000, Narrow klass shift: 0, Narrow klass range: 0x100000000
[2025-02-11T12:58:37.168+0000][gc,start    ] GC(0) Pause Young (Normal) (G1 Evacuation Pause)
[2025-02-11T12:58:37.169+0000][gc,task     ] GC(0) Using 4 workers of 4 for evacuation
[2025-02-11T12:58:37.177+0000][gc,phases   ] GC(0)   Pre Evacuate Collection Set: 0.3ms
[2025-02-11T12:58:37.177+0000][gc,phases   ] GC(0)   Merge Heap Roots: 0.1ms
[2025-02-11T12:58:37.177+0000][gc,phases   ] GC(0)   Evacuate Collection Set: 6.0ms
[2025-02-11T12:58:37.177+0000][gc,phases   ] GC(0)   Post Evacuate Collection Set: 1.0ms
[2025-02-11T12:58:37.177+0000][gc,phases   ] GC(0)   Other: 0.8ms
[2025-02-11T12:58:37.177+0000][gc,heap     ] GC(0) Eden regions: 25->0(21)
[2025-02-11T12:58:37.177+0000][gc,heap     ] GC(0) Survivor regions: 0->4(4)
[2025-02-11T12:58:37.177+0000][gc,heap     ] GC(0) Old regions: 2->4
[2025-02-11T12:58:37.177+0000][gc,heap     ] GC(0) Humongous regions: 0->0
[2025-02-11T12:58:37.177+0000][gc,metaspace] GC(0) Metaspace: 8192K(8384K)->8192K(8384K) NonClass: 7330K(7424K)->7330K(7424K) Class: 861K(960K)->861K(960K)
[2025-02-11T12:58:37.177+0000][gc          ] GC(0) Pause Young (Normal) (G1 Evacuation Pause) 26M->6M(512M) 8.593ms
[2025-02-11T12:58:37.177+0000][gc,cpu      ] GC(0) User=0.02s Sys=0.00s Real=0.01s
